idcliente   nombrecliente
----------- --------------------------------------------------
242         VALENTÍN PARRA ROMÁN
328         AURELIANO MARTÍNEZ PRIETO
339         NATIVIDAD SUÁREZ AGUILAR
399         CLEOFÁS MORA RAMÍREZ
449         CIRO FERRER CARRASCO
561         NICOLÁS PEÑA MÁRQUEZ
631         OSWALDO CABRERA VEGA
922         ESTER SANTOS BLANCO
971         BLAS VÁZQUEZ IGLESIAS
1048        BERNARDA LÓPEZ CAMBIL
1137        FERNANDO HIDALGO PARRA
1168        JACINTO BLESA GARCÍA
1361        CLAUDIO MARTÍN ÁLVAREZ
1492        GUZMÁN GALLEGO HERRERA
1760        HILDEGARDA RAMOS MÁRQUEZ
1865        AGUSTÍN CASTRO NIETO
1916        VICTORIA SÁNCHEZ GARCÍA
2067        CIPRIANO RODRÍGUEZ GIL
2115        SOFÍA CAMBIL MOYA
2131        ADÓN MORENO MÉNDEZ
2194        MATILDE GONZÁLEZ CASTILLO
2211        PURIFICACIÓN SANTIAGO SÁNCHEZ
2253        ELISEO MOLINA CANO
2301        LEONOR REYES CALVO
2420        ALFONSO SANTOS HIDALGO
2428        JONÁS HERRERO CORTÉS
2862        SALOMÉ GALLARDO ARIAS
3069        IRENEO ORTIZ FUENTES
3237        ODÓN PEÑA MARTÍN
3370        LUCRECIA DURÁN IGLESIAS
3576        MONTSERRAT MEDINA LORENZO
3587        CARMEN MORENO ARIAS
3739        AMARO MORENO CAMBIL
4006        MATEO MARTÍNEZ SANTIAGO
4014        GODOFREDO GUERRERO MARTÍNEZ
4054        LINO PRIETO MUÑOZ
4313        NOÉ VÁZQUEZ VEGA
4554        VIDAL MARTÍN FERRER
4607        PETRONILA ROMERO RAMOS
4717        NOELIA GIMÉNEZ TORRES
4912        ESDRAS MONTORO VARGAS
5081        TIMOTEO DÍAZ PARRA
5148        EDUARDO PARRA NÚÑEZ
5306        AITOR CRUZ MARÍN
5409        ALBINA CARMONA SÁNCHEZ
5508        ANDREA ROMÁN VEGA
5650        CÉSAR GUERRERO GONZÁLEZ
6765        JAUME PARRA ALONSO
6779        NAZARIO ARIAS GALLARDO
6921        ARTEMIO RUBIO CAMBIL
7114        CLAUDIO CALVO CALVO
7191        VENANCIO FLORES LOZANO
7201        MARINA RUBIO REY
7234        INÉS IGLESIAS SÁEZ
7238        ANATOLIO MARÍN CABALLERO
7291        HERIBERTO CABRERA SANTANA
7419        ABSALÓN GALLARDO JIMÉNEZ
7472        TEODOSIA SERRANO RUIZ
7490        EDUARDO GIMÉNEZ DURÁN
7493        FABIOLA MOLINA MUÑOZ
7540        GISELA MARÍN SOLER
7642        BENEDICTO ARIAS ORTEGA
7785        SERGIO FERRER MARÍN
7898        BERNARDO GIL FLORES
7955        ARNALDO CRUZ HERNÁNDEZ
8114        CEFERINO FUENTES SOLER
8208        DOMINGO MORA BRAVO
8257        DACIO ESTEBAN MONTERO
8289        BARTOLOMÉ IGLESIAS MARTÍN
8417        FÁTIMA RODRÍGUEZ SUÁREZ
8610        VICENTA PASCUAL MORA
8658        ARÁNZAZU GUTIÉRREZ GÓMEZ
8678        DONATO GUERRERO RAMOS
8803        JUAN REY LOZANO
8807        FAUSTO PEÑA NÚÑEZ
8823        CARMELO TORRES IGLESIAS
8829        LIDIA HIDALGO FERNÁNDEZ
8842        BLAS SANTOS MOLINA
8875        FAUSTINO PARRA AGUILAR
8901        LINO MARTÍNEZ BLESA
8973        LEOPOLDO CRUZ CRESPO
9022        ELENA FUENTES MORENO
9023        EFRÉN SANZ MOLINA
9087        ADÁN LEÓN TORRES
9089        MATILDE CAMPOS MORENO
9130        CECILIA LORENZO MORALES
9152        MELCHOR ARIAS PASTOR
9175        MARINA MORENO CAMBIL
9344        LEONCIO CASTILLO NIETO
9589        BRUNO IBÁÑEZ MORA
9670        VANESA CABRERA GONZÁLEZ
9801        FABIOLA NIETO CRESPO
9808        ODÓN MOLINA FERRER
9877        ALEJO NAVARRO LÓPEZ
10313       ESDRAS SANTOS GALLEGO
10477       DACIO MARTÍN GUERRERO
10628       GUILLERMO VARGAS ROMÁN
11061       TOBÍAS SANTOS BLANCO
11073       ABRAHÁN LORENZO CORTÉS
11282       CIPRIANO MOYA CORTÉS
11347       EUGENIA VIDAL CRESPO
11369       SALOMÓN SÁNCHEZ IBÁÑEZ
11750       RUPERTO RODRÍGUEZ JIMÉNEZ
11802       RODRIGO GONZÁLEZ SÁNCHEZ
12012       VALENTÍN MARTÍNEZ LEÓN
12280       FABIO ALONSO FLORES
12447       NATALIA ARIAS GUERRERO
12690       PÍO LÓPEZ MOLINA
12734       ABEL GUTIÉRREZ HERRERO
13174       RENATO CABALLERO MARÍN
13441       DAMIÁN CRUZ SOLER
13686       SOLEDAD RODRÍGUEZ SERRANO
13722       VICTORINO CASTRO SOLER
14030       ALEJANDRO DURÁN IBÁÑEZ
14243       AMARO REYES DÍAZ
14305       CESÁREO CANO NAVARRO
14370       PONCIO VICENTE ARIAS
14616       CONRADO PRIETO GALLARDO
14797       FABIÁN HERNÁNDEZ BENÍTEZ
14938       JOAQUÍM CARRASCO MARTÍN

(120 rows affected)


Completion time: 2020-07-26T00:29:25.3603819-04:00
