nombrecliente
--------------------------------------------------
AARÓN ESTEBAN DURÁN
AARÓN LÓPEZ HERNÁNDEZ
ABEL CORTÉS MORA
ABEL GUTIÉRREZ HERRERO
ABELARDO DÍAZ VICENTE
ABELARDO ROMÁN FLORES
ACACIO CABRERA BRAVO
ADALBERTO CRUZ SUÁREZ
ADÁN JIMÉNEZ PRIETO
ADÁN VIDAL VARGAS
ADELA MORALES GIMÉNEZ
ADELAIDA ALONSO MÉNDEZ
ADELAIDA MEDINA CAMBIL
ADELAIDA MEDINA VARGAS
ADOLFO GARRIDO CASTRO
ADOLFO SUÁREZ DOMÍNGUEZ
ADRIÁN MUÑOZ LÓPEZ
ADRIÁN PASCUAL VARGAS
AGUSTÍN CRESPO VICENTE
AGUSTÍN NAVARRO MOLINA
AGUSTÍN NIETO RAMOS
AGUSTÍN VARGAS HERNÁNDEZ
AITOR CARRASCO ORTEGA
AITOR MORENO VEGA
AITOR VELASCO RAMÍREZ
ALBERT ALONSO TORRES
ALBERT ROMÁN MORALES
ALBERT VIDAL SOLER
ALBERTO JIMÉNEZ MONTERO
ALEJANDRA VARGAS RAMÍREZ
ALEJANDRO DURÁN IBÁÑEZ
ALEJANDRO MARTÍN IGLESIAS
ALEJANDRO MOYA NIETO
ALEJO CARRASCO CANO
ALEJO NAVARRO LÓPEZ
ALEJO PRIETO VÁZQUEZ
ALFONSO ALONSO LORENZO
ALFONSO FLORES SÁEZ
ALIPIO ARIAS ALONSO
ALIPIO LEÓN MUÑOZ
ALIPIO RUIZ LOZANO
ÁLVARO ORTEGA HIDALGO
ÁLVARO SANZ PARRA
AMADEO CARMONA MÁRQUEZ
AMADEO MORENO ARIAS
AMARO ARIAS GALLARDO
AMARO MEDINA LEÓN
AMARO MORENO GUTIÉRREZ
AMARO REYES DÍAZ
AMELIA CAMPOS HERNÁNDEZ
AMPARO MORA ARIAS
ANA HERRERO HIDALGO
ANA SOTO PÉREZ
ANANÍAS BLANCO CORTÉS
ANANÍAS LÓPEZ MOLINA
ANASTASIA SANZ FERNÁNDEZ
ANASTASIA VARGAS DÍEZ
ANATOLIO GALLARDO SERRANO
ANATOLIO ORTIZ CRESPO
ANDRÉS MORENO LOZANO
ANDRÉS REY ALONSO
ANDRÉS VICENTE DELGADO
ÁNGEL VÁZQUEZ VEGA
ÁNGELA IBÁÑEZ BRAVO
ÁNGELES CAMBIL CABALLERO
ANIANO MEDINA VELASCO
ANNA VICENTE RAMÍREZ
ANSELMO MOYA GALLARDO
ANTERO BENÍTEZ SÁNCHEZ
ANTERO CAMBIL MORA
ANTERO IBÁÑEZ SANZ
ANTONIO PRIETO MONTORO
AQUILES BLESA SOLER
AQUILES DELGADO SANZ
AQUILES MUÑOZ GALLARDO
AQUILES PÉREZ CAMPOS
ARACELI SUÁREZ PASCUAL
ARÁNZAZU ALONSO IBÁÑEZ
ARÁNZAZU ROMÁN REYES
ARCADIO BENÍTEZ VARGAS
ARIADNA ORTIZ BLANCO
ARIADNA PASTOR CRUZ
ARIADNA SANZ HIDALGO
ARISTIDES DOMÍNGUEZ VIDAL
ARNALDO NAVARRO VELASCO
ARNALDO PASCUAL HERRERO
ARTEMIO ÁLVAREZ GUERRERO
ARTEMIO DOMÍNGUEZ RUBIO
ARTURO MORA PÉREZ
ARTURO MORALES ROMÁN
ARTURO NÚÑEZ CRESPO
ASCENSIÓN MARÍN MUÑOZ
ASCENSIÓN ROMERO VARGAS
ASUNCIÓN MONTERO MOYA
ATANASIO MORA GARCÍA
AUGUSTO BENÍTEZ ROMERO
AUGUSTO MARTÍNEZ ROMERO
ÁUREA CARRASCO PRIETO
ÁUREA FERRER SANTANA
ÁUREA SÁNCHEZ NÚÑEZ
AURELIA MUÑOZ BENÍTEZ
AURELIANO DELGADO PEÑA
AURELIANO SANTANA DELGADO
AURELIO VARGAS MOLINA
AURORA ROMÁN FLORES
BALTASAR SERRANO RUIZ
BARTOLOMÉ SERRANO CARMONA
BASILEO CARMONA PRIETO
BASILEO MUÑOZ PASTOR
BEATRIZ SANZ PRIETO
BEATRIZ SOLER IBÁÑEZ
BEGOÑA CARRASCO LÓPEZ
BEGOÑA CORTÉS BLANCO
BEGOÑA LÓPEZ SERRANO
BELÉN HERNÁNDEZ ARIAS
BELÉN PASTOR SANTANA
BELTRÁN REY ROMÁN
BENITO BLESA FERRER
BENITO CASTILLO HERNÁNDEZ
BERNABÉ MEDINA CARMONA
BERNABÉ VIDAL CARRASCO
BERNARDA IBÁÑEZ TORRES
BERNARDO CABALLERO GIMÉNEZ
BLANCA LOZANO DURÁN
BLANCA PASTOR SUÁREZ
BLAS CABALLERO CALVO
BLAS CABALLERO IGLESIAS
BLAS DURÁN SERRANO
BLAS LOZANO LORENZO
BLAS MORALES SANTANA
BONIFACIO CRUZ DURÁN
BORJA FLORES PEÑA
BORJA REYES CASTILLO
BRUNO IBÁÑEZ MORA
BRUNO SANZ DOMÍNGUEZ
CALIXTO CARRASCO ROMÁN
CALIXTO MONTORO MORALES
CALIXTO NIETO LEÓN
CAMILO ARIAS VARGAS
CAMILO MARTÍNEZ CASTRO
CAMILO MEDINA MORALES
CARINA BRAVO PÉREZ
CASIANO FUENTES GIMÉNEZ
CASIMIRO FERNÁNDEZ GALLARDO
CATALINA IBÁÑEZ BLESA
CAYETANO JIMÉNEZ GARCÍA
CAYETANO ORTIZ CORTÉS
CAYO FERRER LORENZO
CAYO NÚÑEZ CABALLERO
CECILIA GARRIDO VARGAS
CEFERINO GUTIÉRREZ LEÓN
CEFERINO MORALES ROMÁN
CELINA IGLESIAS NIETO
CELSO DURÁN CANO
CELSO GIMÉNEZ FUENTES
CESÁREO CANO NAVARRO
CIPRIANO MORA LEÓN
CIPRIANO MOYA CORTÉS
CIRINO ARIAS CABALLERO
CIRO SUÁREZ MÉNDEZ
CIRO TORRES AGUILAR
CLEOFÁS CARRASCO CAMPOS
CLEOFÁS MARÍN MORA
CLOTILDE ESTEBAN BRAVO
CLOTILDE ESTEBAN LORENZO
COLOMBO SOTO MÉNDEZ
COLOMBO VICENTE GÓMEZ
COLUMBA BLANCO RODRÍGUEZ
COLUMBA CANO DELGADO
CONCEPCIÓN PASCUAL HERRERA
CONRADO CANO LOZANO
CONRADO GARRIDO FERNÁNDEZ
CONSUELO ALONSO MEDINA
CONSUELO IBÁÑEZ MORENO
CONSUELO ROMÁN CASTILLO
CONSUELO SANTIAGO HERNÁNDEZ
COSME CAMPOS ARIAS
COSME ORTIZ SANTIAGO
COSME VÁZQUEZ VÁZQUEZ
CRISTINA BLANCO HERNÁNDEZ
CRISTINA FERNÁNDEZ CARRASCO
CRISTINA HERRERO ROMERO
CRISTÓBAL GALLARDO SANTIAGO
CRISTÓBAL GIL RAMOS
DACIANO IBÁÑEZ SÁNCHEZ
DACIANO SÁNCHEZ PARRA
DACIO CAMPOS RUIZ
DACIO DELGADO FERRER
DACIO MARTÍN GUERRERO
DÁMASO BRAVO DURÁN
DÁMASO DURÁN GÓMEZ
DÁMASO HIDALGO FERRER
DÁMASO SUÁREZ DÍEZ
DÁMASO TORRES HERRERA
DAMIÁN CRUZ SOLER
DANIEL FERRER SOTO
DANIEL HERRERO RUIZ
DANIEL LOZANO GUERRERO
DARIO REYES CABRERA
DAVID GIL REYES
DAVID SOLER RUBIO
DEMÓCRITO NAVARRO JIMÉNEZ
DEMÓCRITO RUBIO VELASCO
DIMAS CABRERA ORTIZ
DIMAS MONTERO PARRA
DOLORES GONZÁLEZ CORTÉS
DONATO CABALLERO FERNÁNDEZ
DOROTEA MARÍN MONTERO
DOROTEA REY VELASCO
EDGAR MARTÍNEZ CAMBIL
EDGAR MONTERO ESTEBAN
EDMUNDO CABALLERO CANO
EDUARDO MONTERO MORALES
EDUARDO SANZ MORALES
EDUVIGIS JIMÉNEZ SERRANO
ELENA CAMPOS BRAVO
ELENA MUÑOZ BENÍTEZ
ELÍAS AGUILAR VEGA
ELÍAS ROMÁN HIDALGO
ELISA MOYA PRIETO
ELISA PÉREZ VEGA
EMILIANO JIMÉNEZ CASTILLO
EMILIANO MÉNDEZ GUTIÉRREZ
EMILIO DOMÍNGUEZ GUERRERO
EMILIO MUÑOZ MORALES
ENCARNACIÓN GALLEGO MARTÍNEZ
EPIFANÍA IGLESIAS GUERRERO
ERNESTO SOTO VEGA
ESDRAS MUÑOZ MÉNDEZ
ESDRAS SANTOS GALLEGO
ESIQUIO MARTÍN MORALES
ESIQUIO RAMÍREZ BLESA
ESPERANZA CALVO CAMPOS
ESTEBAN SÁNCHEZ GARRIDO
ESTHER CALVO FUENTES
EUGENIA NÚÑEZ RAMÍREZ
EUGENIA VIDAL CRESPO
EUSEBIO MOYA DÍEZ
EVA GARRIDO ROMERO
EZEQUIEL PARRA SANZ
EZEQUIEL VÁZQUEZ LEÓN
FABIO ALONSO FLORES
FABIO LEÓN PEÑA
FABIOLA NIETO CRESPO
FACUNDO JIMÉNEZ MARÍN
FACUNDO REY MUÑOZ
FAUSTINO CABALLERO LEÓN
FAUSTINO DÍAZ ROMÁN
FAUSTINO FUENTES BENÍTEZ
FAUSTINO VICENTE SERRANO
FAUSTO MUÑOZ MÉNDEZ
FAUSTO PRIETO MÁRQUEZ
FEDERICO CRESPO NIETO
FELICIANO SERRANO FERRER
FELIPE VIDAL CANO
FÉLIX PASTOR FUENTES
FERNANDO IGLESIAS AGUILAR
FIDEL CRESPO BENÍTEZ
FORTUNATO REYES HERRERA
FRANCESC CAMPOS ESTEBAN
GEMA GUERRERO HERRERO
GENOVEVA RUBIO GARRIDO
GERMÁN SANZ ROMÁN
GERTRUDIS IBÁÑEZ ARIAS
GERTRUDIS MOLINA ARIAS
GODOFREDO MONTORO MÁRQUEZ
GODOFREDO SOTO SOTO
GONZALO GIMÉNEZ SOTO
GONZALO MOLINA CASTRO
GONZALO MONTERO BRAVO
GREGORIO GIL VICENTE
GUADALUPE DOMÍNGUEZ DÍAZ
GUADALUPE SOTO CABRERA
GUIDO GÓMEZ MONTORO
GUILLERMO SANZ FERNÁNDEZ
GUSTAVO NÚÑEZ CASTILLO
GUSTAVO REYES VÁZQUEZ
GUZMÁN MONTORO DURÁN
GUZMÁN ORTIZ PARRA
GUZMÁN PEÑA GÓMEZ
HÉCTOR LEÓN CAMPOS
HÉCTOR MARTÍNEZ MOLINA
HELIODORO BRAVO VIDAL
HELIODORO CORTÉS BLESA
HELIODORO SÁNCHEZ SOLER
HELIODORO VIDAL SOTO
HERACLIO AGUILAR ORTIZ
HERIBERTO FERNÁNDEZ CASTRO
HILARIÓN PARRA SANZ
HILARIÓN PEÑA RUIZ
HILDEGARDA ORTIZ RAMÍREZ
HILDEGARDA SUÁREZ CRESPO
HOMERO GIMÉNEZ CRESPO
HOMERO SANTANA VELASCO
HOMERO VICENTE MÉNDEZ
HONORATO BENÍTEZ GUERRERO
HONORATO MARÍN HERRERA
HONORIO PASCUAL MORALES
HUMBERTO VELASCO JIMÉNEZ
IGNACIO GUERRERO MÁRQUEZ
IGNACIO HERRERO ALONSO
ILDEFONSO GARCÍA CORTÉS
INÉS MONTERO CABRERA
INÉS RUBIO MONTERO
INÉS VEGA CRUZ
INOCENCIO ALONSO CARRASCO
INOCENCIO RAMOS SOTO
IRENE LÓPEZ MARÍN
IRENEO LORENZO DOMÍNGUEZ
ISAAC PÉREZ MEDINA
ISABEL VARGAS MEDINA
ISAÍAS PRIETO LEÓN
ISIDRO GARCÍA MORENO
ISIDRO SANTANA BLESA
ISMAEL HERNÁNDEZ DOMÍNGUEZ
ISMAEL IGLESIAS ÁLVAREZ
ISMAEL PÉREZ MARÍN
ISMAEL SANTANA HERRERA
IVÁN GALLEGO RAMOS
IVÁN GUTIÉRREZ CORTÉS
IVÁN VICENTE NAVARRO
JACOB MONTERO VELASCO
JACOBO PARRA ORTEGA
JACOBO SERRANO ORTIZ
JAIME CORTÉS MÁRQUEZ
JAIME DÍAZ LORENZO
JAIME PASTOR MARTÍNEZ
JAUME MÁRQUEZ VIDAL
JAUME SÁNCHEZ ORTIZ
JERÓNIMO CABRERA MÁRQUEZ
JOAQUÍM DÍEZ VIDAL
JOAQUÍN DOMÍNGUEZ SANZ
JOAQUÍN VEGA SOTO
JOEL MARTÍN RUIZ
JONÁS FERNÁNDEZ GARRIDO
JONÁS VIDAL DÍAZ
JONATHAN VELASCO RAMOS
JORGE RODRÍGUEZ BRAVO
JORGE SANTOS ÁLVAREZ
JOSÉ CRUZ MARÍN
JOSÉ MORA VELASCO
JOSEFA MONTERO VELASCO
JOSEP PÉREZ NIETO
JOSEP RODRÍGUEZ SOTO
JOSUÉ DELGADO PRIETO
JOSUÉ VEGA GALLEGO
JULIÁN NAVARRO LOZANO
JULIÁN PARRA CAMPOS
JULIÁN SANTANA VÁZQUEZ
JULIO CABRERA FERRER
JULIO GUTIÉRREZ ORTEGA
JUSTINO GUTIÉRREZ DURÁN
JUSTINO HERRERA LÓPEZ
JUSTINO MÁRQUEZ LOZANO
JUVENAL VELASCO MOYA
LAUREANO BLANCO LEÓN
LAUREANO GUERRERO ORTIZ
LAUREANO MUÑOZ ESTEBAN
LEANDRO FUENTES SANTOS
LEANDRO SANTIAGO SANZ
LEÓN HERRERA VELASCO
LEONARDO CRESPO PÉREZ
LEONARDO NÚÑEZ FERRER
LEONARDO PASTOR BENÍTEZ
LEONARDO REYES DOMÍNGUEZ
LEONCIO SÁEZ MÁRQUEZ
LEONOR SOTO MEDINA
LIDIA LORENZO MORALES
LIDIA ROMÁN CALVO
LIDUVINA MARTÍNEZ GARCÍA
LIDUVINA TORRES CARMONA
LINO CRESPO REY
LINO CRUZ TORRES
LINO ESTEBAN DÍAZ
LINO LORENZO GARRIDO
LINO SOTO ALONSO
LORENZO GALLARDO CARMONA
LORENZO ORTEGA SERRANO
LUCAS CORTÉS VIDAL
LUCÍA GARRIDO SÁNCHEZ
LUCÍA IGLESIAS GIMÉNEZ
LUCIANO PÉREZ VEGA
LUCRECIA CRESPO LORENZO
LUCRECIA NAVARRO TORRES
LUCRECIA PARRA LEÓN
LUIS CABALLERO GUTIÉRREZ
LUIS GUERRERO VIDAL
LUISA CARRASCO LEÓN
LUZ GARRIDO LÓPEZ
LUZ MARTÍNEZ BLANCO
LUZ ROMERO BENÍTEZ
LUZ SOLER CRESPO
MANUEL GARCÍA ARIAS
MANUELA PRIETO CAMBIL
MARC BENÍTEZ VEGA
MARC CAMPOS SANTIAGO
MARC IGLESIAS LORENZO
MARCIANO LOZANO SANTOS
MARCIANO MONTERO SANTANA
MARCOS GALLARDO DOMÍNGUEZ
MARINA FLORES MÉNDEZ
MARIO HERRERA PÉREZ
MARTA NÚÑEZ IGLESIAS
MARTA SANTANA RODRÍGUEZ
MARTÍN GUERRERO MUÑOZ
MATÍAS HIDALGO VARGAS
MATÍAS MARÍN ESTEBAN
MATILDE PEÑA GUTIÉRREZ
MAURICIO CABALLERO ALONSO
MAURICIO GÓMEZ DURÁN
MAURICIO IGLESIAS ROMERO
MAXIMILIANO MARÍN FERNÁNDEZ
MAXIMILIANO REY RODRÍGUEZ
MELCHOR RAMOS MOYA
MERCEDES SOTO VICENTE
MIGUEL LEÓN PARRA
MIGUEL PÉREZ VIDAL
MIGUEL ROMÁN ROMÁN
MILAGROS CARRASCO MARTÍNEZ
MIQUEAS HIDALGO VIDAL
MÍRIAM CAMPOS CAMPOS
MÍRIAM ROMÁN CARRASCO
MÓNICA CASTRO CARRASCO
MONTSERRAT CARMONA AGUILAR
MONTSERRAT DURÁN MOLINA
MONTSERRAT GUTIÉRREZ GUTIÉRREZ
NARCISO HERRERA PÉREZ
NATIVIDAD MORA MEDINA
NAZARIO GALLEGO MÁRQUEZ
NAZARIO MÉNDEZ PÉREZ
NAZARIO ORTEGA CASTILLO
NEMESIO NIETO IBÁÑEZ
NICANOR DELGADO MOYA
NICANOR HERNÁNDEZ ALONSO
NICANOR LEÓN FERNÁNDEZ
NICANOR PEÑA TORRES
NICOLÁS CALVO RAMOS
NICOMEDES LORENZO GARRIDO
NICOMEDES ROMÁN DELGADO
NIEVES ARIAS DÍAZ
NIEVES GONZÁLEZ MEDINA
NOÉ ROMÁN MORENO
NOELIA CASTRO MOLINA
NORBERTO BRAVO PASTOR
ODÓN MOLINA FERRER
OLGA GIMÉNEZ FERNÁNDEZ
ONÉSIMO BLESA NÚÑEZ
ONÉSIMO SANZ SOTO
ORESTES RAMÍREZ IBÁÑEZ
ORIOL REYES CALVO
OSCAR HERRERO SERRANO
ÓSCAR MÁRQUEZ SANZ
OTILIA HERNÁNDEZ RUBIO
OTO IGLESIAS CORTÉS
PABLO ALONSO GIMÉNEZ
PASCUAL GIMÉNEZ GARRIDO
PASCUAL LORENZO VEGA
PASCUAL VIDAL ORTIZ
PATRICIO CAMPOS GONZÁLEZ
PATRICIO MÁRQUEZ LEÓN
PAULA MONTERO LEÓN
PAULA MONTERO ROMÁN
PAULA REY MORENO
PEDRO MORA GONZÁLEZ
PILAR NIETO GIMÉNEZ
PÍO LÓPEZ MOLINA
PONCIO CAMBIL GÓMEZ
PONCIO LEÓN ALONSO
PONCIO SANTANA LÓPEZ
PORFIRIO IGLESIAS REY
PROBO RAMOS ARIAS
PURIFICACIÓN CARMONA MONTERO
PURIFICACIÓN ESTEBAN VICENTE
RAIMUNDO ALONSO VARGAS
RAIMUNDO GUERRERO FUENTES
RAIMUNDO MOYA RAMÍREZ
RAMIRO NAVARRO LOZANO
RAMÓN CABRERA SÁEZ
RAQUEL PEÑA CRUZ
RAÚL ÁLVAREZ LEÓN
RAÚL CARRASCO PASCUAL
RAÚL FLORES GIL
RAÚL GARRIDO BENÍTEZ
REBECA RAMOS LOZANO
REBECA SOLER MOLINA
REINALDO SOTO RUIZ
REMEDIOS LORENZO PASCUAL
RICARDO ORTIZ RAMOS
RIGOBERTO SANTANA BENÍTEZ
RIGOBERTO SANZ ROMERO
RIGOBERTO SUÁREZ FUENTES
RITA VELASCO DURÁN
ROBERTO VELASCO SOTO
ROCÍO PRIETO CASTILLO
RODRIGO DÍAZ CABRERA
RODRIGO FUENTES VÁZQUEZ
RODRIGO GONZÁLEZ SÁNCHEZ
RODRIGO REYES ORTEGA
RODRIGO VELASCO MARTÍNEZ
ROGELIO CASTILLO PASCUAL
ROMÁN LÓPEZ BLANCO
ROMUALDO PEÑA DELGADO
ROQUE SÁNCHEZ FUENTES
ROSA MOYA SÁNCHEZ
ROSALIA HERNÁNDEZ FERNÁNDEZ
ROSALIA MORA VARGAS
ROSALIA PEÑA MEDINA
ROSARIO REYES JIMÉNEZ
ROSARIO TORRES MARÍN
ROSENDO VELASCO VÁZQUEZ
RUFO MORENO RAMÍREZ
RUFO ORTIZ RAMOS
RUPERTO RODRÍGUEZ JIMÉNEZ
SALOMÉ TORRES MÉNDEZ
SALOMÓN DOMÍNGUEZ CASTRO
SALOMÓN REYES DELGADO
SALOMÓN SÁNCHEZ IBÁÑEZ
SALVADOR CASTILLO SÁEZ
SALVIO LORENZO FUENTES
SAMUEL PEÑA ALONSO
SANDRA REY SANZ
SANSÓN GARCÍA GIL
SANSÓN GIMÉNEZ BRAVO
SANTIAGO CASTILLO NAVARRO
SEBASTIÁN CALVO FUENTES
SEBASTIÁN IBÁÑEZ FUENTES
SEBASTIÁN PARRA GARRIDO
SEBASTIÁN RUIZ DÍEZ
SEGISMUNDO CARMONA MONTERO
SEGISMUNDO LORENZO GALLEGO
SEGISMUNDO PEÑA CARMONA
SEGISMUNDO VELASCO FERRER
SERGIO JIMÉNEZ SÁNCHEZ
SERGIO PASCUAL MARTÍNEZ
SEVERINO CABRERA PEÑA
SILVIA AGUILAR CRUZ
SILVIA MÉNDEZ CALVO
SIMEÓN ARIAS REYES
SIMEÓN FLORES RAMÍREZ
SIMEÓN GÓMEZ IGLESIAS
SIMEÓN MEDINA GIL
SIMÓN VELASCO CABALLERO
SIRO LÓPEZ IBÁÑEZ
SIXTO GIMÉNEZ VICENTE
SOLEDAD DOMÍNGUEZ FUENTES
SOLEDAD ESTEBAN HIDALGO
SUSANA CASTILLO MARTÍNEZ
TADEO FERNÁNDEZ SOLER
TADEO MÉNDEZ MARTÍNEZ
TARSICIO CASTILLO SOTO
TEODORA BENÍTEZ CAMPOS
TEODOSIA IBÁÑEZ VARGAS
TEÓFANES MORENO VELASCO
TERESA BENÍTEZ GARCÍA
TIMOTEO LOZANO HERNÁNDEZ
TITO CORTÉS CANO
TOBÍAS SANTOS BLANCO
TOMAS CAMPOS SÁNCHEZ
TOMAS DELGADO RUBIO
TOMÁS LORENZO MORA
TOMAS ROMERO FUENTES
TOMAS SANTOS FERNÁNDEZ
TORIBIO BLESA GARRIDO
URBANO MOYA MARÍN
URBANO PASCUAL ROMÁN
ÚRSULA PASTOR MORENO
VALENTÍN MARTÍNEZ LEÓN
VALERIANO LÓPEZ VEGA
VANESA BRAVO NAVARRO
VANESA CABRERA GONZÁLEZ
VANESA CASTILLO PRIETO
VELERIO PEÑA AGUILAR
VELERIO REY VICENTE
VICENTA PASCUAL ARIAS
VICENTE LOZANO SÁNCHEZ
VICENTE SANTOS VEGA
VICENTE VELASCO CANO
VÍCTOR RUBIO MONTERO
VICTORIA SANTIAGO HERRERA
VIDAL FERNÁNDEZ MORALES
VIDAL MONTERO CASTRO
VIRGILIO REYES GIL
VIRGILIO REYES SOLER
VIRGILIO VELASCO MUÑOZ
VLADIMIRO DURÁN GÓMEZ
VLADIMIRO FERNÁNDEZ VICENTE
VLADIMIRO ROMÁN CARMONA
WILFREDO GIL CRESPO
XAVIER LOZANO PÉREZ
XAVIER MARTÍN LÓPEZ
YOLANDA ÁLVAREZ SÁNCHEZ
YOLANDA MARTÍNEZ HERRERA
ZACARÍAS MONTERO MONTERO
ZACARÍAS MONTORO PEÑA

(594 rows affected)


Completion time: 2020-07-26T00:24:21.3364949-04:00
