nombrecliente                                      importe                numprestamo
-------------------------------------------------- ---------------------- -----------
AARÓN ESTEBAN DURÁN                                107651,17              P-02163
AARÓN LÓPEZ HERNÁNDEZ                              123211,43              P-00275
ABDÓN ROMERO MARTÍNEZ                              29700,18               P-03819
ABEL CORTÉS MORA                                   70502,86               P-01679
ABEL GUTIÉRREZ HERRERO                             119298,61              P-03233
ABELARDO DÍAZ VICENTE                              144873,3               P-01110
ABELARDO ROMÁN FLORES                              94820,08               P-01148
ABRAHÁN LORENZO CORTÉS                             45121,48               P-01572
ABSALÓN CRUZ SÁNCHEZ                               28769,33               P-04027
ACACIO CABRERA BRAVO                               74809,88               P-02302
ADALBERTO CRUZ SUÁREZ                              106743,57              P-03798
ADALBERTO PÉREZ MARTÍNEZ                           33564,08               P-00917
ADÁN JIMÉNEZ PRIETO                                118203,77              P-02980
ADÁN RUBIO CALVO                                   58117,35               P-02420
ADÁN VIDAL VARGAS                                  60342,87               P-00251
ADELA MÁRQUEZ ARIAS                                46399,6                P-01956
ADELA MORALES GIMÉNEZ                              137111,16              P-03811
ADELAIDA ALONSO MÉNDEZ                             78336,54               P-03900
ADELAIDA MEDINA CAMBIL                             147566,52              P-00410
ADELAIDA MEDINA VARGAS                             138966,85              P-04874
ADOLFO CARMONA ALONSO                              52640,29               P-00114
ADOLFO GARRIDO CASTRO                              113685,73              P-03854
ADOLFO SUÁREZ DOMÍNGUEZ                            126162,11              P-03525
ADRIÁN MUÑOZ LÓPEZ                                 74554,98               P-03686
ADRIÁN PASCUAL VARGAS                              106829,06              P-03183
AGUSTÍN CRESPO VICENTE                             132063,08              P-05030
AGUSTÍN FERNÁNDEZ PASCUAL                          5301,59                P-04303
AGUSTÍN NAVARRO MOLINA                             71826,18               P-02366
AGUSTÍN NIETO RAMOS                                117723,69              P-04242
AGUSTÍN VARGAS HERNÁNDEZ                           144890,9               P-03013
AITOR CARRASCO ORTEGA                              90999,81               P-01552
AITOR GUTIÉRREZ FLORES                             37766,07               P-00998
AITOR MORENO VEGA                                  113978,83              P-04798
AITOR VELASCO RAMÍREZ                              89364,44               P-01469
ALBERT ALONSO TORRES                               85961,95               P-04522
ALBERT DÍAZ NÚÑEZ                                  8958,1                 P-03475
ALBERT ROMÁN MORALES                               101195,59              P-04124
ALBERT VIDAL SOLER                                 77651,91               P-03647
ALBERTO JIMÉNEZ MONTERO                            109807,07              P-01162
ALBERTO ORTEGA ORTIZ                               22111,89               P-05002
ALBERTO ORTIZ SERRANO                              30155,43               P-05186
ALBINA CABALLERO GONZÁLEZ                          23096,17               P-03228
ALEJANDRA CASTILLO MORA                            28087,39               P-00126
ALEJANDRA SÁEZ VIDAL                               5201,34                P-02494
ALEJANDRA VARGAS RAMÍREZ                           91774,73               P-04972
ALEJANDRO DÍEZ PASCUAL                             42304,16               P-04974
ALEJANDRO DURÁN IBÁÑEZ                             80796,45               P-04529
ALEJANDRO MARTÍN IGLESIAS                          84500,69               P-03184
ALEJANDRO MOYA NIETO                               83916,95               P-00606
ALEJO CARRASCO CANO                                101575,76              P-02543
ALEJO NAVARRO LÓPEZ                                150087,87              P-00376
ALEJO PRIETO VÁZQUEZ                               137396,22              P-03800
ALFONSO ALONSO LORENZO                             68508,22               P-04524
ALFONSO FLORES SÁEZ                                73385,69               P-03062
ALFONSO GUTIÉRREZ LEÓN                             7392,17                P-00991
ALFREDO CORTÉS IGLESIAS                            4228,78                P-04209
ALIPIO ARIAS ALONSO                                119168,37              P-05150
ALIPIO LEÓN MUÑOZ                                  86170,19               P-03204
ALIPIO RUIZ LOZANO                                 62187,17               P-00227
ALONSO IGLESIAS SOLER                              22852,21               P-03724
ALONSO RUBIO REYES                                 1337,34                P-00316
ALONSO TORRES NÚÑEZ                                43297,89               P-04214
ÁLVARO ESTEBAN CAMPOS                              10991,66               P-01117
ÁLVARO MARTÍNEZ SANTANA                            6259,78                P-03583
ÁLVARO ORTEGA HIDALGO                              112032,53              P-04520
ÁLVARO SANZ PARRA                                  75984,78               P-04918
AMADEO CARMONA MÁRQUEZ                             140968,4               P-00873
AMADEO GIL LORENZO                                 1393,16                P-03827
AMADEO MORENO ARIAS                                69415,92               P-00946
AMARO ARIAS GALLARDO                               91847,3                P-03537
AMARO MEDINA LEÓN                                  102352,01              P-03126
AMARO MORENO GUTIÉRREZ                             114023,41              P-04565
AMARO REYES DÍAZ                                   64708,47               P-04742
AMBROSIO HERNÁNDEZ GIL                             42609,41               P-03695
AMELIA BRAVO LORENZO                               42258,93               P-00928
AMELIA CAMPOS HERNÁNDEZ                            113553,37              P-02162
AMELIA DELGADO VEGA                                29820,13               P-04316
AMPARO MORA ARIAS                                  118707,48              P-04891
ANA HERRERO HIDALGO                                98358,49               P-02358
ANA SOTO PÉREZ                                     125028,15              P-03687
ANANÍAS BLANCO CORTÉS                              112988,55              P-04998
ANANÍAS LÓPEZ MOLINA                               104463,04              P-03945
ANASTASIA SANZ FERNÁNDEZ                           96330,44               P-01947
ANASTASIA VARGAS DÍEZ                              135058,72              P-01924
ANASTASIA VEGA DELGADO                             27916,54               P-00358
ANATOLIO AGUILAR GÓMEZ                             54942,05               P-00744
ANATOLIO BLESA IGLESIAS                            44360,26               P-00224
ANATOLIO CAMPOS GARRIDO                            18328,24               P-05161
ANATOLIO GALLARDO SERRANO                          96614,53               P-04313
ANATOLIO ORTIZ CRESPO                              118092,94              P-00886
ANDREA FERNÁNDEZ CRUZ                              10766,19               P-02702
ANDREA GIMÉNEZ SOLER                               41785,73               P-01920
ANDREA MOYA SERRANO                                22562,91               P-04876
ANDREA RAMÍREZ AGUILAR                             22532,09               P-03604
ANDRÉS MORENO LOZANO                               73168,76               P-02429
ANDRÉS REY ALONSO                                  68560,61               P-04887
ANDRÉS VICENTE DELGADO                             91328,07               P-00363
ÁNGEL VÁZQUEZ VEGA                                 73995,99               P-01330
ÁNGELA IBÁÑEZ BRAVO                                115718,81              P-00804
ÁNGELA VIDAL HERRERA                               34843,25               P-01762
ÁNGELES CAMBIL CABALLERO                           144534,47              P-04759
ÁNGELES MORENO HIDALGO                             11627,58               P-00160
ÁNGELES SANTANA MONTERO                            5472,74                P-04710
ANIANO MEDINA VELASCO                              126934,85              P-02365
ANNA VICENTE RAMÍREZ                               93043,05               P-02655
ANSELMO MOYA GALLARDO                              66958,11               P-04609
ANSELMO MOYA IBÁÑEZ                                56808,64               P-04032
ANTERO BENÍTEZ SÁNCHEZ                             129254,78              P-00365
ANTERO CAMBIL MORA                                 60584,32               P-01496
ANTERO CANO CRESPO                                 10253,13               P-04989
ANTERO IBÁÑEZ SANZ                                 117596,82              P-02575
ANTONIA DELGADO LÓPEZ                              8547,23                P-01151
ANTONIO PRIETO MONTORO                             100860,49              P-04590
AQUILES BLESA SOLER                                137483,34              P-03370
AQUILES DELGADO SANZ                               132940,97              P-04539
AQUILES MUÑOZ GALLARDO                             62771,33               P-01421
AQUILES PÉREZ CAMPOS                               121882,55              P-02986
ARACELI CAMPOS FUENTES                             52296,09               P-01318
ARACELI IBÁÑEZ VICENTE                             7945,66                P-00029
ARACELI SUÁREZ PASCUAL                             119236,64              P-03368
ARÁNZAZU ALONSO IBÁÑEZ                             96927,64               P-01943
ARÁNZAZU MÁRQUEZ DÍAZ                              12165,56               P-03054
ARÁNZAZU ROMÁN REYES                               129014,06              P-00467
ARCADIO BENÍTEZ VARGAS                             118919,82              P-04125
ARCADIO GUERRERO MUÑOZ                             29052,67               P-03622
ARCADIO ROMÁN MOYA                                 13462,95               P-02060
ARIADNA BRAVO ESTEBAN                              44212                  P-02844
ARIADNA ORTIZ BLANCO                               99049,4                P-02313
ARIADNA PASTOR CRUZ                                122605,93              P-02407
ARIADNA SANZ HIDALGO                               77333,45               P-00168
ARIADNA SERRANO RAMOS                              59156,01               P-02863
ARISTIDES CASTRO ROMÁN                             44522,74               P-00399
ARISTIDES DOMÍNGUEZ HERRERA                        54838,2                P-04824
ARISTIDES DOMÍNGUEZ VIDAL                          79970,3                P-05175
ARNALDO DELGADO ÁLVAREZ                            26732,99               P-04038
ARNALDO NAVARRO VELASCO                            99305,35               P-02577
ARNALDO PASCUAL HERRERO                            80159,12               P-03273
ARTEMIO ÁLVAREZ GUERRERO                           128430,26              P-02115
ARTEMIO DOMÍNGUEZ RUBIO                            117373,88              P-04364
ARTURO MORA PÉREZ                                  130589,5               P-02043
ARTURO MORALES ROMÁN                               99962,51               P-04491
ARTURO NÚÑEZ CRESPO                                131813,66              P-00022
ASCENSIÓN GIMÉNEZ CANO                             38331,34               P-00497
ASCENSIÓN MARÍN MUÑOZ                              62676,14               P-04126
ASCENSIÓN ROMERO VARGAS                            75706,11               P-00950
ASUNCIÓN CANO SANTIAGO                             23674,05               P-04001
ASUNCIÓN GALLARDO GÓMEZ                            30310,31               P-00357
ASUNCIÓN MONTERO MOYA                              120947,4               P-02841
ATANASIO LEÓN DELGADO                              57240,52               P-01291
ATANASIO MORA GARCÍA                               103166,38              P-03846
AUGUSTO BENÍTEZ ROMERO                             143649,24              P-00806
AUGUSTO MARTÍNEZ ROMERO                            71023,21               P-03335
ÁUREA CARRASCO PRIETO                              132066,96              P-03463
ÁUREA FERRER SANTANA                               64837,03               P-04129
ÁUREA SÁNCHEZ NÚÑEZ                                88285,97               P-01022
AURELIA BENÍTEZ CRUZ                               11900,31               P-04525
AURELIA CRUZ HERRERO                               54406,1                P-01367
AURELIA MUÑOZ BENÍTEZ                              127195,45              P-00412
AURELIA PARRA PÉREZ                                21797,12               P-04884
AURELIANO DELGADO PEÑA                             148891,18              P-01426
AURELIANO MORA NIETO                               34529,57               P-04475
AURELIANO SANTANA DELGADO                          112516,98              P-03074
AURELIO MONTERO HERRERO                            12090,72               P-01802
AURELIO VARGAS MOLINA                              65501,6                P-05039
AURORA AGUILAR MOYA                                33688,11               P-00184
AURORA MONTERO HERRERA                             35834,38               P-00230
AURORA ROMÁN FLORES                                96372,11               P-00330
AURORA SUÁREZ BENÍTEZ                              40301,87               P-03082
BALDOMERO CASTRO TORRES                            8038,14                P-01092
BALDUINO DÍAZ MORALES                              55871,29               P-02215
BALTASAR SERRANO RUIZ                              143924,58              P-03275
BÁRBARA CALVO LOZANO                               59898,47               P-02753
BARTOLOMÉ SERRANO CARMONA                          75668,14               P-01198
BASILEO CARMONA PRIETO                             62023,23               P-04143
BASILEO MUÑOZ PASTOR                               60819,71               P-03504
BEATRIZ SANZ PRIETO                                89556,26               P-02424
BEATRIZ SOLER IBÁÑEZ                               96753,18               P-03108
BEGOÑA CARRASCO LÓPEZ                              75016,68               P-01232
BEGOÑA CORTÉS BLANCO                               105180,99              P-03941
BEGOÑA LÓPEZ SERRANO                               146656,56              P-03193
BELÉN HERNÁNDEZ ARIAS                              116835,83              P-00185
BELÉN PASTOR SANTANA                               142418,83              P-03926
BELTRÁN GARRIDO GARCÍA                             7503,97                P-03803
BELTRÁN REY ROMÁN                                  61758,58               P-05031
BENEDICTO LOZANO SÁEZ                              20644,46               P-00910
BENIGNO GONZÁLEZ DOMÍNGUEZ                         35551,53               P-01428
BENITO AGUILAR VARGAS                              11966,35               P-01562
BENITO BLESA FERRER                                119372,17              P-04176
BENITO CASTILLO HERNÁNDEZ                          137345,36              P-00529
BENJAMÍN DÍAZ BENÍTEZ                              42411,32               P-03295
BERNABÉ BLESA HERRERA                              50659,22               P-01406
BERNABÉ DÍEZ FLORES                                50297,88               P-02450
BERNABÉ LEÓN LOZANO                                14688,18               P-02930
BERNABÉ MEDINA CARMONA                             120458,91              P-05151
BERNABÉ VIDAL CARRASCO                             75174,52               P-01137
BERNARDA IBÁÑEZ TORRES                             84388,42               P-02109
BERNARDO CABALLERO GIMÉNEZ                         67185,17               P-01668
BERNARDO CRESPO NÚÑEZ                              10425,25               P-04324
BERNARDO GUERRERO GONZÁLEZ                         54639,78               P-03223
BERNARDO HERNÁNDEZ HIDALGO                         14477,21               P-01327
BLANCA LOZANO DURÁN                                86477,33               P-03585
BLANCA PASTOR SUÁREZ                               134525,82              P-03354
BLAS CABALLERO CALVO                               91628,24               P-03720
BLAS CABALLERO IGLESIAS                            68969,51               P-02604
BLAS DURÁN SERRANO                                 145094,45              P-02923
BLAS LOZANO LORENZO                                93984,85               P-04145
BLAS MORALES SANTANA                               66869,78               P-02687
BLAS PÉREZ SOLER                                   25801,91               P-03178
BLAS SOLER REY                                     45842,62               P-00572
BONIFACIO CRUZ DURÁN                               105393,65              P-04727
BORJA FLORES PEÑA                                  139945,02              P-00190
BORJA PRIETO JIMÉNEZ                               33322,16               P-03448
BORJA REYES CASTILLO                               67088,27               P-03541
BRUNO IBÁÑEZ MORA                                  132436,31              P-00088
BRUNO NAVARRO VELASCO                              54002,82               P-01322
BRUNO NIETO FLORES                                 39462,78               P-00895
BRUNO SANZ DOMÍNGUEZ                               122041,46              P-00020
CALIXTO CARRASCO ROMÁN                             126858,24              P-00089
CALIXTO MONTORO MORALES                            83275,2                P-05020
CALIXTO NIETO LEÓN                                 106752,58              P-00345
CAMILO ARIAS VARGAS                                139133,66              P-02998
CAMILO GONZÁLEZ GUERRERO                           49662,18               P-02000
CAMILO MARTÍNEZ CASTRO                             133295,31              P-00359
CAMILO MEDINA MORALES                              112765,5               P-03961
CARINA ALONSO VELASCO                              8442,83                P-03018
CARINA BRAVO PÉREZ                                 148739,74              P-00899
CARLOS GARCÍA FERRER                               2003,57                P-02177
CARLOS LÓPEZ VEGA                                  57212,17               P-01673
CAROLINA MORA MÁRQUEZ                              3480,2                 P-01795
CASIANO ALONSO MARÍN                               25581,14               P-04328
CASIANO FUENTES GIMÉNEZ                            140035,43              P-01587
CASIMIRO FERNÁNDEZ GALLARDO                        148469,96              P-00685
CASIMIRO GIL PRIETO                                47030,97               P-01104
CASIMIRO GONZÁLEZ MARÍN                            9251,58                P-03462
CASIO NIETO VEGA                                   2794,45                P-04678
CASIO SANZ DURÁN                                   46252,58               P-02894
CATALINA IBÁÑEZ BLESA                              149368,37              P-03635
CAYETANO JIMÉNEZ GARCÍA                            80518,45               P-00163
CAYETANO MUÑOZ ORTEGA                              47495,05               P-02599
CAYETANO ORTIZ CORTÉS                              93509,11               P-05075
CAYO FERNÁNDEZ CAMPOS                              27046,44               P-03346
CAYO FERRER LORENZO                                81577,23               P-04755
CAYO NÚÑEZ CABALLERO                               116637,12              P-01812
CECILIA GARRIDO VARGAS                             113570,82              P-01383
CECILIA VARGAS MUÑOZ                               3371,88                P-03672
CEFERINO GUTIÉRREZ LEÓN                            93761,64               P-04283
CEFERINO MORALES ROMÁN                             117418,98              P-01596
CELINA IGLESIAS NIETO                              88498,8                P-04643
CELINA VIDAL GARRIDO                               50772,88               P-03381
CELSO DURÁN CANO                                   95493,99               P-03110
CELSO GIMÉNEZ FUENTES                              138206,11              P-04741
CELSO VARGAS CARMONA                               8081,51                P-01512
CÉSAR GIL FERRER                                   22809,55               P-04107
CESÁREO CANO NAVARRO                               87538,58               P-04804
CESÁREO SANTOS MORA                                2984,3                 P-03391
CIPRIANO MORA LEÓN                                 134099,29              P-02315
CIPRIANO MOYA CORTÉS                               116479,28              P-01781
CIPRIANO RAMOS SOTO                                11828,65               P-01702
CIRILO VIDAL LOZANO                                27571,8                P-04465
CIRINO ARIAS CABALLERO                             106684,04              P-00423
CIRINO GÓMEZ AGUILAR                               12893,05               P-02609
CIRINO GONZÁLEZ MONTORO                            4714,78                P-01973
CIRINO MEDINA CABRERA                              4898,87                P-01626
CIRO GUTIÉRREZ DÍEZ                                18152,05               P-01652
CIRO PÉREZ LORENZO                                 39100,17               P-00162
CIRO SÁEZ NÚÑEZ                                    16189,34               P-03390
CIRO SUÁREZ MÉNDEZ                                 140925,79              P-03775
CIRO TORRES AGUILAR                                138506,3               P-02552
CLAUDIA DÍAZ HERNÁNDEZ                             33010,6                P-03280
CLAUDIA NIETO FUENTES                              22522,94               P-02399
CLAUDIA TORRES CARMONA                             15318,56               P-02839
CLAUDIO NIETO NAVARRO                              19651,39               P-00440
CLEOFÁS CARRASCO CAMPOS                            127061,24              P-00595
CLEOFÁS MARÍN MORA                                 126800,18              P-04235
CLEOFÁS NIETO GALLEGO                              32205,5                P-01540
CLEOFÁS PARRA CRESPO                               37505,28               P-04677
CLEOFÁS REYES SANZ                                 39854,32               P-01283
CLOTILDE ESTEBAN BRAVO                             130850,77              P-00077
CLOTILDE ESTEBAN LORENZO                           139490,78              P-00156
CLOTILDE NAVARRO ALONSO                            55954,13               P-03049
COLOMBO GIMÉNEZ SOLER                              52261,89               P-02401
COLOMBO LOZANO JIMÉNEZ                             24148,87               P-03330
COLOMBO MARTÍN SOLER                               39122,56               P-02507
COLOMBO SOTO MÉNDEZ                                113100,29              P-02240
COLOMBO VICENTE GÓMEZ                              131726,6               P-00425
COLUMBA BLANCO RODRÍGUEZ                           131613,23              P-01069
COLUMBA CANO DELGADO                               85229,77               P-04304
COLUMBA IBÁÑEZ SANTANA                             36856,46               P-03227
COLUMBANO ESTEBAN MORENO                           44855,52               P-05060
COLUMBANO IGLESIAS MORALES                         24903,08               P-01705
COLUMBANO SUÁREZ FLORES                            31168,72               P-04943
CONCEPCIÓN PASCUAL HERRERA                         83596,09               P-03862
CONRADO CANO LOZANO                                105479,38              P-05051
CONRADO GARRIDO FERNÁNDEZ                          89294,02               P-01255
CONRADO PARRA CRUZ                                 40785,35               P-04663
CONRADO PRIETO GALLARDO                            34135,32               P-05115
CONSTANCIO PÉREZ FLORES                            6588,19                P-04382
CONSUELO ALONSO MEDINA                             115857,66              P-01314
CONSUELO IBÁÑEZ MORENO                             89408,32               P-05183
CONSUELO REY CANO                                  3798,6                 P-04980
CONSUELO ROMÁN CASTILLO                            126844,93              P-04970
CONSUELO SANTIAGO HERNÁNDEZ                        99077,02               P-04036
COSME CAMBIL SUÁREZ                                25434,09               P-04883
COSME CAMPOS ARIAS                                 101512,41              P-00450
COSME ORTIZ SANTIAGO                               86521,87               P-01792
COSME VARGAS BLANCO                                42808,22               P-03817
COSME VÁZQUEZ VÁZQUEZ                              138594,96              P-04550
CRISTIAN CARMONA MONTORO                           53512,72               P-02718
CRISTIAN HERRERO FLORES                            19487,09               P-00861
CRISTIAN RAMOS VARGAS                              23873,23               P-00666
CRISTINA BLANCO HERNÁNDEZ                          103565,85              P-04385
CRISTINA FERNÁNDEZ CARRASCO                        118707,97              P-03966
CRISTINA FERRER GARRIDO                            37670,84               P-01648
CRISTINA HERRERO ROMERO                            124616,54              P-00060
CRISTINA REYES CARRASCO                            56646,32               P-05241
CRISTÓBAL GALLARDO SANTIAGO                        82806,67               P-03876
CRISTÓBAL GIL RAMOS                                62786,56               P-03235
CRISTÓBAL MARTÍN CAMPOS                            11470,36               P-01225
DACIANO IBÁÑEZ SÁNCHEZ                             144340                 P-04704
DACIANO NAVARRO VELASCO                            17385,25               P-00662
DACIANO SÁNCHEZ PARRA                              109089,01              P-04386
DACIO CAMPOS RUIZ                                  101817,11              P-04627
DACIO DELGADO FERRER                               76560,07               P-00459
DACIO MARTÍN GUERRERO                              123737,51              P-00976
DACIO RAMOS MORENO                                 48236,19               P-03405
DÁMASO BRAVO DURÁN                                 148639,29              P-05112
DÁMASO DURÁN GÓMEZ                                 78242,37               P-04654
DÁMASO GUTIÉRREZ CRESPO                            29179,22               P-04226
DÁMASO HIDALGO FERRER                              146002,13              P-04380
DÁMASO SUÁREZ DÍEZ                                 94995,43               P-03579
DÁMASO TORRES HERRERA                              147891,43              P-03838
DAMIÁN CRUZ SOLER                                  122152                 P-03940
DAMIÁN ORTIZ RUBIO                                 34006,27               P-04546
DANIEL FERRER SOTO                                 127172,11              P-00787
DANIEL HERRERO RUIZ                                129421,17              P-03812
DANIEL LOZANO GUERRERO                             119241,2               P-02426
DARIO REYES CABRERA                                113786,87              P-00549
DAVID GIL REYES                                    148569,57              P-01447
DAVID SOLER RUBIO                                  62777,26               P-01958
DEMÓCRITO NAVARRO JIMÉNEZ                          124732,91              P-04624
DEMÓCRITO RAMOS MÉNDEZ                             50483,06               P-03977
DEMÓCRITO RUBIO VELASCO                            134606,06              P-03836
DIEGO BLANCO GÓMEZ                                 39173,08               P-01654
DIEGO REYES VARGAS                                 16966,59               P-03716
DIEGO VEGA CORTÉS                                  57189,26               P-04788
DIMAS CABRERA ORTIZ                                80434,41               P-04072
DIMAS MONTERO PARRA                                85065,43               P-01531
DIMAS SANZ VELASCO                                 17928,36               P-01854
DIMAS TORRES CASTRO                                15554,78               P-04257
DOLORES CABRERA VARGAS                             24649,03               P-01289
DOLORES GONZÁLEZ CORTÉS                            69788,37               P-01672
DOLORES MONTORO SANTOS                             31576,52               P-04784
DOMINGO SERRANO DÍEZ                               50575,7                P-00822
DONATO CABALLERO FERNÁNDEZ                         108099,46              P-03101
DOROTEA CARRASCO ESTEBAN                           11730,37               P-00750
DOROTEA MARÍN MONTERO                              136417,18              P-00988
DOROTEA REY VELASCO                                145167,16              P-02209
EDGAR MARTÍNEZ CAMBIL                              131161,12              P-02589
EDGAR MONTERO ESTEBAN                              67294,42               P-04305
EDMUNDO CABALLERO CANO                             79842,15               P-03562
EDMUNDO RODRÍGUEZ LORENZO                          41065,55               P-01404
EDUARDO MONTERO MORALES                            66698,09               P-00577
EDUARDO SANZ MORALES                               75946,03               P-04648
EDUVIGIS JIMÉNEZ SERRANO                           148039,8               P-05082
EDUVIGIS MONTERO GÓMEZ                             29787,7                P-01955
ELENA CAMPOS BRAVO                                 150043,52              P-03522
ELENA HIDALGO VARGAS                               39654,18               P-01819
ELENA MUÑOZ BENÍTEZ                                77902,65               P-03542
ELÍAS AGUILAR VEGA                                 100258,81              P-03897
ELÍAS ALONSO MORALES                               50968,29               P-00789
ELÍAS CAMBIL MOYA                                  15496,28               P-02438
ELÍAS ROMÁN HIDALGO                                142115,3               P-04870
ELISA MOYA PRIETO                                  105882,08              P-04450
ELISA PÉREZ VEGA                                   63464,71               P-05153
ELISEO CRUZ GARCÍA                                 29980,22               P-05062
ELISEO GIMÉNEZ LOZANO                              12488,1                P-04779
EMILIA IGLESIAS SOTO                               24514,72               P-04592
EMILIANO JIMÉNEZ CASTILLO                          136040,7               P-03944
EMILIANO MÉNDEZ GUTIÉRREZ                          68494,09               P-00773
EMILIO DOMÍNGUEZ GUERRERO                          128251,51              P-00762
EMILIO MUÑOZ MORALES                               65872,48               P-00993
ENCARNACIÓN BLESA BENÍTEZ                          54947,37               P-04922
ENCARNACIÓN GALLEGO MARTÍNEZ                       114575,68              P-03560
ENCARNACIÓN GARRIDO BENÍTEZ                        11287,82               P-04933
ENRIQUE NAVARRO LEÓN                               36909,14               P-02018
EPIFANÍA IGLESIAS GUERRERO                         123029,61              P-04515
ERNESTO SOTO VEGA                                  133453,37              P-04959
ESDRAS MUÑOZ MÉNDEZ                                77487,9                P-00122
ESDRAS SANTOS GALLEGO                              74605,72               P-00812
ESIQUIO MARTÍN MORALES                             64713,32               P-03222
ESIQUIO RAMÍREZ BLESA                              139133,47              P-02993
ESPERANZA CALVO CAMPOS                             137324,1               P-04119
ESPERANZA PRIETO CAMBIL                            16261,15               P-01987
ESTEBAN PASTOR MORALES                             58579,11               P-05180
ESTEBAN SÁNCHEZ GARRIDO                            63726,16               P-01862
ESTHER CALVO FUENTES                               84621,99               P-04132
ESTHER JIMÉNEZ GÓMEZ                               28351,66               P-02217
EUGENIA ÁLVAREZ CRESPO                             28030,54               P-01758
EUGENIA ARIAS VIDAL                                33374,43               P-05077
EUGENIA NÚÑEZ RAMÍREZ                              107446,82              P-02094
EUGENIA VIDAL CRESPO                               146037,34              P-01846
EULALIA CAMPOS BRAVO                               43637,16               P-03020
EULALIA SUÁREZ SOTO                                52853,96               P-01917
EUSEBIO DOMÍNGUEZ SERRANO                          25590,77               P-03456
EUSEBIO MOYA DÍEZ                                  67251,24               P-01068
EUSEBIO NIETO CRUZ                                 16390,25               P-02156
EUSEBIO RUBIO MARÍN                                4475,75                P-03770
EVA GARRIDO ROMERO                                 67333,25               P-00495
EVA MOYA CRUZ                                      12719,45               P-00608
EVA SANTOS PASCUAL                                 54745,97               P-02832
EVARISTO MEDINA SANZ                               21648,57               P-04389
EVARISTO SOTO GARRIDO                              11406,87               P-01886
EZEQUIEL PARRA SANZ                                119343,64              P-02266
EZEQUIEL VÁZQUEZ LEÓN                              142361,2               P-02972
FABIÁN MÁRQUEZ ESTEBAN                             28162,97               P-02784
FABIO ALONSO FLORES                                106068,51              P-02779
FABIO BRAVO CALVO                                  12945,25               P-01916
FABIO LEÓN PEÑA                                    116842,34              P-00803
FABIOLA HERNÁNDEZ BENÍTEZ                          53051,71               P-03718
FABIOLA MORENO SANTANA                             58444,93               P-04024
FABIOLA NIETO CRESPO                               91941,6                P-00300
FABIOLA REYES CRUZ                                 11303,99               P-03833
FACUNDO JIMÉNEZ MARÍN                              95251,12               P-03538
FACUNDO REY MUÑOZ                                  149402,76              P-01455
FAUSTINO BLESA SUÁREZ                              24166,98               P-03442
FAUSTINO CABALLERO LEÓN                            61111,34               P-00203
FAUSTINO CRUZ ROMERO                               17137,77               P-03929
FAUSTINO DÍAZ ROMÁN                                117241,19              P-00994
FAUSTINO FUENTES BENÍTEZ                           95875,31               P-05116
FAUSTINO VICENTE SERRANO                           148996,82              P-04708
FAUSTO MUÑOZ MÉNDEZ                                141680,68              P-00419
FAUSTO PRIETO MÁRQUEZ                              84903,74               P-02772
FAUSTO RUBIO DOMÍNGUEZ                             8140,8                 P-02503
FEDERICO CRESPO NIETO                              87159,86               P-04595
FELICIANO SERRANO FERRER                           96160,03               P-01786
FELIPE VIDAL CANO                                  62463,32               P-00279
FÉLIX BENÍTEZ IGLESIAS                             13054                  P-03514
FÉLIX PASTOR FUENTES                               144916                 P-03243
FERNANDO IGLESIAS AGUILAR                          135066,66              P-03992
FIDEL CRESPO BENÍTEZ                               104835,8               P-01737
FIDEL IGLESIAS MOYA                                41224,2                P-01062
FORTUNATO HERRERA SANTANA                          12326,26               P-05069
FORTUNATO NAVARRO ALONSO                           20622,47               P-02812
FORTUNATO REYES HERRERA                            131081,82              P-04404
FRANCESC CAMPOS ESTEBAN                            132182,5               P-04594
FRANCISCA SOTO CAMBIL                              1233,27                P-03401
FRANCISCO DURÁN PASCUAL                            35214,24               P-01730
FRANCISCO LOZANO MONTORO                           34422,33               P-01394
GABRIEL CAMPOS DELGADO                             54394                  P-02417
GEMA GUERRERO HERRERO                              112033,83              P-00609
GEMA MORALES PÉREZ                                 20500,53               P-00647
GENOVEVA RUBIO GARRIDO                             134791,06              P-04505
GERARDO LOZANO PARRA                               16792,46               P-02063
GERMÁN MORA FUENTES                                10551,82               P-00021
GERMÁN SANZ ROMÁN                                  120954,25              P-03085
GERTRUDIS CABALLERO CORTÉS                         59043,68               P-05273
GERTRUDIS IBÁÑEZ ARIAS                             134886,99              P-03921
GERTRUDIS MOLINA ARIAS                             117028,49              P-01191
GISELA GIMÉNEZ BLESA                               18383,82               P-04601
GISELA SÁEZ PASCUAL                                24185,62               P-03301
GODOFREDO MONTORO MÁRQUEZ                          77684,55               P-02385
GODOFREDO MUÑOZ HERRERA                            21764,83               P-03758
GODOFREDO SERRANO IGLESIAS                         22165,24               P-00500
GODOFREDO SOTO SOTO                                62603,28               P-00659
GONZALO GIMÉNEZ SOTO                               93255,77               P-05148
GONZALO MOLINA CASTRO                              138644,44              P-04137
GONZALO MONTERO BRAVO                              139817,56              P-04650
GONZALO SÁNCHEZ VEGA                               36399,75               P-02553
GREGORIO FERRER PASCUAL                            7152,43                P-02672
GREGORIO GIL VICENTE                               100427,04              P-05076
GREGORIO PASCUAL IBÁÑEZ                            46861,37               P-02807
GUADALUPE DOMÍNGUEZ DÍAZ                           114878,71              P-03923
GUADALUPE RUBIO SERRANO                            31297,54               P-00166
GUADALUPE SOTO CABRERA                             143378,04              P-04702
GUIDO GÓMEZ MONTORO                                60090,89               P-04165
GUILLERMO AGUILAR SÁEZ                             13334,61               P-02080
GUILLERMO SANZ FERNÁNDEZ                           68605,98               P-04345
GUILLERMO VARGAS ROMÁN                             6368,17                P-01127
GUSTAVO NÚÑEZ CASTILLO                             110328,71              P-00740
GUSTAVO PRIETO CASTILLO                            58765,42               P-02445
GUSTAVO REYES VÁZQUEZ                              91128,36               P-03459
GUZMÁN MONTORO DURÁN                               104849,89              P-02838
GUZMÁN ORTIZ PARRA                                 104748,07              P-00759
GUZMÁN PEÑA GÓMEZ                                  148218,12              P-00244
HÉCTOR LEÓN CAMPOS                                 147052,63              P-02883
HÉCTOR MARTÍNEZ MOLINA                             97742,1                P-04017
HÉCTOR SÁEZ MÉNDEZ                                 13727,47               P-01887
HELIODORO BRAVO VIDAL                              89226,11               P-00927
HELIODORO CORTÉS BLESA                             105329,81              P-03543
HELIODORO FERRER PEÑA                              39586,63               P-03279
HELIODORO MÉNDEZ CASTRO                            13867,77               P-03011
HELIODORO RAMÍREZ HERRERA                          35714,35               P-01790
HELIODORO SÁNCHEZ SOLER                            82303,62               P-04992
HELIODORO TORRES LÓPEZ                             45583,75               P-00238
HELIODORO VELASCO LORENZO                          30944,07               P-03853
HELIODORO VIDAL SOTO                               103449,34              P-01602
HERACLIO AGUILAR ORTIZ                             77700,64               P-03032
HERACLIO HIDALGO PEÑA                              36015,9                P-04577
HERIBERTO FERNÁNDEZ CASTRO                         144230,73              P-00246
HILARIÓN AGUILAR AGUILAR                           12102,14               P-04517
HILARIÓN DÍEZ CRESPO                               14867,56               P-00159
HILARIÓN NÚÑEZ GIMÉNEZ                             56211,83               P-02451
HILARIÓN PARRA SANZ                                92271,83               P-03389
HILARIÓN PEÑA RUIZ                                 107647,42              P-01374
HILDEGARDA ORTIZ RAMÍREZ                           126195,37              P-03587
HILDEGARDA SUÁREZ CRESPO                           89115,03               P-01849
HOMERO GIMÉNEZ CRESPO                              101370,47              P-04085
HOMERO SANTANA VELASCO                             147280,65              P-00164
HOMERO VICENTE MÉNDEZ                              85580,47               P-03889
HONORATO BENÍTEZ GUERRERO                          64319,59               P-00721
HONORATO LÓPEZ CAMPOS                              31029,86               P-00810
HONORATO LOZANO GONZÁLEZ                           12034,12               P-01446
HONORATO MARÍN HERRERA                             68670,79               P-04816
HONORATO PRIETO DÍAZ                               38116,74               P-01091
HONORIO PASCUAL MORALES                            107048,08              P-02745
HUGO HERNÁNDEZ DÍEZ                                2209,41                P-01708
HUGO SÁNCHEZ RUBIO                                 40884,9                P-03139
HUMBERTO MARÍN MOYA                                17334,76               P-03767
HUMBERTO VELASCO JIMÉNEZ                           82898,48               P-03236
IFIGENIA PEÑA CRUZ                                 3281,95                P-02551
IGNACIO GONZÁLEZ NIETO                             1515,09                P-01160
IGNACIO GUERRERO MÁRQUEZ                           101745,66              P-00513
IGNACIO HERRERO ALONSO                             66856,69               P-03132
ILDEFONSO GARCÍA CORTÉS                            69715,66               P-04636
INÉS MONTERO CABRERA                               114946,91              P-02767
INÉS ORTEGA BLESA                                  49950,64               P-03241
INÉS RUBIO MONTERO                                 77618,82               P-05073
INÉS VEGA CRUZ                                     97732,77               P-05285
INOCENCIO ALONSO CARRASCO                          78403,76               P-01444
INOCENCIO RAMOS SOTO                               78816,29               P-00228
IRENE LÓPEZ MARÍN                                  103753,14              P-03615
IRENEO LORENZO DOMÍNGUEZ                           83695,06               P-00208
IRENEO LOZANO DURÁN                                40727,06               P-01544
IRENEO PASTOR TORRES                               26486,72               P-00131
ISAAC PÉREZ MEDINA                                 103617,21              P-03413
ISABEL VARGAS MEDINA                               97177,05               P-04735
ISAÍAS GUTIÉRREZ RODRÍGUEZ                         58689,65               P-04749
ISAÍAS PRIETO LEÓN                                 67519,39               P-02413
ISIDRO GARCÍA MORENO                               91576,02               P-01244
ISIDRO HERNÁNDEZ DOMÍNGUEZ                         19419,37               P-02749
ISIDRO SANTANA BLESA                               120080,32              P-02892
ISIDRO VÁZQUEZ MONTERO                             56596,15               P-05266
ISMAEL HERNÁNDEZ DOMÍNGUEZ                         91933,99               P-03685
ISMAEL IGLESIAS ÁLVAREZ                            108136,08              P-04052
ISMAEL PÉREZ MARÍN                                 107229,52              P-04827
ISMAEL SANTANA HERRERA                             120740,58              P-00547
IVÁN GALLEGO RAMOS                                 145849,57              P-05206
IVÁN GUTIÉRREZ CORTÉS                              81595,22               P-01476
IVÁN SANTIAGO DURÁN                                12255,48               P-01576
IVÁN VICENTE NAVARRO                               66926,33               P-02726
JACOB MONTERO VELASCO                              76225,39               P-03494
JACOBO PARRA ORTEGA                                114700,71              P-00197
JACOBO SERRANO ORTIZ                               132159,28              P-05201
JAIME AGUILAR PARRA                                22468,15               P-03633
JAIME ALONSO FUENTES                               51626,85               P-05205
JAIME CORTÉS MÁRQUEZ                               91305,82               P-02251
JAIME DÍAZ LORENZO                                 76926,09               P-02586
JAIME PASTOR MARTÍNEZ                              137360,57              P-01723
JAIME ROMERO VEGA                                  4039,42                P-03017
JAUME MÁRQUEZ VIDAL                                90636,76               P-02537
JAUME SÁNCHEZ ORTIZ                                140452,7               P-00709
JEREMÍAS DÍAZ DOMÍNGUEZ                            17246,76               P-05173
JERÓNIMO CABRERA MÁRQUEZ                           120578,86              P-01528
JERÓNIMO MORALES CORTÉS                            38796,75               P-01070
JOAQUÍM CORTÉS NÚÑEZ                               50515,16               P-04395
JOAQUÍM DÍEZ VIDAL                                 69224,13               P-01417
JOAQUÍM IGLESIAS SANZ                              25706,7                P-01500
JOAQUÍN DOMÍNGUEZ SANZ                             140921,68              P-00503
JOAQUÍN FERNÁNDEZ VÁZQUEZ                          48569,72               P-00598
JOAQUÍN GARRIDO JIMÉNEZ                            38553,49               P-03518
JOAQUÍN VARGAS SANTOS                              5670,49                P-04973
JOAQUÍN VEGA SOTO                                  67092,04               P-03029
JOAQUÍN VICENTE CABRERA                            3066,43                P-03231
JOEL CRESPO REYES                                  8754,37                P-02186
JOEL MARTÍN RUIZ                                   107406,7               P-01003
JONÁS FERNÁNDEZ GARRIDO                            95026,16               P-00485
JONÁS VIDAL DÍAZ                                   141538,83              P-00242
JONATHAN CANO RODRÍGUEZ                            45357,7                P-01415
JONATHAN LÓPEZ DURÁN                               52974,3                P-00123
JONATHAN MORALES VÁZQUEZ                           14447,39               P-05016
JONATHAN PARRA AGUILAR                             8604,3                 P-00859
JONATHAN PASTOR CORTÉS                             23801,92               P-01035
JONATHAN VELASCO RAMOS                             116630,6               P-05210
JORGE GIMÉNEZ VEGA                                 56268,04               P-00098
JORGE MORA PÉREZ                                   53685,75               P-03738
JORGE RODRÍGUEZ BRAVO                              141282,69              P-05166
JORGE SANTOS ÁLVAREZ                               100755,82              P-00833
JOSÉ CRUZ MARÍN                                    65934,06               P-02252
JOSÉ MORA VELASCO                                  140087,28              P-04908
JOSEFA MONTERO VELASCO                             79728,7                P-03530
JOSEFINA ORTIZ CALVO                               57473,35               P-02304
JOSEP PÉREZ NIETO                                  102836,99              P-02104
JOSEP RAMÍREZ SÁEZ                                 3182,72                P-01046
JOSEP RODRÍGUEZ SOTO                               142083,9               P-02191
JOSUÉ DELGADO PRIETO                               83162,9                P-03208
JOSUÉ VEGA GALLEGO                                 66513,13               P-01663
JUAN BLANCO GARCÍA                                 23019,19               P-02833
JUANA BENÍTEZ NIETO                                16682,83               P-04184
JULIÁN NAVARRO LOZANO                              125463,72              P-01134
JULIÁN PARRA CAMPOS                                79782,67               P-05232
JULIÁN SANTANA VÁZQUEZ                             114341,14              P-03068
JULIO CABRERA FERRER                               114689,9               P-04978
JULIO CASTILLO CRESPO                              46796,07               P-02178
JULIO GUTIÉRREZ ORTEGA                             134774,34              P-01774
JUSTINO GUTIÉRREZ DURÁN                            86828,3                P-04222
JUSTINO HERRERA LÓPEZ                              80052,18               P-01757
JUSTINO HERRERA REY                                6498,16                P-00154
JUSTINO MÁRQUEZ LOZANO                             115237,53              P-00616
JUVENAL SANTANA RODRÍGUEZ                          1091,57                P-03186
JUVENAL VELASCO MOYA                               110343,03              P-04526
LAURA GIL GALLEGO                                  15604,14               P-04029
LAURA PEÑA PARRA                                   36653,26               P-01060
LAURA SOLER VELASCO                                7863,32                P-02516
LAUREANO BLANCO LEÓN                               82795,2                P-02112
LAUREANO CARMONA SOLER                             18105,13               P-00454
LAUREANO GUERRERO ORTIZ                            108413,42              P-02428
LAUREANO MOLINA MORA                               49781,38               P-04122
LAUREANO MUÑOZ ESTEBAN                             98996,17               P-00875
LÁZARO DÍAZ HIDALGO                                13135,78               P-01259
LEANDRO FUENTES SANTOS                             89879,7                P-01622
LEANDRO SANTIAGO SANZ                              83850,47               P-03147
LEOCADIA ROMERO LEÓN                               19042,38               P-04940
LEÓN HERRERA VELASCO                               123731,57              P-03072
LEONARDO BENÍTEZ RUIZ                              29903,88               P-00825
LEONARDO CRESPO PÉREZ                              118239,79              P-03336
LEONARDO NÚÑEZ FERRER                              127715,54              P-03480
LEONARDO PASTOR BENÍTEZ                            131802,18              P-02202
LEONARDO REYES DOMÍNGUEZ                           137591,67              P-02069
LEONCIO FERNÁNDEZ CARMONA                          51756,29               P-01507
LEONCIO ROMERO REYES                               15280,19               P-04697
LEONCIO SÁEZ MÁRQUEZ                               123525,25              P-00229
LEONOR MÉNDEZ CABALLERO                            27238,48               P-03137
LEONOR SOTO MEDINA                                 61693,6                P-00064
LEOPOLDO LÓPEZ VÁZQUEZ                             51666,65               P-02454
LEOPOLDO VARGAS MÁRQUEZ                            58312,66               P-01397
LIDIA LORENZO MORALES                              60810,1                P-02522
LIDIA ROMÁN CALVO                                  77371,78               P-02529
LIDUVINA MARTÍNEZ GARCÍA                           82765,49               P-01800
LIDUVINA TORRES CARMONA                            103875,28              P-00036
LINO CRESPO REY                                    85432,28               P-02091
LINO CRUZ TORRES                                   113079,15              P-00054
LINO ESTEBAN DÍAZ                                  77603,85               P-02028
LINO GALLARDO REYES                                11987,83               P-04212
LINO LORENZO GARRIDO                               143818,8               P-04693
LINO NÚÑEZ VICENTE                                 11426,19               P-01460
LINO SOTO ALONSO                                   125091,83              P-00182
LORENA REYES CABALLERO                             53437,63               P-00095
LORENZO CRESPO GUERRERO                            23552,62               P-02255
LORENZO GALLARDO CARMONA                           150641,96              P-04473
LORENZO ORTEGA SERRANO                             116460,39              P-03755
LOURDES GARCÍA VICENTE                             14068,23               P-04644
LUCANO CRUZ GIL                                    34617,71               P-01041
LUCAS ÁLVAREZ LEÓN                                 22948,47               P-05234
LUCAS CORTÉS VIDAL                                 70947,84               P-03347
LUCÍA GARRIDO SÁNCHEZ                              93477,24               P-04431
LUCÍA IGLESIAS GIMÉNEZ                             134640,24              P-04205
LUCIANO MONTERO ALONSO                             36129,08               P-04317
LUCIANO MORA GARCÍA                                21054,23               P-04862
LUCIANO MORENO REY                                 45513,8                P-01744
LUCIANO PÉREZ VEGA                                 103625,57              P-03556
LUCRECIA CRESPO LORENZO                            65172,71               P-00885
LUCRECIA NAVARRO TORRES                            71148,08               P-02662
LUCRECIA PARRA LEÓN                                140347,75              P-03893
LUIS CABALLERO GUTIÉRREZ                           101339,96              P-03197
LUIS GUERRERO VIDAL                                115958,28              P-03711
LUIS HERNÁNDEZ VÁZQUEZ                             13350,34               P-04044
LUIS REY BENÍTEZ                                   33348,58               P-03707
LUISA CARRASCO LEÓN                                136532,99              P-04091
LUISA LÓPEZ GIMÉNEZ                                59641,74               P-01103
LUZ GARRIDO LÓPEZ                                  105768,35              P-00120
LUZ IGLESIAS GÓMEZ                                 35586,07               P-05152
LUZ MARTÍNEZ BLANCO                                91481,1                P-02092
LUZ ROMERO BENÍTEZ                                 114648,34              P-00506
LUZ SOLER CRESPO                                   86916,85               P-00516
MANUEL GARCÍA ARIAS                                127108,04              P-05293
MANUELA PRIETO CAMBIL                              121341,31              P-02142
MAR CANO LÓPEZ                                     39295,56               P-00733
MAR MÉNDEZ MOLINA                                  23058,68               P-04489
MARC BENÍTEZ VEGA                                  112950,45              P-00737
MARC CAMPOS SANTIAGO                               62564,53               P-01082
MARC IGLESIAS LORENZO                              97601,28               P-04410
MARC ROMERO GUTIÉRREZ                              52252,81               P-01462
MARCELINO GÓMEZ GUTIÉRREZ                          45875,07               P-00218
MARCIAL HERRERA SANTOS                             43754,81               P-03352
MARCIANO ÁLVAREZ SOTO                              19107,54               P-04047
MARCIANO LOZANO SANTOS                             88345,9                P-02169
MARCIANO MONTERO SANTANA                           108687,1               P-02728
MARCOS GALLARDO DOMÍNGUEZ                          123911,72              P-04379
MARINA FLORES MÉNDEZ                               92825,15               P-01482
MARINA LOZANO RODRÍGUEZ                            20358,47               P-01627
MARINA RUBIO JIMÉNEZ                               49932,99               P-00138
MARIO GARRIDO RUBIO                                31063,26               P-01470
MARIO HERRERA PÉREZ                                106117,98              P-03259
MARTA NÚÑEZ IGLESIAS                               119631,69              P-03159
MARTA SANTANA RODRÍGUEZ                            101347,75              P-03044
MARTÍN GUERRERO MUÑOZ                              103750,49              P-04573
MATÍAS GUTIÉRREZ SOTO                              57793,55               P-00276
MATÍAS HIDALGO VARGAS                              86947,78               P-03810
MATÍAS MARÍN ESTEBAN                               79454,29               P-02573
MATÍAS SANTANA HERRERA                             41011,98               P-01185
MATILDE PEÑA GUTIÉRREZ                             132129,92              P-01698
MAURICIO CABALLERO ALONSO                          130093,38              P-01545
MAURICIO GÓMEZ DURÁN                               72968,09               P-03581
MAURICIO IGLESIAS ROMERO                           138291,8               P-01380
MAURICIO PARRA LORENZO                             56180,38               P-04685
MAURICIO PASTOR MORA                               35221,37               P-03947
MAXIMILIANO MARÍN FERNÁNDEZ                        79235,36               P-02293
MAXIMILIANO REY RODRÍGUEZ                          117174,34              P-03568
MAXIMILIANO VÁZQUEZ VARGAS                         11353,61               P-00542
MELCHOR LÓPEZ BLANCO                               1747,85                P-00715
MELCHOR RAMOS MOYA                                 129162,77              P-00322
MERCEDES DELGADO MEDINA                            8909,65                P-00250
MERCEDES SOTO VICENTE                              68927,34               P-03408
MIGUEL LEÓN PARRA                                  60666,75               P-01911
MIGUEL PÉREZ VIDAL                                 94073,52               P-01111
MIGUEL ROMÁN ROMÁN                                 71460,52               P-00213
MILAGROS CARRASCO MARTÍNEZ                         81459,75               P-01000
MIQUEAS GARRIDO CARRASCO                           7984,01                P-02306
MIQUEAS HIDALGO VIDAL                              91076,26               P-01912
MIQUEAS RUIZ CABRERA                               47366,48               P-02372
MÍRIAM CAMPOS CAMPOS                               108616,38              P-04367
MÍRIAM PASTOR PASTOR                               19962,36               P-04234
MÍRIAM ROMÁN CARRASCO                              133431,42              P-00265
MOHAMED GARRIDO BRAVO                              8255,24                P-00181
MOISÉS CORTÉS SANTIAGO                             38183,35               P-00963
MOISÉS GUERRERO CANO                               44584,68               P-03534
MÓNICA CASTRO CARRASCO                             133025,09              P-03821
MONTSERRAT CARMONA AGUILAR                         102515,51              P-03887
MONTSERRAT DURÁN MOLINA                            98959,27               P-04098
MONTSERRAT GARRIDO ARIAS                           37807,76               P-02055
MONTSERRAT GUTIÉRREZ GUTIÉRREZ                     118281,52              P-04649
MONTSERRAT RUIZ LORENZO                            7207,18                P-03467
NARCISO HERRERA PÉREZ                              114070,95              P-01300
NATALIA ARIAS GUERRERO                             55896,18               P-02946
NATALIA LÓPEZ BRAVO                                17334,76               P-01629
NATALIA SERRANO LOZANO                             43994,17               P-03446
NATIVIDAD MOLINA CARRASCO                          47585,72               P-03388
NATIVIDAD MORA MEDINA                              103066,9               P-03292
NAZARIO GALLEGO MÁRQUEZ                            90234,07               P-02444
NAZARIO MÉNDEZ PÉREZ                               143785,64              P-01451
NAZARIO ORTEGA CASTILLO                            132591,14              P-00078
NEMESIO NIETO IBÁÑEZ                               128981,93              P-05276
NICANOR DELGADO MOYA                               122932,93              P-04670
NICANOR HERNÁNDEZ ALONSO                           98205,81               P-01204
NICANOR LEÓN FERNÁNDEZ                             103309,71              P-00343
NICANOR PEÑA TORRES                                67691,75               P-00714
NICOLÁS CALVO RAMOS                                149157,73              P-01472
NICOMEDES LORENZO GARRIDO                          73076,33               P-03481
NICOMEDES MONTORO GALLARDO                         55834,77               P-05064
NICOMEDES ROMÁN DELGADO                            99720,77               P-04089
NIEVES ARIAS DÍAZ                                  112890,08              P-03021
NIEVES GONZÁLEZ MEDINA                             68051,67               P-01054
NOÉ ROMÁN MORENO                                   105993,09              P-03965
NOELIA CAMPOS FUENTES                              25542,68               P-03855
NOELIA CASTRO MOLINA                               94536,35               P-02229
NORBERTO BRAVO PASTOR                              112138,65              P-04216
NORBERTO GÓMEZ VIDAL                               23997,47               P-05038
ODÓN MOLINA FERRER                                 109050,61              P-00307
ODÓN VARGAS MÉNDEZ                                 46967,11               P-04157
OLGA GIMÉNEZ FERNÁNDEZ                             92258,78               P-01533
ONÉSIMO BLESA NÚÑEZ                                86214,15               P-02660
ONÉSIMO MÉNDEZ SERRANO                             52879,3                P-05035
ONÉSIMO SANZ SOTO                                  118769,14              P-05244
ORESTES CARRASCO CRESPO                            53208,08               P-03915
ORESTES DOMÍNGUEZ TORRES                           55150,51               P-02172
ORESTES RAMÍREZ IBÁÑEZ                             110417,57              P-03715
ORIOL REYES CALVO                                  116259,25              P-03120
ORIOL VEGA SANTOS                                  44771,5                P-04591
ÓSCAR HERNÁNDEZ CAMBIL                             15793,7                P-04901
OSCAR HERRERO SERRANO                              118689,34              P-03216
ÓSCAR MÁRQUEZ SANZ                                 105254,22              P-05170
OSCAR PRIETO ALONSO                                56263,52               P-04341
OTILIA HERNÁNDEZ RUBIO                             113934,41              P-04326
OTILIA RAMOS FERRER                                26284,6                P-00912
OTO IBÁÑEZ MARTÍN                                  18206,46               P-01883
OTO IGLESIAS CORTÉS                                126094,91              P-03112
OTO LÓPEZ FUENTES                                  11815,56               P-03920
PABLO ALONSO GIMÉNEZ                               128802,11              P-01763
PASCUAL GIMÉNEZ GARRIDO                            124199,15              P-01941
PASCUAL LORENZO VEGA                               84999,61               P-01338
PASCUAL VIDAL ORTIZ                                130708,71              P-01048
PATRICIO CAMPOS GONZÁLEZ                           64791,92               P-04855
PATRICIO ESTEBAN SÁNCHEZ                           16046,2                P-04319
PATRICIO MÁRQUEZ LEÓN                              142255,26              P-03434
PAULA CARMONA CORTÉS                               56600,4                P-00913
PAULA MONTERO LEÓN                                 96351,55               P-04104
PAULA MONTERO ROMÁN                                76566,96               P-02052
PAULA REY MORENO                                   87904,73               P-00255
PEDRO CAMPOS CABALLERO                             49573,27               P-04103
PEDRO MORA GONZÁLEZ                                110738,06              P-01534
PETRONILA ORTIZ SERRANO                            38639,44               P-04453
PILAR NIETO GIMÉNEZ                                119421,49              P-03493
PÍO DÍAZ CASTILLO                                  59933,47               P-00761
PÍO LÓPEZ MOLINA                                   71029,75               P-03189
PONCIO CAMBIL GÓMEZ                                118172,97              P-03015
PONCIO LEÓN ALONSO                                 64935,9                P-04984
PONCIO SANTANA LÓPEZ                               72772,82               P-03616
PONCIO VICENTE ARIAS                               52748,84               P-04869
PORFIRIO IGLESIAS REY                              118955,32              P-01498
PORFIRIO RODRÍGUEZ VELASCO                         49458,18               P-04166
PRIMO BLANCO NÚÑEZ                                 30169,77               P-04738
PRISCILA MARTÍNEZ JIMÉNEZ                          24878,1                P-01149
PRISCILA VEGA MOLINA                               35792,96               P-04418
PROBO CORTÉS PARRA                                 26176,16               P-04986
PROBO RAMOS ARIAS                                  149694,01              P-00170
PURIFICACIÓN CARMONA MONTERO                       137230,65              P-01926
PURIFICACIÓN ESTEBAN VICENTE                       81525,61               P-03205
PURIFICACIÓN GUERRERO BLESA                        36149,23               P-00151
RAIMUNDO ALONSO VARGAS                             98170,56               P-02330
RAIMUNDO CAMBIL GARCÍA                             8006,71                P-00395
RAIMUNDO GUERRERO FUENTES                          145838,12              P-02283
RAIMUNDO MOYA RAMÍREZ                              125872,78              P-01937
RAMIRO NAVARRO LOZANO                              111537,19              P-02295
RAMÓN CABRERA SÁEZ                                 117000,27              P-02197
RAQUEL LEÓN SÁNCHEZ                                18267,57               P-00408
RAQUEL PEÑA CRUZ                                   88145,62               P-02889
RAÚL ÁLVAREZ LEÓN                                  101611,31              P-00438
RAÚL CABALLERO MARTÍN                              51503,08               P-05172
RAÚL CARRASCO PASCUAL                              121228,62              P-01638
RAÚL FLORES GIL                                    72606,81               P-04219
RAÚL GARRIDO BENÍTEZ                               127867,55              P-00864
RAÚL MORA MOYA                                     36084,08               P-05281
REBECA PEÑA MORENO                                 51620,77               P-01436
REBECA RAMOS LOZANO                                86911,74               P-04700
REBECA SOLER MOLINA                                86151,99               P-04424
REINALDO ARIAS REYES                               43151,1                P-04128
REINALDO MEDINA RUBIO                              2010,63                P-00271
REINALDO SOTO RUIZ                                 72298,49               P-01099
REMEDIOS LORENZO PASCUAL                           74212,82               P-05275
RENATO CABALLERO MARÍN                             56398,45               P-03673
RICARDO ORTIZ RAMOS                                113329,71              P-01623
RIGOBERTO GUTIÉRREZ DELGADO                        41052,23               P-04269
RIGOBERTO SANTANA BENÍTEZ                          133061,03              P-04599
RIGOBERTO SANZ ROMERO                              144343,63              P-05179
RIGOBERTO SUÁREZ FUENTES                           138115,19              P-04766
RITA FERNÁNDEZ JIMÉNEZ                             9067,43                P-00225
RITA GÓMEZ ESTEBAN                                 47286,64               P-02902
RITA VELASCO DURÁN                                 130047,97              P-02987
ROBERTO TORRES HERNÁNDEZ                           16833,49               P-03765
ROBERTO VELASCO SOTO                               124776,17              P-02628
ROCÍO DÍAZ RUBIO                                   2772,1                 P-01932
ROCÍO PRIETO CASTILLO                              108952,57              P-04513
RODRIGO CANO RUIZ                                  25256,35               P-01637
RODRIGO CASTRO CAMBIL                              8041,91                P-00464
RODRIGO DÍAZ CABRERA                               145340,59              P-05145
RODRIGO FUENTES VÁZQUEZ                            111316,71              P-03081
RODRIGO GONZÁLEZ SÁNCHEZ                           98744,7                P-02301
RODRIGO MORALES CABALLERO                          29350,8                P-02683
RODRIGO REYES ORTEGA                               138269,46              P-05097
RODRIGO VELASCO MARTÍNEZ                           98703,77               P-05057
ROGELIO CASTILLO PASCUAL                           68475,27               P-04352
ROMÁN FERNÁNDEZ MONTERO                            47988,52               P-02020
ROMÁN GÓMEZ MOLINA                                 5556,62                P-00080
ROMÁN GUERRERO LOZANO                              18413,51               P-01226
ROMÁN LÓPEZ BLANCO                                 134273,14              P-02040
ROMUALDO PEÑA DELGADO                              90016,83               P-01492
ROQUE BRAVO ROMÁN                                  50512,68               P-02381
ROQUE MONTORO ORTIZ                                37540,53               P-00219
ROQUE SÁNCHEZ FUENTES                              95040,63               P-03725
ROSA MOYA SÁNCHEZ                                  68903,36               P-02700
ROSALIA HERNÁNDEZ FERNÁNDEZ                        116618,14              P-00337
ROSALIA MORA VARGAS                                149063,51              P-02431
ROSALIA PEÑA MEDINA                                120383,06              P-00406
ROSARIO FERRER BRAVO                               37416,26               P-00127
ROSARIO REYES JIMÉNEZ                              94731,14               P-00970
ROSARIO TORRES MARÍN                               71908,11               P-02193
ROSENDO CRESPO RUIZ                                41447,73               P-00493
ROSENDO PARRA SANTOS                               40468,88               P-02569
ROSENDO VELASCO VÁZQUEZ                            135541,79              P-00424
RUBÉN SANTIAGO TORRES                              20505,76               P-04997
RUFO MORENO RAMÍREZ                                118081,37              P-05085
RUFO ORTIZ RAMOS                                   71122,96               P-04846
RUFO VEGA GARRIDO                                  22112,1                P-01089
RUPERTO MUÑOZ DURÁN                                27347,12               P-03815
RUPERTO RODRÍGUEZ JIMÉNEZ                          124310,04              P-02249
RUPERTO SANTIAGO BENÍTEZ                           52295,59               P-03636
SALOMÉ TORRES MÉNDEZ                               88341,56               P-01833
SALOMÓN DOMÍNGUEZ CASTRO                           112474,92              P-01510
SALOMÓN REYES DELGADO                              97892,02               P-00226
SALOMÓN SÁNCHEZ IBÁÑEZ                             104337,47              P-01868
SALVADOR CAMBIL BENÍTEZ                            9123,4                 P-04054
SALVADOR CASTILLO SÁEZ                             126291,86              P-00515
SALVIO FERRER JIMÉNEZ                              57217,5                P-03784
SALVIO LORENZO FUENTES                             142745,53              P-02340
SALVIO MARTÍN CARMONA                              39750,36               P-03689
SAMUEL DÍAZ ALONSO                                 29271,36               P-03712
SAMUEL FLORES LEÓN                                 23967,98               P-01588
SAMUEL PEÑA ALONSO                                 137402,35              P-00113
SANDRA ARIAS HERNÁNDEZ                             13895,83               P-01725
SANDRA REY SANZ                                    112271,13              P-02913
SANSÓN GARCÍA GIL                                  139278,38              P-04504
SANSÓN GIMÉNEZ BRAVO                               87555,34               P-03814
SANTIAGO CASTILLO NAVARRO                          78362,79               P-02126
SEBASTIÁN CALVO FUENTES                            139542,15              P-00051
SEBASTIÁN IBÁÑEZ FUENTES                           139974,94              P-02135
SEBASTIÁN PARRA GARRIDO                            138972,01              P-02496
SEBASTIÁN RUIZ DÍEZ                                147379,58              P-00514
SEGISMUNDO CARMONA MONTERO                         130628,4               P-01831
SEGISMUNDO LORENZO GALLEGO                         120361,32              P-03973
SEGISMUNDO PEÑA CARMONA                            108464,94              P-03170
SEGISMUNDO VELASCO FERRER                          138025,82              P-01996
SERGIO JIMÉNEZ SÁNCHEZ                             74294,92               P-03575
SERGIO PASCUAL MARTÍNEZ                            109275,67              P-01598
SEVERINO CABALLERO CANO                            33789,47               P-00044
SEVERINO CABRERA PEÑA                              91513,27               P-04487
SILVIA AGUILAR CRUZ                                95808,06               P-04116
SILVIA ÁLVAREZ NAVARRO                             38734,8                P-01333
SILVIA CAMPOS FUENTES                              30265,59               P-02696
SILVIA MÉNDEZ CALVO                                149192,89              P-02129
SIMEÓN ARIAS REYES                                 136721,45              P-01866
SIMEÓN FLORES RAMÍREZ                              99893,79               P-01181
SIMEÓN GÓMEZ IGLESIAS                              147352,07              P-03736
SIMEÓN MEDINA GIL                                  74696,67               P-00202
SIMEÓN ORTIZ VARGAS                                13292,9                P-00828
SIMEÓN SANZ FERNÁNDEZ                              4094                   P-00065
SIMÓN VELASCO CABALLERO                            68247,3                P-03478
SIRO CARRASCO HERRERO                              41121,95               P-03307
SIRO LÓPEZ IBÁÑEZ                                  110782,06              P-00752
SIXTO GIMÉNEZ VICENTE                              65815,09               P-04366
SOFÍA FLORES SANZ                                  47733,61               P-02389
SOLEDAD DOMÍNGUEZ FUENTES                          113130,85              P-04434
SOLEDAD ESTEBAN HIDALGO                            96891,31               P-03559
SOLEDAD RODRÍGUEZ SERRANO                          39623,38               P-04185
SUSANA CASTILLO MARTÍNEZ                           131510,04              P-04201
TADEO DELGADO GÓMEZ                                49144,81               P-03271
TADEO FERNÁNDEZ SOLER                              122262,8               P-03759
TADEO LEÓN MONTORO                                 59598,48               P-01549
TADEO MÉNDEZ MARTÍNEZ                              102785,34              P-01804
TARSICIO CASTILLO SOTO                             65479,83               P-03393
TARSICIO GALLEGO MUÑOZ                             42787,52               P-00315
TEODORA BENÍTEZ CAMPOS                             126490,15              P-00892
TEODORA SOLER RUIZ                                 37291,2                P-02905
TEODOSIA IBÁÑEZ VARGAS                             141203,05              P-05264
TEÓFANES MONTERO CABALLERO                         25023,46               P-01481
TEÓFANES MORENO VELASCO                            122899,83              P-03351
TEÓFANES NIETO VEGA                                56820,75               P-01422
TERESA BENÍTEZ GARCÍA                              98203,21               P-03828
TIMOTEO DURÁN MÉNDEZ                               35636,08               P-01157
TIMOTEO LOZANO HERNÁNDEZ                           114164,91              P-02952
TIMOTEO PÉREZ GALLEGO                              18521,86               P-00171
TITO CORTÉS CANO                                   83252,13               P-00346
TOBÍAS SANTOS BLANCO                               121104,71              P-01560
TOBÍAS VÁZQUEZ MARTÍNEZ                            12500,83               P-00742
TOMAS CAMPOS SÁNCHEZ                               90514,78               P-02539
TOMAS DELGADO RUBIO                                103575,14              P-00957
TOMÁS LORENZO MORA                                 108064,88              P-04614
TOMAS ROMERO FUENTES                               68573,7                P-02319
TOMÁS SANTIAGO VARGAS                              18772,63               P-04578
TOMAS SANTOS FERNÁNDEZ                             107943,5               P-02258
TOMÁS SUÁREZ MORA                                  29499,4                P-03403
TORIBIO BLESA GARRIDO                              126894,27              P-02478
TRINIDAD RUBIO REYES                               11020,99               P-04731
UBALDO GUTIÉRREZ GUERRERO                          46569,29               P-01465
URBANO MOYA MARÍN                                  76244,09               P-01138
URBANO PASCUAL ROMÁN                               73519,14               P-05028
ÚRSULA PASTOR MORENO                               78260,6                P-01305
ÚRSULA REYES MUÑOZ                                 37776,48               P-01158
VALENTÍN MARTÍNEZ LEÓN                             106761,26              P-02511
VALERIANO LÓPEZ VEGA                               64062,23               P-03578
VANESA BRAVO NAVARRO                               64694,14               P-05216
VANESA CABRERA GONZÁLEZ                            78238,32               P-00169
VANESA CASTILLO PRIETO                             116463,38              P-02849
VELERIO ALONSO MONTORO                             35825,44               P-03157
VELERIO LOZANO CARRASCO                            49201,85               P-01716
VELERIO PEÑA AGUILAR                               63005,25               P-04093
VELERIO REY VICENTE                                65859,5                P-02820
VICENTA CARRASCO ALONSO                            16807,09               P-04472
VICENTA GIMÉNEZ MORALES                            42368,28               P-04946
VICENTA MARTÍN SUÁREZ                              49769,49               P-02684
VICENTA PASCUAL ARIAS                              150826,37              P-02189
VICENTE LOZANO SÁNCHEZ                             72607,55               P-02298
VICENTE SANTOS VEGA                                81186,84               P-03399
VICENTE VELASCO CANO                               67032,38               P-04909
VÍCTOR RUBIO MONTERO                               145840,94              P-02678
VICTORIA BLESA GIL                                 27318,84               P-04868
VICTORIA CASTRO VICENTE                            54256,77               P-04967
VICTORIA DELGADO MOLINA                            54430,02               P-03588
VICTORIA SANTIAGO HERRERA                          60719,39               P-01764
VICTORINO CASTRO SOLER                             19531,85               P-04221
VIDAL DÍAZ GUERRERO                                59439,6                P-05269
VIDAL FERNÁNDEZ MORALES                            86582,58               P-02056
VIDAL MONTERO CASTRO                               110260,99              P-02555
VIDAL PARRA GALLARDO                               12241,23               P-01509
VIRGILIO REYES GIL                                 134183,8               P-02944
VIRGILIO REYES SOLER                               141757,35              P-04078
VIRGILIO RUIZ VEGA                                 58757,52               P-02963
VIRGILIO VELASCO MUÑOZ                             69371,9                P-04823
VLADIMIRO DURÁN GÓMEZ                              125346,65              P-03059
VLADIMIRO FERNÁNDEZ VICENTE                        106722,66              P-04861
VLADIMIRO ROMÁN CARMONA                            63937,82               P-01004
WILFREDO BLANCO PEÑA                               32143,42               P-02926
WILFREDO GIL CRESPO                                102198,77              P-03496
XAVIER LOZANO PÉREZ                                100033,75              P-05279
XAVIER MARTÍN LÓPEZ                                119631,63              P-04454
YOLANDA ÁLVAREZ SÁNCHEZ                            88735,72               P-04987
YOLANDA MARTÍNEZ HERRERA                           105953,49              P-04485
YOLANDA MARTÍNEZ MÉNDEZ                            47414,92               P-03406
ZACARÍAS MONTERO MONTERO                           119578,81              P-04537
ZACARÍAS MONTORO PEÑA                              132913,67              P-02357
ZACARÍAS NÚÑEZ MARTÍNEZ                            33124,02               P-04995

(1000 rows affected)


Completion time: 2020-07-26T00:09:10.4140449-04:00
