nombrecliente
--------------------------------------------------
AARÓN ARIAS GARCÍA
AARÓN CAMPOS MARÍN
AARÓN DURÁN BLANCO
AARÓN ESTEBAN DURÁN
AARÓN FLORES ALONSO
AARÓN GÓMEZ PARRA
AARÓN HERRERA PASCUAL
AARÓN IGLESIAS NÚÑEZ
AARÓN JIMÉNEZ ESTEBAN
AARÓN LEÓN LORENZO
AARÓN LÓPEZ HERNÁNDEZ
AARÓN SANTOS FERRER
AARÓN SERRANO AGUILAR
AARÓN VIDAL GARRIDO
ABDÓN CANO BLANCO
ABDÓN DÍAZ DELGADO
ABDÓN MONTERO GIMÉNEZ
ABDÓN MORALES SÁNCHEZ
ABDÓN REY RAMÍREZ
ABDÓN ROMERO MARTÍNEZ
ABEL CORTÉS MORA
ABEL FERRER GUTIÉRREZ
ABEL FERRER HIDALGO
ABEL FERRER MEDINA
ABEL GUTIÉRREZ HERRERO
ABEL VÁZQUEZ MORENO
ABELARDO DÍAZ VICENTE
ABELARDO GUTIÉRREZ SANTIAGO
ABELARDO MONTERO CASTILLO
ABELARDO PRIETO MARTÍN
ABELARDO ROMÁN FLORES
ABELARDO RUBIO MÉNDEZ
ABRAHÁN CALVO DURÁN
ABRAHÁN GARRIDO GIL
ABRAHÁN HERRERA LOZANO
ABRAHÁN HIDALGO MORALES
ABRAHÁN LORENZO CORTÉS
ABRAHÁN NAVARRO CARRASCO
ABSALÓN CRUZ SÁNCHEZ
ABSALÓN GALLARDO JIMÉNEZ
ABSALÓN PARRA FLORES
ABSALÓN PRIETO ORTIZ
ACACIO CABRERA BRAVO
ACACIO CABRERA MORENO
ACACIO GÓMEZ CRUZ
ACACIO IBÁÑEZ CRUZ
ACACIO IBÁÑEZ ROMERO
ACACIO PRIETO REY
ACACIO VICENTE LOZANO
ADALBERTO ARIAS IGLESIAS
ADALBERTO CRUZ SUÁREZ
ADALBERTO DOMÍNGUEZ HERRERO
ADALBERTO FERNÁNDEZ VEGA
ADALBERTO GARCÍA HERRERO
ADALBERTO MÁRQUEZ BLESA
ADALBERTO PÉREZ MARTÍNEZ
ADALBERTO ROMÁN LÓPEZ
ADÁN CRUZ DÍAZ
ADÁN GARRIDO VIDAL
ADÁN IBÁÑEZ CALVO
ADÁN JIMÉNEZ PRIETO
ADÁN LEÓN TORRES
ADÁN LOZANO MARÍN
ADÁN RAMÍREZ BLANCO
ADÁN RUBIO CALVO
ADÁN SANTANA DÍEZ
ADÁN TORRES MORA
ADÁN VIDAL VARGAS
ADELA CALVO CARRASCO
ADELA CRUZ DÍAZ
ADELA IGLESIAS DELGADO
ADELA MÁRQUEZ ARIAS
ADELA MORALES GIMÉNEZ
ADELAIDA ALONSO MÉNDEZ
ADELAIDA CANO CALVO
ADELAIDA CRUZ HERRERO
ADELAIDA DÍEZ RUIZ
ADELAIDA MEDINA CAMBIL
ADELAIDA MEDINA VARGAS
ADELAIDA ORTEGA PÉREZ
ADELAIDA ROMÁN MOYA
ADOLFO CARMONA ALONSO
ADOLFO GARRIDO CASTRO
ADOLFO HIDALGO GÓMEZ
ADOLFO JIMÉNEZ CABALLERO
ADOLFO MARTÍNEZ MÁRQUEZ
ADOLFO MONTORO REYES
ADOLFO SANTIAGO MORA
ADOLFO SUÁREZ DOMÍNGUEZ
ADOLFO VICENTE GARRIDO
ADOLFO VIDAL DELGADO
ADÓN CAMPOS IBÁÑEZ
ADÓN CRUZ GARRIDO
ADÓN FERNÁNDEZ SÁNCHEZ
ADÓN HERRERA BLESA
ADÓN LOZANO ROMÁN
ADÓN MÁRQUEZ DÍEZ
ADÓN MÉNDEZ VARGAS
ADÓN MORENO MÉNDEZ
ADÓN ROMERO VÁZQUEZ
ADÓN SANZ ESTEBAN
ADÓN SUÁREZ SANTANA
ADRIÁN DELGADO SÁEZ
ADRIÁN HERRERO CASTRO
ADRIÁN LEÓN RUBIO
ADRIÁN MÉNDEZ SÁEZ
ADRIÁN MUÑOZ LÓPEZ
ADRIÁN PARRA MONTERO
ADRIÁN PASCUAL VARGAS
ADRIÁN RUBIO GUTIÉRREZ
ADRIÁN RUIZ RODRÍGUEZ
ADRIÁN VÁZQUEZ FUENTES
AGUSTÍN AGUILAR PÉREZ
AGUSTÍN BLESA MARTÍN
AGUSTÍN CASTRO NIETO
AGUSTÍN CRESPO VICENTE
AGUSTÍN DOMÍNGUEZ CRUZ
AGUSTÍN DOMÍNGUEZ VARGAS
AGUSTÍN FERNÁNDEZ PASCUAL
AGUSTÍN HERNÁNDEZ DOMÍNGUEZ
AGUSTÍN NAVARRO MOLINA
AGUSTÍN NIETO RAMOS
AGUSTÍN RUIZ HERNÁNDEZ
AGUSTÍN SANTANA MÁRQUEZ
AGUSTÍN SANTIAGO CALVO
AGUSTÍN SOTO SANTOS
AGUSTÍN VARGAS HERNÁNDEZ
AITOR CARRASCO ORTEGA
AITOR CRUZ MARÍN
AITOR GIMÉNEZ FUENTES
AITOR GIMÉNEZ LOZANO
AITOR GÓMEZ ORTEGA
AITOR GONZÁLEZ GIMÉNEZ
AITOR GUTIÉRREZ FLORES
AITOR IGLESIAS ORTEGA
AITOR MORENO VEGA
AITOR MOYA RAMÍREZ
AITOR REYES PASTOR
AITOR VELASCO RAMÍREZ
ALBA CAMBIL CALVO
ALBA MOYA ROMERO
ALBERT ALONSO TORRES
ALBERT CARMONA HERNÁNDEZ
ALBERT CASTILLO IGLESIAS
ALBERT DÍAZ NÚÑEZ
ALBERT GALLARDO MARÍN
ALBERT NIETO PARRA
ALBERT RAMÍREZ GARCÍA
ALBERT ROMÁN MORALES
ALBERT VIDAL SOLER
ALBERTO JIMÉNEZ MONTERO
ALBERTO MORA SERRANO
ALBERTO ORTEGA ORTIZ
ALBERTO ORTIZ SERRANO
ALBERTO PEÑA IGLESIAS
ALBERTO RUBIO CANO
ALBERTO VÁZQUEZ MARÍN
ALBINA AGUILAR PÉREZ
ALBINA CABALLERO GONZÁLEZ
ALBINA CABALLERO NÚÑEZ
ALBINA CAMPOS RAMOS
ALBINA CARMONA SÁNCHEZ
ALBINA DURÁN DÍEZ
ALBINA LOZANO MORENO
ALBINA MEDINA GIL
ALBINA MONTERO MÁRQUEZ
ALBINA MORENO SANTOS
ALBINA MUÑOZ MARÍN
ALBINA PARRA FERNÁNDEZ
ALBINA REY PRIETO
ALBINA REYES MOLINA
ALBINA TORRES RUIZ
ALEJANDRA BENÍTEZ LORENZO
ALEJANDRA CASTILLO MORA
ALEJANDRA LORENZO CAMPOS
ALEJANDRA MEDINA PÉREZ
ALEJANDRA MORA FUENTES
ALEJANDRA REY PASCUAL
ALEJANDRA REY VÁZQUEZ
ALEJANDRA SÁEZ VIDAL
ALEJANDRA VARGAS RAMÍREZ
ALEJANDRO ALONSO RUIZ
ALEJANDRO CANO ESTEBAN
ALEJANDRO DÍEZ PASCUAL
ALEJANDRO DURÁN IBÁÑEZ
ALEJANDRO GIL MORALES
ALEJANDRO GIMÉNEZ CASTRO
ALEJANDRO GONZÁLEZ HERNÁNDEZ
ALEJANDRO MARTÍN IGLESIAS
ALEJANDRO MOYA NIETO
ALEJANDRO PEÑA PARRA
ALEJANDRO SANTANA MÉNDEZ
ALEJANDRO SANZ CASTILLO
ALEJANDRO SOTO REY
ALEJANDRO SOTO SOLER
ALEJANDRO TORRES MÁRQUEZ
ALEJO BLESA SOLER
ALEJO CARRASCO CANO
ALEJO ESTEBAN GALLEGO
ALEJO GARCÍA HERRERO
ALEJO NAVARRO LÓPEZ
ALEJO PRIETO VÁZQUEZ
ALEJO SANTANA DÍEZ
ALEJO VIDAL NIETO
ALEJO VIDAL RAMOS
ALFONSO ALONSO HIDALGO
ALFONSO ALONSO LORENZO
ALFONSO ÁLVAREZ GÓMEZ
ALFONSO FLORES SÁEZ
ALFONSO GUERRERO SÁNCHEZ
ALFONSO GUTIÉRREZ LEÓN
ALFONSO RAMÍREZ MARÍN
ALFONSO SANTOS HIDALGO
ALFONSO SUÁREZ MOYA
ALFONSO VELASCO DÍEZ
ALFREDO CAMPOS SANTIAGO
ALFREDO CASTRO LORENZO
ALFREDO CORTÉS IGLESIAS
ALFREDO ORTIZ BENÍTEZ
ALFREDO ROMERO CANO
ALFREDO SÁNCHEZ BRAVO
ALFREDO SERRANO SÁEZ
ALICIA ALONSO BENÍTEZ
ALICIA CASTRO RUIZ
ALICIA FERNÁNDEZ GIL
ALICIA FERRER FLORES
ALICIA HERRERO MONTORO
ALICIA MARÍN ORTIZ
ALICIA PRIETO LORENZO
ALICIA SERRANO FUENTES
ALIPIO ARIAS ALONSO
ALIPIO ARIAS CANO
ALIPIO BLANCO SOLER
ALIPIO CABALLERO GARRIDO
ALIPIO CAMBIL MONTORO
ALIPIO GALLARDO PASTOR
ALIPIO HERRERO CORTÉS
ALIPIO LEÓN MUÑOZ
ALIPIO ROMERO CABALLERO
ALIPIO RUBIO SANTOS
ALIPIO RUIZ LOZANO
ALMUDENA CALVO IGLESIAS
ALMUDENA GUTIÉRREZ CABALLERO
ALMUDENA MOLINA VELASCO
ALMUDENA MOYA GÓMEZ
ALMUDENA SÁEZ GARCÍA
ALONSO CAMBIL VIDAL
ALONSO GONZÁLEZ SUÁREZ
ALONSO HERRERA MORENO
ALONSO HIDALGO MORA
ALONSO IGLESIAS SOLER
ALONSO LOZANO CRESPO
ALONSO LOZANO IGLESIAS
ALONSO MOLINA SÁNCHEZ
ALONSO PASTOR ESTEBAN
ALONSO RUBIO REYES
ALONSO TORRES NÚÑEZ
ÁLVARO DELGADO ESTEBAN
ÁLVARO ESTEBAN CAMPOS
ÁLVARO GUTIÉRREZ FERRER
ÁLVARO MARTÍNEZ SANTANA
ÁLVARO NIETO BLESA
ÁLVARO ORTEGA HIDALGO
ÁLVARO SANTANA SOLER
ÁLVARO SANZ PARRA
AMADEO CARMONA MÁRQUEZ
AMADEO GIL LORENZO
AMADEO GÓMEZ HERRERA
AMADEO MORENO ARIAS
AMADEO MOYA HERRERO
AMADEO VICENTE LORENZO
AMARO ARIAS GALLARDO
AMARO GARRIDO VARGAS
AMARO HERNÁNDEZ ARIAS
AMARO MEDINA LEÓN
AMARO MORENO CAMBIL
AMARO MORENO GUTIÉRREZ
AMARO NIETO MOYA
AMARO REYES DÍAZ
AMARO TORRES ÁLVAREZ
AMBROSIO ARIAS PASTOR
AMBROSIO BLESA SANTIAGO
AMBROSIO DÍAZ GALLEGO
AMBROSIO FLORES PRIETO
AMBROSIO GIMÉNEZ SANTIAGO
AMBROSIO HERNÁNDEZ GIL
AMBROSIO REY VICENTE
AMBROSIO VELASCO CANO
AMBROSIO VELASCO PARRA
AMELIA BRAVO LORENZO
AMELIA CAMPOS HERNÁNDEZ
AMELIA CASTILLO CABRERA
AMELIA DELGADO VEGA
AMELIA LOZANO REY
AMELIA MONTERO LÓPEZ
AMELIA MORALES ORTEGA
AMPARO CALVO SOLER
AMPARO CASTRO MÁRQUEZ
AMPARO GARCÍA FUENTES
AMPARO GÓMEZ PASTOR
AMPARO MARTÍNEZ DELGADO
AMPARO MONTORO PÉREZ
AMPARO MORA ARIAS
AMPARO SUÁREZ ESTEBAN
ANA CASTILLO PASTOR
ANA HERRERO HIDALGO
ANA PÉREZ AGUILAR
ANA RODRÍGUEZ VIDAL
ANA ROMÁN MORALES
ANA SOTO PÉREZ
ANANÍAS BLANCO CORTÉS
ANANÍAS LÓPEZ MOLINA
ANANÍAS MARTÍNEZ PASTOR
ANANÍAS MONTERO LORENZO
ANANÍAS PASTOR MORALES
ANASTASIA BLESA IGLESIAS
ANASTASIA CABRERA CAMPOS
ANASTASIA CAMPOS VÁZQUEZ
ANASTASIA DÍAZ BENÍTEZ
ANASTASIA GONZÁLEZ NAVARRO
ANASTASIA GUERRERO SANTIAGO
ANASTASIA LOZANO GUERRERO
ANASTASIA SANTIAGO VICENTE
ANASTASIA SANZ FERNÁNDEZ
ANASTASIA VARGAS DÍEZ
ANASTASIA VEGA DELGADO
ANATOLIO AGUILAR GÓMEZ
ANATOLIO BLESA IGLESIAS
ANATOLIO CABALLERO MOYA
ANATOLIO CAMPOS GARRIDO
ANATOLIO DÍEZ BLANCO
ANATOLIO GALLARDO SERRANO
ANATOLIO MARÍN CABALLERO
ANATOLIO ORTEGA PASTOR
ANATOLIO ORTIZ CRESPO
ANATOLIO PARRA FUENTES
ANATOLIO PRIETO GALLEGO
ANATOLIO RUBIO VIDAL
ANDREA FERNÁNDEZ CRUZ
ANDREA FUENTES GARRIDO
ANDREA GIMÉNEZ SOLER
ANDREA MORA VÁZQUEZ
ANDREA MORENO HERRERO
ANDREA MOYA SERRANO
ANDREA PARRA MÁRQUEZ
ANDREA RAMÍREZ AGUILAR
ANDREA ROMÁN VEGA
ANDREA RUBIO MARTÍN
ANDREA SANZ SUÁREZ
ANDREA VIDAL CABRERA
ANDRÉS CALVO DURÁN
ANDRÉS DÍAZ HERRERA
ANDRÉS HIDALGO CALVO
ANDRÉS LEÓN MEDINA
ANDRÉS MONTORO VARGAS
ANDRÉS MORENO LOZANO
ANDRÉS PASCUAL PASTOR
ANDRÉS REY ALONSO
ANDRÉS SOTO HIDALGO
ANDRÉS VÁZQUEZ PRIETO
ANDRÉS VICENTE DELGADO
ANDRÉS VICENTE RAMOS
ÁNGEL CABALLERO RUIZ
ÁNGEL MARÍN RUIZ
ÁNGEL RAMOS CRESPO
ÁNGEL SOLER LEÓN
ÁNGEL VÁZQUEZ VEGA
ÁNGELA BLESA MONTERO
ÁNGELA ESTEBAN CALVO
ÁNGELA IBÁÑEZ BRAVO
ÁNGELA LEÓN DÍEZ
ÁNGELA MOYA ALONSO
ÁNGELA MUÑOZ CASTRO
ÁNGELA NIETO CRESPO
ÁNGELA PEÑA GIMÉNEZ
ÁNGELA PÉREZ SOLER
ÁNGELA VICENTE GIMÉNEZ
ÁNGELA VIDAL HERRERA
ÁNGELES ÁLVAREZ SANTANA
ÁNGELES CABALLERO RUIZ
ÁNGELES CAMBIL CABALLERO
ÁNGELES FERRER ORTIZ
ÁNGELES GARRIDO ORTIZ
ÁNGELES LORENZO MONTORO
ÁNGELES MORENO HIDALGO
ÁNGELES SANTANA MONTERO
ÁNGELES VIDAL GARCÍA
ANIANO CARRASCO BLESA
ANIANO CARRASCO HERRERO
ANIANO FERRER BENÍTEZ
ANIANO HERRERO PARRA
ANIANO IGLESIAS GARRIDO
ANIANO IGLESIAS LOZANO
ANIANO MEDINA VELASCO
ANIANO NAVARRO MORENO
ANIANO RUIZ GARCÍA
ANIANO SÁNCHEZ SANZ
ANIANO SUÁREZ VIDAL
ANNA BRAVO HERRERO
ANNA CASTRO SOTO
ANNA CORTÉS MARTÍNEZ
ANNA FERNÁNDEZ PÉREZ
ANNA FLORES CASTRO
ANNA GÓMEZ FUENTES
ANNA HERRERA DELGADO
ANNA NÚÑEZ NAVARRO
ANNA ORTEGA REYES
ANNA PARRA SANTIAGO
ANNA RUIZ VELASCO
ANNA VEGA FLORES
ANNA VELASCO ESTEBAN
ANNA VICENTE RAMÍREZ
ANSELMO GUTIÉRREZ CRESPO
ANSELMO JIMÉNEZ SANTIAGO
ANSELMO LÓPEZ MORALES
ANSELMO MORENO SUÁREZ
ANSELMO MOYA GALLARDO
ANSELMO MOYA IBÁÑEZ
ANSELMO ROMÁN PEÑA
ANSELMO SERRANO HERRERO
ANSELMO SOLER ARIAS
ANSELMO VARGAS MORA
ANTERO BENÍTEZ SÁNCHEZ
ANTERO CAMBIL MORA
ANTERO CANO CRESPO
ANTERO GIL MORALES
ANTERO IBÁÑEZ SANZ
ANTERO MÁRQUEZ MARÍN
ANTERO MONTORO SÁNCHEZ
ANTERO MORENO LÓPEZ
ANTERO MUÑOZ CABALLERO
ANTERO NIETO MORENO
ANTERO RAMÍREZ SANTANA
ANTERO VÁZQUEZ PEÑA
ANTONIA DELGADO LÓPEZ
ANTONIA ESTEBAN HERRERO
ANTONIA HERNÁNDEZ SERRANO
ANTONIA MÉNDEZ ÁLVAREZ
ANTONIA PRIETO CANO
ANTONIO CASTRO GALLARDO
ANTONIO MÉNDEZ PRIETO
ANTONIO NIETO PEÑA
ANTONIO PEÑA MONTORO
ANTONIO PRIETO MONTORO
ANTONIO SOLER VEGA
ANTONIO SOTO PASCUAL
AQUILES BLANCO PEÑA
AQUILES BLESA SOLER
AQUILES CASTRO GUTIÉRREZ
AQUILES DELGADO SANZ
AQUILES GALLARDO RAMÍREZ
AQUILES GONZÁLEZ LORENZO
AQUILES GUERRERO LORENZO
AQUILES GUERRERO VÁZQUEZ
AQUILES LORENZO CASTILLO
AQUILES MUÑOZ GALLARDO
AQUILES PÉREZ CAMPOS
AQUILES REYES ESTEBAN
AQUILES RODRÍGUEZ CASTRO
AQUILES RUIZ PEÑA
ARACELI CAMPOS FUENTES
ARACELI CASTILLO GUERRERO
ARACELI GALLARDO SERRANO
ARACELI IBÁÑEZ VICENTE
ARACELI MÉNDEZ MARTÍNEZ
ARACELI MONTERO VIDAL
ARACELI ORTEGA ÁLVAREZ
ARACELI SÁEZ PEÑA
ARACELI SANZ PASCUAL
ARACELI SANZ SOTO
ARACELI SUÁREZ PASCUAL
ARÁNZAZU AGUILAR VARGAS
ARÁNZAZU ALONSO IBÁÑEZ
ARÁNZAZU BRAVO AGUILAR
ARÁNZAZU BRAVO BLANCO
ARÁNZAZU CORTÉS GUTIÉRREZ
ARÁNZAZU GIMÉNEZ MARTÍN
ARÁNZAZU GUTIÉRREZ GÓMEZ
ARÁNZAZU MÁRQUEZ DÍAZ
ARÁNZAZU ROMÁN REYES
ARCADIO BENÍTEZ VARGAS
ARCADIO CORTÉS VEGA
ARCADIO GARCÍA VELASCO
ARCADIO GUERRERO MUÑOZ
ARCADIO MOYA PARRA
ARCADIO ROMÁN MOYA
ARCADIO VARGAS VICENTE
ARESIO BLANCO NIETO
ARESIO HERRERA CARMONA
ARESIO MONTERO HIDALGO
ARESIO PEÑA MORALES
ARESIO RUBIO ROMERO
ARIADNA BENÍTEZ BRAVO
ARIADNA BRAVO ESTEBAN
ARIADNA GONZÁLEZ GIL
ARIADNA ORTEGA MOLINA
ARIADNA ORTIZ BLANCO
ARIADNA PASTOR CRUZ
ARIADNA RUBIO MARÍN
ARIADNA SANZ HIDALGO
ARIADNA SERRANO RAMOS
ARIADNA SOLER AGUILAR
ARISTIDES ALONSO PRIETO
ARISTIDES CABALLERO CRUZ
ARISTIDES CASTRO ROMÁN
ARISTIDES DOMÍNGUEZ HERRERA
ARISTIDES DOMÍNGUEZ VIDAL
ARISTIDES LÓPEZ GIMÉNEZ
ARISTIDES MARTÍNEZ PARRA
ARISTIDES MORALES MORALES
ARISTIDES MOYA CAMBIL
ARISTIDES PÉREZ HERNÁNDEZ
ARISTIDES RAMOS LORENZO
ARISTIDES SANTANA MUÑOZ
ARNALDO CRUZ HERNÁNDEZ
ARNALDO DELGADO ÁLVAREZ
ARNALDO GALLEGO SUÁREZ
ARNALDO MORENO IBÁÑEZ
ARNALDO MOYA CAMPOS
ARNALDO NAVARRO VELASCO
ARNALDO PARRA SANTOS
ARNALDO PASCUAL HERRERO
ARNALDO PÉREZ MÉNDEZ
ARNALDO SÁNCHEZ MORA
ARNALDO SOTO SANTOS
ARTEMIO ÁLVAREZ GUERRERO
ARTEMIO CASTRO BENÍTEZ
ARTEMIO DÍAZ MARTÍNEZ
ARTEMIO DOMÍNGUEZ RUBIO
ARTEMIO IGLESIAS VELASCO
ARTEMIO MÉNDEZ SÁEZ
ARTEMIO PASTOR SUÁREZ
ARTEMIO RUBIO CAMBIL
ARTEMIO SOLER HERNÁNDEZ
ARTEMIO VEGA SANZ
ARTURO CASTILLO MEDINA
ARTURO ESTEBAN GALLARDO
ARTURO MARTÍNEZ GIL
ARTURO MORA PÉREZ
ARTURO MORALES ROMÁN
ARTURO NÚÑEZ CRESPO
ARTURO RAMOS RUBIO
ARTURO RUBIO CAMBIL
ARTURO RUIZ CALVO
ARTURO SANTANA MEDINA
ASCENSIÓN CALVO ARIAS
ASCENSIÓN FLORES GARRIDO
ASCENSIÓN GIMÉNEZ CANO
ASCENSIÓN MARÍN MUÑOZ
ASCENSIÓN MARTÍNEZ HERNÁNDEZ
ASCENSIÓN ROMERO VARGAS
ASCENSIÓN SOTO DÍAZ
ASCENSIÓN SUÁREZ DÍEZ
ASCENSIÓN SUÁREZ PASCUAL
ASUNCIÓN ÁLVAREZ CANO
ASUNCIÓN BLANCO GARCÍA
ASUNCIÓN CAMBIL MONTERO
ASUNCIÓN CANO SANTIAGO
ASUNCIÓN GALLARDO CALVO
ASUNCIÓN GALLARDO GÓMEZ
ASUNCIÓN MONTERO MOYA
ATANASIO GIL LORENZO
ATANASIO LEÓN DELGADO
ATANASIO MARTÍN GIL
ATANASIO MÉNDEZ MÉNDEZ
ATANASIO MORA GARCÍA
ATANASIO REY ROMERO
ATANASIO REYES ROMERO
ATANASIO TORRES MORA
AUGUSTO BENÍTEZ ROMERO
AUGUSTO FLORES CABRERA
AUGUSTO HERRERO IBÁÑEZ
AUGUSTO IGLESIAS LÓPEZ
AUGUSTO MÁRQUEZ REY
AUGUSTO MARTÍNEZ ROMERO
AUGUSTO RUBIO VIDAL
AUGUSTO RUIZ FERRER
AUGUSTO VIDAL CORTÉS
ÁUREA CARRASCO PRIETO
ÁUREA DÍEZ NÚÑEZ
ÁUREA FERRER SANTANA
ÁUREA GONZÁLEZ GUERRERO
ÁUREA RAMOS CRESPO
ÁUREA SÁNCHEZ NÚÑEZ
ÁUREA SANTOS PARRA
ÁUREA SANZ FUENTES
ÁUREA SERRANO MORA
AURELIA BENÍTEZ CRUZ
AURELIA CABALLERO JIMÉNEZ
AURELIA CABRERA CALVO
AURELIA CAMPOS CRESPO
AURELIA CARRASCO MÁRQUEZ
AURELIA CRUZ HERRERO
AURELIA GARRIDO VELASCO
AURELIA HIDALGO FERRER
AURELIA LORENZO GUERRERO
AURELIA MUÑOZ BENÍTEZ
AURELIA PARRA PÉREZ
AURELIA PEÑA PEÑA
AURELIANO CANO FERRER
AURELIANO DELGADO PEÑA
AURELIANO ESTEBAN CORTÉS
AURELIANO MARTÍNEZ PRIETO
AURELIANO MORA NIETO
AURELIANO MORA SANTOS
AURELIANO MORENO SERRANO
AURELIANO NAVARRO CRUZ
AURELIANO SANTANA DELGADO
AURELIO ÁLVAREZ CABRERA
AURELIO CAMBIL SÁEZ
AURELIO CAMPOS VARGAS
AURELIO GONZÁLEZ CRUZ
AURELIO LÓPEZ DÍAZ
AURELIO MONTERO HERRERO
AURELIO PRIETO NAVARRO
AURELIO RODRÍGUEZ SANTOS
AURELIO VARGAS MOLINA
AURORA AGUILAR MOYA
AURORA ÁLVAREZ MEDINA
AURORA BLANCO FUENTES
AURORA FUENTES VIDAL
AURORA GUTIÉRREZ FERNÁNDEZ
AURORA MONTERO HERRERA
AURORA MOYA SÁEZ
AURORA PEÑA JIMÉNEZ
AURORA ROMÁN FLORES
AURORA ROMÁN RUIZ
AURORA SANTANA DÍAZ
AURORA SUÁREZ BENÍTEZ
BALDOMERO AGUILAR MORALES
BALDOMERO CARRASCO VIDAL
BALDOMERO CASTRO TORRES
BALDOMERO DELGADO PEÑA
BALDOMERO GARCÍA ROMERO
BALDOMERO GIMÉNEZ ESTEBAN
BALDOMERO GUERRERO GALLARDO
BALDOMERO MARÍN PEÑA
BALDOMERO MÉNDEZ FERRER
BALDOMERO NÚÑEZ FUENTES
BALDOMERO ORTIZ SOLER
BALDOMERO TORRES FERNÁNDEZ
BALDUINO DÍAZ MORALES
BALDUINO GALLARDO SANTIAGO
BALDUINO MEDINA NÚÑEZ
BALDUINO MUÑOZ ROMÁN
BALTASAR GIMÉNEZ REYES
BALTASAR SERRANO RUIZ
BÁRBARA AGUILAR LOZANO
BÁRBARA CALVO LOZANO
BÁRBARA CRESPO CABRERA
BÁRBARA FLORES HERNÁNDEZ
BÁRBARA GUTIÉRREZ MONTORO
BÁRBARA LOZANO GIL
BÁRBARA MÁRQUEZ SANTIAGO
BÁRBARA MEDINA ESTEBAN
BÁRBARA SUÁREZ BENÍTEZ
BARTOLOMÉ AGUILAR GUERRERO
BARTOLOMÉ CALVO BLANCO
BARTOLOMÉ CASTILLO DELGADO
BARTOLOMÉ IGLESIAS MARTÍN
BARTOLOMÉ IGLESIAS PEÑA
BARTOLOMÉ SERRANO CARMONA
BARTOLOMÉ SUÁREZ MORALES
BASILEO CANO MOYA
BASILEO CARMONA PRIETO
BASILEO IGLESIAS MONTERO
BASILEO MORALES CABRERA
BASILEO MUÑOZ PASTOR
BASILEO RAMÍREZ VEGA
BASILEO SUÁREZ LÓPEZ
BEATRIZ BLANCO BLANCO
BEATRIZ CABRERA GUERRERO
BEATRIZ CARRASCO LEÓN
BEATRIZ DOMÍNGUEZ LÓPEZ
BEATRIZ GÓMEZ ARIAS
BEATRIZ SANZ PRIETO
BEATRIZ SOLER IBÁÑEZ
BEATRIZ VARGAS BENÍTEZ
BEGOÑA CARMONA MONTORO
BEGOÑA CARRASCO LÓPEZ
BEGOÑA CORTÉS BLANCO
BEGOÑA FERNÁNDEZ MORENO
BEGOÑA FLORES ARIAS
BEGOÑA HERNÁNDEZ ALONSO
BEGOÑA LÓPEZ SERRANO
BEGOÑA PEÑA NÚÑEZ
BEGOÑA PÉREZ CALVO
BELÉN FUENTES VIDAL
BELÉN GARCÍA ORTIZ
BELÉN HERNÁNDEZ ARIAS
BELÉN HIDALGO VICENTE
BELÉN IGLESIAS MONTERO
BELÉN MARTÍNEZ BRAVO
BELÉN PASTOR SANTANA
BELTRÁN GARRIDO GARCÍA
BELTRÁN GÓMEZ IBÁÑEZ
BELTRÁN PASTOR MOLINA
BELTRÁN REY ROMÁN
BENEDICTO ARIAS NÚÑEZ
BENEDICTO ARIAS ORTEGA
BENEDICTO DURÁN LEÓN
BENEDICTO ESTEBAN FERRER
BENEDICTO LOZANO SÁEZ
BENEDICTO MARTÍNEZ PÉREZ
BENIGNO CASTRO PÉREZ
BENIGNO CRUZ HERRERA
BENIGNO GONZÁLEZ DOMÍNGUEZ
BENIGNO GUTIÉRREZ DELGADO
BENIGNO GUTIÉRREZ SERRANO
BENIGNO HIDALGO VEGA
BENIGNO MARÍN CAMBIL
BENITO AGUILAR VARGAS
BENITO BLESA FERRER
BENITO CAMPOS ORTIZ
BENITO CASTILLO HERNÁNDEZ
BENITO DOMÍNGUEZ CORTÉS
BENITO GALLEGO CALVO
BENITO IBÁÑEZ SOTO
BENITO LOZANO LORENZO
BENITO MOYA DÍAZ
BENITO NÚÑEZ NÚÑEZ
BENITO PÉREZ MEDINA
BENITO SANZ PASCUAL
BENITO VELASCO ORTEGA
BENITO VICENTE GIMÉNEZ
BENJAMÍN CAMPOS RUBIO
BENJAMÍN DÍAZ BENÍTEZ
BENJAMÍN MORENO VÁZQUEZ
BENJAMÍN SANTIAGO CARMONA
BERNABÉ BLESA HERRERA
BERNABÉ DÍEZ FLORES
BERNABÉ FLORES MORA
BERNABÉ GARRIDO RODRÍGUEZ
BERNABÉ GIMÉNEZ CALVO
BERNABÉ HIDALGO SANTANA
BERNABÉ LEÓN LOZANO
BERNABÉ MEDINA CARMONA
BERNABÉ MOLINA JIMÉNEZ
BERNABÉ PASCUAL NÚÑEZ
BERNABÉ VIDAL CARRASCO
BERNARDA BENÍTEZ DÍAZ
BERNARDA CALVO ESTEBAN
BERNARDA CAMPOS SUÁREZ
BERNARDA GUERRERO ORTIZ
BERNARDA IBÁÑEZ TORRES
BERNARDA LÓPEZ CAMBIL
BERNARDA MORENO PÉREZ
BERNARDO ÁLVAREZ TORRES
BERNARDO BRAVO MÉNDEZ
BERNARDO CABALLERO GIMÉNEZ
BERNARDO CRESPO NÚÑEZ
BERNARDO GIL FLORES
BERNARDO GIL ORTIZ
BERNARDO GUERRERO GONZÁLEZ
BERNARDO HERNÁNDEZ HIDALGO
BERNARDO HIDALGO SÁNCHEZ
BERNARDO LÓPEZ BRAVO
BERNARDO LÓPEZ SERRANO
BERNARDO RODRÍGUEZ FUENTES
BLANCA CRESPO VIDAL
BLANCA IBÁÑEZ IGLESIAS
BLANCA LOZANO DURÁN
BLANCA MÁRQUEZ PASTOR
BLANCA MEDINA ÁLVAREZ
BLANCA MORALES NAVARRO
BLANCA PASTOR SUÁREZ
BLANCA VELASCO MARTÍNEZ
BLAS CABALLERO CALVO
BLAS CABALLERO IGLESIAS
BLAS CORTÉS RAMÍREZ
BLAS DURÁN SERRANO
BLAS LOZANO LORENZO
BLAS MORALES SANTANA
BLAS PÉREZ SOLER
BLAS RAMÍREZ JIMÉNEZ
BLAS ROMÁN GALLEGO
BLAS SANTOS MOLINA
BLAS SOLER REY
BLAS VÁZQUEZ IGLESIAS
BONIFACIO BENÍTEZ RUIZ
BONIFACIO CORTÉS FLORES
BONIFACIO CRUZ DURÁN
BONIFACIO GARRIDO RAMOS
BONIFACIO GIMÉNEZ GIL
BONIFACIO HERRERA DÍAZ
BONIFACIO JIMÉNEZ MORALES
BONIFACIO MARTÍN MOLINA
BONIFACIO MOYA VARGAS
BONIFACIO PASCUAL BENÍTEZ
BONIFACIO VICENTE DELGADO
BORJA CABALLERO MARTÍNEZ
BORJA CASTILLO ROMÁN
BORJA FLORES PEÑA
BORJA PRIETO JIMÉNEZ
BORJA REYES CAMBIL
BORJA REYES CASTILLO
BORJA RODRÍGUEZ IGLESIAS
BRUNO GARRIDO VÁZQUEZ
BRUNO GONZÁLEZ MONTERO
BRUNO GUTIÉRREZ RUIZ
BRUNO HERRERA PÉREZ
BRUNO IBÁÑEZ MORA
BRUNO MORA CASTRO
BRUNO MORA SANTANA
BRUNO MORENO LORENZO
BRUNO NAVARRO VELASCO
BRUNO NIETO FLORES
BRUNO SANZ DOMÍNGUEZ
BRUNO VÁZQUEZ VÁZQUEZ
CALIXTO CARRASCO ROMÁN
CALIXTO FUENTES FERRER
CALIXTO MONTORO MORALES
CALIXTO NIETO LEÓN
CALIXTO RAMOS FLORES
CALIXTO RODRÍGUEZ CARRASCO
CALIXTO SANZ ORTEGA
CALIXTO VARGAS RODRÍGUEZ
CAMILO ARIAS VARGAS
CAMILO BRAVO DÍAZ
CAMILO CAMPOS NIETO
CAMILO GONZÁLEZ GUERRERO
CAMILO MARTÍNEZ CASTRO
CAMILO MEDINA MORALES
CAMILO NAVARRO SANTANA
CÁNDIDA CARMONA SUÁREZ
CÁNDIDA HIDALGO CARRASCO
CÁNDIDA NAVARRO VÁZQUEZ
CÁNDIDA SOTO GUTIÉRREZ
CARINA ALONSO RODRÍGUEZ
CARINA ALONSO VELASCO
CARINA BRAVO PÉREZ
CARINA GIMÉNEZ CALVO
CARINA PARRA DÍAZ
CARINA SANTOS GIMÉNEZ
CARINA SANZ CARRASCO
CARLOS GALLEGO FERRER
CARLOS GARCÍA FERRER
CARLOS HERRERA IBÁÑEZ
CARLOS IGLESIAS DELGADO
CARLOS LÓPEZ VEGA
CARLOS LOZANO CAMBIL
CARMELO CRESPO FUENTES
CARMELO FERRER BENÍTEZ
CARMELO GIL FUENTES
CARMELO PASCUAL LOZANO
CARMELO SANTOS SÁNCHEZ
CARMELO TORRES IGLESIAS
CARMEN CAMBIL CAMPOS
CARMEN CASTRO REY
CARMEN FERNÁNDEZ CABALLERO
CARMEN LÓPEZ SERRANO
CARMEN MONTORO HERRERO
CARMEN MORENO ARIAS
CARMEN SANTOS LÓPEZ
CARMEN VARGAS SERRANO
CAROLINA MOLINA LOZANO
CAROLINA MORA MÁRQUEZ
CAROLINA VELASCO BRAVO
CASIANO ALONSO HERRERO
CASIANO ALONSO MARÍN
CASIANO ALONSO NAVARRO
CASIANO DOMÍNGUEZ CAMPOS
CASIANO FUENTES GIMÉNEZ
CASIANO IGLESIAS PRIETO
CASIANO SANTANA BLESA
CASIMIRO BRAVO PARRA
CASIMIRO CANO MOYA
CASIMIRO DURÁN DÍEZ
CASIMIRO FERNÁNDEZ GALLARDO
CASIMIRO FERRER NÚÑEZ
CASIMIRO GARCÍA CORTÉS
CASIMIRO GIL PRIETO
CASIMIRO GONZÁLEZ MARÍN
CASIMIRO HIDALGO SUÁREZ
CASIMIRO MÉNDEZ GUERRERO
CASIMIRO TORRES CRESPO
CASIMIRO VELASCO ÁLVAREZ
CASIMIRO VICENTE PÉREZ
CASIMIRO VIDAL CALVO
CASIO BLESA GALLARDO
CASIO GUERRERO CARMONA
CASIO MÉNDEZ GUTIÉRREZ
CASIO NIETO VEGA
CASIO ORTEGA CARMONA
CASIO RODRÍGUEZ CAMPOS
CASIO SANZ DURÁN
CASIO VIDAL RUBIO
CATALINA CALVO FUENTES
CATALINA GALLARDO RODRÍGUEZ
CATALINA GIMÉNEZ DOMÍNGUEZ
CATALINA IBÁÑEZ BLESA
CATALINA REYES VICENTE
CATALINA VELASCO FERNÁNDEZ
CATALINA VELASCO GONZÁLEZ
CAYETANO CORTÉS LORENZO
CAYETANO HERRERO PASTOR
CAYETANO JIMÉNEZ GARCÍA
CAYETANO MARTÍNEZ MONTERO
CAYETANO MUÑOZ ORTEGA
CAYETANO ORTIZ CORTÉS
CAYETANO SERRANO CRESPO
CAYO BRAVO LEÓN
CAYO CASTRO CRESPO
CAYO DÍAZ JIMÉNEZ
CAYO FERNÁNDEZ CAMPOS
CAYO FERRER LORENZO
CAYO GARRIDO ORTIZ
CAYO HIDALGO CABALLERO
CAYO NÚÑEZ CABALLERO
CAYO SUÁREZ SUÁREZ
CECILIA CAMPOS ROMÁN
CECILIA FUENTES GUTIÉRREZ
CECILIA GARRIDO VARGAS
CECILIA HERRERA BLESA
CECILIA LORENZO MORALES
CECILIA MORENO MEDINA
CECILIA PASCUAL GUTIÉRREZ
CECILIA RUIZ IBÁÑEZ
CECILIA SOLER MORALES
CECILIA TORRES CAMBIL
CECILIA VARGAS MUÑOZ
CEFERINO AGUILAR GIMÉNEZ
CEFERINO ALONSO DOMÍNGUEZ
CEFERINO ÁLVAREZ GUERRERO
CEFERINO CARMONA CAMBIL
CEFERINO FUENTES SOLER
CEFERINO GUTIÉRREZ LEÓN
CEFERINO MORALES ROMÁN
CEFERINO PEÑA ESTEBAN
CEFERINO RUBIO LORENZO
CEFERINO SERRANO MUÑOZ
CELIA MARTÍN GARRIDO
CELIA NÚÑEZ LOZANO
CELIA ORTEGA CARMONA
CELIA SERRANO GALLEGO
CELIA VICENTE MOLINA
CELINA DELGADO ALONSO
CELINA GONZÁLEZ CAMBIL
CELINA IGLESIAS NIETO
CELINA MARTÍNEZ ARIAS
CELINA MORENO BLESA
CELINA VICENTE PASTOR
CELINA VIDAL GARRIDO
CELSO ARIAS MEDINA
CELSO DURÁN CANO
CELSO GIMÉNEZ FUENTES
CELSO GUTIÉRREZ IBÁÑEZ
CELSO MONTORO PRIETO
CELSO ORTEGA VELASCO
CELSO RAMOS GARRIDO
CELSO VARGAS CARMONA
CELSO VICENTE CASTILLO
CÉSAR BENÍTEZ SANTOS
CÉSAR GIL FERRER
CÉSAR GUERRERO GONZÁLEZ
CÉSAR MARTÍNEZ ARIAS
CÉSAR SÁNCHEZ DURÁN
CÉSAR SANZ PÉREZ
CÉSAR VICENTE CRUZ
CESÁREO ÁLVAREZ GÓMEZ
CESÁREO BENÍTEZ ROMERO
CESÁREO CANO NAVARRO
CESÁREO MORALES ESTEBAN
CESÁREO ORTEGA GUERRERO
CESÁREO ORTEGA LÓPEZ
CESÁREO SÁNCHEZ HERNÁNDEZ
CESÁREO SANTOS MORA
CESÁREO VARGAS ESTEBAN
CIPRIANO CAMBIL LORENZO
CIPRIANO CARMONA AGUILAR
CIPRIANO CARMONA MARTÍNEZ
CIPRIANO HERRERA NIETO
CIPRIANO MORA LEÓN
CIPRIANO MOYA CORTÉS
CIPRIANO RAMOS SOTO
CIPRIANO RODRÍGUEZ GIL
CIPRIANO SANTOS CRUZ
CIRILO BLANCO MORALES
CIRILO MONTORO MEDINA
CIRILO RAMOS ALONSO
CIRILO RUBIO SÁEZ
CIRILO SANTIAGO MÉNDEZ
CIRILO VELASCO LORENZO
CIRILO VIDAL LOZANO
CIRINO ARIAS CABALLERO
CIRINO ARIAS CALVO
CIRINO CARMONA CRESPO
CIRINO GÓMEZ AGUILAR
CIRINO GONZÁLEZ MONTORO
CIRINO MEDINA CABRERA
CIRINO MOLINA PÉREZ
CIRINO PEÑA SÁNCHEZ
CIRINO VARGAS JIMÉNEZ
CIRO CARMONA IGLESIAS
CIRO CARRASCO PASCUAL
CIRO CORTÉS CAMBIL
CIRO FERRER CARRASCO
CIRO GUTIÉRREZ DÍEZ
CIRO HERNÁNDEZ HIDALGO
CIRO PASTOR SANTIAGO
CIRO PÉREZ LORENZO
CIRO SÁEZ NÚÑEZ
CIRO SUÁREZ MÉNDEZ
CIRO TORRES AGUILAR
CLARA BRAVO BLANCO
CLARA CARMONA ALONSO
CLARA GUERRERO CANO
CLARA RUBIO ORTEGA
CLAUDIA AGUILAR MORENO
CLAUDIA DELGADO CRESPO
CLAUDIA DÍAZ HERNÁNDEZ
CLAUDIA GÓMEZ ARIAS
CLAUDIA GONZÁLEZ CORTÉS
CLAUDIA NIETO FUENTES
CLAUDIA PASTOR JIMÉNEZ
CLAUDIA SÁNCHEZ JIMÉNEZ
CLAUDIA TORRES CARMONA
CLAUDIO CALVO CALVO
CLAUDIO CORTÉS CRUZ
CLAUDIO HERRERA CANO
CLAUDIO MARTÍN ÁLVAREZ
CLAUDIO NIETO NAVARRO
CLAUDIO SOLER HERRERA
CLAUDIO VICENTE BENÍTEZ
CLEOFÁS CARRASCO CAMPOS
CLEOFÁS CRESPO BENÍTEZ
CLEOFÁS LÓPEZ BLESA
CLEOFÁS MARÍN MORA
CLEOFÁS MEDINA MORA
CLEOFÁS MORA RAMÍREZ
CLEOFÁS NIETO GALLEGO
CLEOFÁS PARRA CRESPO
CLEOFÁS PEÑA BLANCO
CLEOFÁS REYES RUBIO
CLEOFÁS REYES SANZ
CLEOFÁS SOTO CAMPOS
CLOTILDE ÁLVAREZ MORENO
CLOTILDE ESTEBAN BRAVO
CLOTILDE ESTEBAN LORENZO
CLOTILDE IBÁÑEZ JIMÉNEZ
CLOTILDE IBÁÑEZ MORENO
CLOTILDE LORENZO CANO
CLOTILDE MÁRQUEZ TORRES
CLOTILDE NAVARRO ALONSO
CLOTILDE SÁNCHEZ CAMPOS
CLOTILDE SANTOS GALLARDO
COLOMBO BENÍTEZ SOLER
COLOMBO CAMBIL HERNÁNDEZ
COLOMBO GIMÉNEZ SOLER
COLOMBO HERNÁNDEZ MOYA
COLOMBO LOZANO JIMÉNEZ
COLOMBO MARTÍN SOLER
COLOMBO SANTOS MEDINA
COLOMBO SOTO MÉNDEZ
COLOMBO SUÁREZ MEDINA
COLOMBO VELASCO GONZÁLEZ
COLOMBO VICENTE GÓMEZ
COLUMBA ARIAS FERRER
COLUMBA BLANCO RODRÍGUEZ
COLUMBA CANO DELGADO
COLUMBA HIDALGO MUÑOZ
COLUMBA IBÁÑEZ SANTANA
COLUMBA LORENZO CORTÉS
COLUMBA MONTERO MEDINA
COLUMBA RUBIO BRAVO
COLUMBA SANTOS HERNÁNDEZ
COLUMBANO BENÍTEZ VÁZQUEZ
COLUMBANO ESTEBAN FERRER
COLUMBANO ESTEBAN MORENO
COLUMBANO FLORES PASCUAL
COLUMBANO HERRERA MÁRQUEZ
COLUMBANO HERRERO HIDALGO
COLUMBANO IGLESIAS MORALES
COLUMBANO SUÁREZ FLORES
CONCEPCIÓN IBÁÑEZ CRESPO
CONCEPCIÓN PASCUAL HERRERA
CONCEPCIÓN REYES ÁLVAREZ
CONCEPCIÓN SANZ LOZANO
CONRADO CABALLERO RUBIO
CONRADO CANO LOZANO
CONRADO DÍAZ FLORES
CONRADO FUENTES SUÁREZ
CONRADO GARRIDO FERNÁNDEZ
CONRADO HERRERO IBÁÑEZ
CONRADO HERRERO RUBIO
CONRADO LOZANO VARGAS
CONRADO MÉNDEZ ARIAS
CONRADO MORA ESTEBAN
CONRADO PARRA ÁLVAREZ
CONRADO PARRA CRUZ
CONRADO PRIETO GALLARDO
CONRADO REYES PRIETO
CONSTANCIO CRUZ VÁZQUEZ
CONSTANCIO PEÑA NAVARRO
CONSTANCIO PÉREZ FLORES
CONSTANTINO CAMPOS CALVO
CONSTANTINO FERRER REYES
CONSTANTINO GARRIDO FUENTES
CONSTANTINO HIDALGO SANTIAGO
CONSTANTINO MÁRQUEZ VIDAL
CONSTANTINO MARTÍNEZ SUÁREZ
CONSTANTINO MOYA REY
CONSTANTINO PARRA CASTILLO
CONSTANTINO PASTOR FLORES
CONSTANTINO PEÑA PRIETO
CONSTANTINO PÉREZ DELGADO
CONSUELO ALONSO MEDINA
CONSUELO CABRERA HERRERO
CONSUELO CARRASCO MOLINA
CONSUELO DELGADO SÁEZ
CONSUELO IBÁÑEZ MORENO
CONSUELO IBÁÑEZ PRIETO
CONSUELO MORA CRUZ
CONSUELO NAVARRO GARCÍA
CONSUELO PASCUAL MONTERO
CONSUELO REY CANO
CONSUELO ROMÁN CASTILLO
CONSUELO RUIZ MÉNDEZ
CONSUELO SANTIAGO HERNÁNDEZ
COSME CAMBIL SUÁREZ
COSME CAMPOS ARIAS
COSME CASTILLO CASTILLO
COSME DELGADO BRAVO
COSME MÉNDEZ GIMÉNEZ
COSME MORALES REY
COSME ORTIZ SANTIAGO
COSME ROMERO DOMÍNGUEZ
COSME VARGAS BLANCO
COSME VÁZQUEZ VÁZQUEZ
CRISTIAN CARMONA MONTORO
CRISTIAN CRESPO IBÁÑEZ
CRISTIAN GONZÁLEZ IBÁÑEZ
CRISTIAN HERRERO FLORES
CRISTIAN RAMOS VARGAS
CRISTIAN VELASCO REY
CRISTINA BLANCO HERNÁNDEZ
CRISTINA BRAVO GIL
CRISTINA DURÁN MUÑOZ
CRISTINA ESTEBAN LOZANO
CRISTINA FERNÁNDEZ CANO
CRISTINA FERNÁNDEZ CARRASCO
CRISTINA FERRER GARRIDO
CRISTINA HERRERO ROMERO
CRISTINA HIDALGO REY
CRISTINA MONTORO MORENO
CRISTINA REYES CARRASCO
CRISTINA SANTANA TORRES
CRISTÓBAL ESTEBAN GARCÍA
CRISTÓBAL GALLARDO SANTIAGO
CRISTÓBAL GALLEGO MÁRQUEZ
CRISTÓBAL GALLEGO MONTERO
CRISTÓBAL GARCÍA GUERRERO
CRISTÓBAL GIL RAMOS
CRISTÓBAL LEÓN MORENO
CRISTÓBAL MARTÍN CAMPOS
CRISTÓBAL ROMÁN MUÑOZ
CRISTÓBAL SUÁREZ FUENTES
DACIANO ALONSO ROMÁN
DACIANO BENÍTEZ REY
DACIANO BRAVO CARMONA
DACIANO IBÁÑEZ SÁNCHEZ
DACIANO LORENZO CRESPO
DACIANO MARTÍNEZ DELGADO
DACIANO MOLINA CANO
DACIANO NAVARRO VELASCO
DACIANO PÉREZ GUERRERO
DACIANO SÁNCHEZ PARRA
DACIO CAMPOS RUIZ
DACIO CARMONA HERNÁNDEZ
DACIO DELGADO FERRER
DACIO ESTEBAN MONTERO
DACIO FERRER MEDINA
DACIO MARTÍN GUERRERO
DACIO NIETO CABALLERO
DACIO PARRA CABRERA
DACIO RAMOS MORENO
DACIO VEGA HERRERA
DÁMASO BRAVO DURÁN
DÁMASO CABRERA GARRIDO
DÁMASO CALVO MOYA
DÁMASO CARRASCO MEDINA
DÁMASO CASTRO FUENTES
DÁMASO DELGADO CARMONA
DÁMASO DÍEZ PÉREZ
DÁMASO DURÁN GÓMEZ
DÁMASO ESTEBAN BENÍTEZ
DÁMASO GUTIÉRREZ CRESPO
DÁMASO HERRERO FLORES
DÁMASO HIDALGO FERRER
DÁMASO MÉNDEZ NAVARRO
DÁMASO SUÁREZ DÍEZ
DÁMASO TORRES HERRERA
DAMIÁN CRUZ SOLER
DAMIÁN NÚÑEZ ORTIZ
DAMIÁN ORTIZ RUBIO
DAMIÁN VEGA GUERRERO
DANIEL BENÍTEZ CAMPOS
DANIEL BLESA MUÑOZ
DANIEL FERRER SOTO
DANIEL FLORES LORENZO
DANIEL HERRERO RUIZ
DANIEL LOZANO GUERRERO
DANIEL MONTERO HERRERO
DANIEL MONTERO SUÁREZ
DANIEL PASCUAL ROMERO
DANIEL PASTOR BLANCO
DANIEL SUÁREZ CABALLERO
DARIO CANO DELGADO
DARIO GARCÍA CRESPO
DARIO MARTÍN VELASCO
DARIO MEDINA SÁNCHEZ
DARIO NAVARRO PASCUAL
DARIO REYES CABRERA
DARIO SANZ FLORES
DAVID CARRASCO SANTANA
DAVID GIL REYES
DAVID HIDALGO NAVARRO
DAVID JIMÉNEZ DOMÍNGUEZ
DAVID SOLER RUBIO
DAVID TORRES MARÍN
DEMÓCRITO ARIAS GARRIDO
DEMÓCRITO HERRERO CANO
DEMÓCRITO NAVARRO JIMÉNEZ
DEMÓCRITO RAMOS MÉNDEZ
DEMÓCRITO RUBIO VELASCO
DEMÓCRITO SANTOS CRUZ
DIEGO ARIAS MUÑOZ
DIEGO BLANCO GÓMEZ
DIEGO DÍAZ ROMÁN
DIEGO HERRERA MÁRQUEZ
DIEGO JIMÉNEZ RUBIO
DIEGO REYES VARGAS
DIEGO SANTANA HIDALGO
DIEGO SANTOS HERNÁNDEZ
DIEGO SANTOS TORRES
DIEGO VEGA CORTÉS
DIEGO VIDAL LORENZO
DIMAS BRAVO BRAVO
DIMAS CABALLERO SÁNCHEZ
DIMAS CABRERA ORTIZ
DIMAS CANO ROMERO
DIMAS CRUZ NAVARRO
DIMAS ESTEBAN GIMÉNEZ
DIMAS GALLEGO VICENTE
DIMAS GIL AGUILAR
DIMAS HIDALGO DELGADO
DIMAS MARÍN RAMÍREZ
DIMAS MONTERO PARRA
DIMAS SANZ VELASCO
DIMAS TORRES CASTRO
DOLORES ARIAS FERNÁNDEZ
DOLORES CABRERA VARGAS
DOLORES CAMBIL MORA
DOLORES CASTILLO MARÍN
DOLORES DÍAZ DÍEZ
DOLORES DOMÍNGUEZ HERRERA
DOLORES GONZÁLEZ CORTÉS
DOLORES MONTORO SANTOS
DOLORES ORTIZ SERRANO
DOLORES ROMÁN MONTORO
DOLORES SANZ JIMÉNEZ
DOLORES SANZ ROMÁN
DOMINGO CABRERA LORENZO
DOMINGO CABRERA RUIZ
DOMINGO CALVO CRUZ
DOMINGO GALLEGO DÍAZ
DOMINGO GIL VELASCO
DOMINGO HIDALGO MONTORO
DOMINGO MORA BRAVO
DOMINGO SERRANO DÍEZ
DOMINGO VARGAS VÁZQUEZ
DONATO ARIAS ALONSO
DONATO CABALLERO FERNÁNDEZ
DONATO GONZÁLEZ GALLEGO
DONATO GUERRERO RAMOS
DONATO MEDINA CASTILLO
DONATO PRIETO CAMBIL
DONATO SANZ SANZ
DONATO VEGA ROMERO
DOROTEA CARRASCO ESTEBAN
DOROTEA MARÍN MONTERO
DOROTEA REY VELASCO
DOROTEA RODRÍGUEZ RAMOS
EDGAR ÁLVAREZ CRESPO
EDGAR DOMÍNGUEZ ARIAS
EDGAR MARTÍNEZ CAMBIL
EDGAR MONTERO ESTEBAN
EDGAR MORALES LEÓN
EDGAR ORTIZ MORA
EDGAR PASCUAL MARTÍNEZ
EDGAR REY GUERRERO
EDGAR SUÁREZ MONTERO
EDGAR VEGA MORALES
EDMUNDO CABALLERO CANO
EDMUNDO DÍAZ ARIAS
EDMUNDO DURÁN PASTOR
EDMUNDO GUERRERO VÁZQUEZ
EDMUNDO MÁRQUEZ HERRERO
EDMUNDO MOYA CABALLERO
EDMUNDO RODRÍGUEZ LORENZO
EDMUNDO RUBIO MONTERO
EDMUNDO SANTOS REYES
EDUARDO GIMÉNEZ DURÁN
EDUARDO MONTERO MORALES
EDUARDO MORA LOZANO
EDUARDO MORENO JIMÉNEZ
EDUARDO MOYA NÚÑEZ
EDUARDO PARRA NÚÑEZ
EDUARDO ROMERO GIL
EDUARDO SANZ MORALES
EDUVIGIS ÁLVAREZ CABRERA
EDUVIGIS DÍEZ DELGADO
EDUVIGIS GIMÉNEZ SANTANA
EDUVIGIS JIMÉNEZ SERRANO
EDUVIGIS MARTÍN FLORES
EDUVIGIS MONTERO GÓMEZ
EFRÉN AGUILAR SANTIAGO
EFRÉN DOMÍNGUEZ ARIAS
EFRÉN HERNÁNDEZ ORTIZ
EFRÉN JIMÉNEZ MORENO
EFRÉN RAMOS MÉNDEZ
EFRÉN RUIZ FERRER
EFRÉN SANZ MOLINA
EFRÉN TORRES CASTRO
EFRÉN VEGA FLORES
ELENA CABALLERO IBÁÑEZ
ELENA CAMPOS BRAVO
ELENA FERNÁNDEZ HERRERO
ELENA FERNÁNDEZ LORENZO
ELENA FUENTES MORENO
ELENA GÓMEZ VICENTE
ELENA GUTIÉRREZ NAVARRO
ELENA HIDALGO VARGAS
ELENA MUÑOZ BENÍTEZ
ELÍAS AGUILAR VEGA
ELÍAS ALONSO MORALES
ELÍAS BLESA MOLINA
ELÍAS BRAVO SANTOS
ELÍAS CAMBIL MOYA
ELÍAS CRESPO ROMÁN
ELÍAS MORENO MEDINA
ELÍAS ROMÁN HIDALGO
ELISA CANO TORRES
ELISA FLORES MÁRQUEZ
ELISA MOYA PRIETO
ELISA MUÑOZ LORENZO
ELISA NIETO CARMONA
ELISA NIETO FERRER
ELISA PÉREZ VEGA
ELISA RUBIO GUERRERO
ELISEO ÁLVAREZ ORTEGA
ELISEO CABRERA DOMÍNGUEZ
ELISEO CRUZ GARCÍA
ELISEO GIMÉNEZ LOZANO
ELISEO JIMÉNEZ DELGADO
ELISEO MOLINA CANO
ELISEO NIETO GONZÁLEZ
ELISEO PARRA GALLEGO
ELISEO ROMERO FUENTES
ELISEO SUÁREZ FERRER
ELISEO TORRES SUÁREZ
ELVIRA ESTEBAN MUÑOZ
ELVIRA MÁRQUEZ CRESPO
ELVIRA MORALES MOLINA
ELVIRA REY CRUZ
ELVIRA SANTIAGO MOYA
EMILIA FUENTES SERRANO
EMILIA IGLESIAS SOTO
EMILIANO BLANCO SANTOS
EMILIANO GIMÉNEZ MÉNDEZ
EMILIANO HIDALGO HERNÁNDEZ
EMILIANO JIMÉNEZ CASTILLO
EMILIANO LEÓN MEDINA
EMILIANO MÉNDEZ GUTIÉRREZ
EMILIANO MUÑOZ DÍAZ
EMILIANO VELASCO ARIAS
EMILIO ÁLVAREZ VICENTE
EMILIO DOMÍNGUEZ GUERRERO
EMILIO GALLEGO SANZ
EMILIO GIMÉNEZ RODRÍGUEZ
EMILIO MARÍN ORTEGA
EMILIO MARTÍNEZ HERRERA
EMILIO MONTORO CRESPO
EMILIO MUÑOZ MORALES
EMILIO ORTIZ PASCUAL
EMILIO PARRA RAMOS
EMILIO ROMERO MÉNDEZ
EMILIO SUÁREZ VICENTE
ENCARNACIÓN ALONSO PARRA
ENCARNACIÓN BLESA BENÍTEZ
ENCARNACIÓN FLORES CARRASCO
ENCARNACIÓN GALLEGO MARTÍNEZ
ENCARNACIÓN GARRIDO BENÍTEZ
ENCARNACIÓN HERRERO CAMPOS
ENCARNACIÓN ORTIZ NIETO
ENRIQUE CORTÉS DELGADO
ENRIQUE DELGADO GARRIDO
ENRIQUE DURÁN PASTOR
ENRIQUE FERNÁNDEZ CORTÉS
ENRIQUE GUTIÉRREZ RUIZ
ENRIQUE HERNÁNDEZ BENÍTEZ
ENRIQUE LORENZO IBÁÑEZ
ENRIQUE MORA ROMÁN
ENRIQUE NAVARRO LEÓN
ENRIQUE ORTEGA PASTOR
ENRIQUE SANTIAGO PARRA
EPIFANÍA AGUILAR DURÁN
EPIFANÍA GALLARDO HERRERA
EPIFANÍA IGLESIAS GUERRERO
EPIFANÍA REYES MORA
EPIFANÍA SÁEZ ALONSO
EPIFANÍA VARGAS VICENTE
ERICO BENÍTEZ MARÍN
ERICO MORENO CAMPOS
ERICO VICENTE CARMONA
ERNESTO HERRERO SÁEZ
ERNESTO ORTIZ CASTILLO
ERNESTO PÉREZ VICENTE
ERNESTO SANTOS CORTÉS
ERNESTO SOTO VEGA
ERNESTO VIDAL LEÓN
ESDRAS FERNÁNDEZ CARMONA
ESDRAS FLORES GALLEGO
ESDRAS MONTORO VARGAS
ESDRAS MUÑOZ MÉNDEZ
ESDRAS ORTEGA CARRASCO
ESDRAS ORTEGA SANTIAGO
ESDRAS SANTOS GALLEGO
ESDRAS SANTOS MEDINA
ESIQUIO FERNÁNDEZ TORRES
ESIQUIO GIL GARRIDO
ESIQUIO IGLESIAS CARRASCO
ESIQUIO JIMÉNEZ ORTIZ
ESIQUIO MARTÍN GUERRERO
ESIQUIO MARTÍN MORALES
ESIQUIO RAMÍREZ BLESA
ESIQUIO RUIZ MOYA
ESIQUIO VÁZQUEZ FERRER
ESIQUIO VICENTE ARIAS
ESPERANZA CALVO CAMPOS
ESPERANZA DÍEZ CARMONA
ESPERANZA MÉNDEZ RAMOS
ESPERANZA PÉREZ GARCÍA
ESPERANZA PÉREZ MORENO
ESPERANZA PRIETO CAMBIL
ESPERANZA REYES HERRERO
ESPERANZA TORRES SOLER
ESTEBAN BENÍTEZ FUENTES
ESTEBAN CARMONA SANTIAGO
ESTEBAN NAVARRO ÁLVAREZ
ESTEBAN PASTOR MORALES
ESTEBAN SÁNCHEZ GARRIDO
ESTEBAN SOTO VIDAL
ESTER LOZANO CRUZ
ESTER MONTERO CARRASCO
ESTER SANTOS BLANCO
ESTER VIDAL VICENTE
ESTHER CALVO FUENTES
ESTHER DURÁN SÁEZ
ESTHER JIMÉNEZ GÓMEZ
ESTHER REYES NIETO
ESTHER VELASCO MEDINA
EUGENIA ÁLVAREZ CRESPO
EUGENIA ARIAS VIDAL
EUGENIA DÍAZ BLANCO
EUGENIA LORENZO VICENTE
EUGENIA NÚÑEZ RAMÍREZ
EUGENIA RODRÍGUEZ LÓPEZ
EUGENIA VIDAL CRESPO
EUGENIO CASTILLO CALVO
EUGENIO CORTÉS IBÁÑEZ
EUGENIO FERRER SANTANA
EUGENIO GUTIÉRREZ IGLESIAS
EUGENIO IBÁÑEZ RAMOS
EUGENIO LÓPEZ MORA
EUGENIO REY CASTILLO
EUGENIO SÁEZ SANTANA
EUGENIO VÁZQUEZ GIL
EUGENIO VICENTE GIMÉNEZ
EULALIA CAMPOS BRAVO
EULALIA CRESPO MORALES
EULALIA DÍEZ MARTÍNEZ
EULALIA GÓMEZ REY
EULALIA MEDINA GIL
EULALIA PARRA RAMOS
EULALIA RAMOS BENÍTEZ
EULALIA SANTIAGO VARGAS
EULALIA SOLER ALONSO
EULALIA SUÁREZ SOTO
EUSEBIO CAMBIL LOZANO
EUSEBIO DOMÍNGUEZ SERRANO
EUSEBIO HERNÁNDEZ MARTÍN
EUSEBIO HERRERA GIMÉNEZ
EUSEBIO MONTORO CASTRO
EUSEBIO MOYA DÍEZ
EUSEBIO MOYA GUERRERO
EUSEBIO NIETO CRUZ
EUSEBIO RUBIO MARÍN
EUSEBIO SERRANO HERNÁNDEZ
EVA CALVO GALLEGO
EVA CASTILLO MARÍN
EVA GARRIDO ROMERO
EVA GUTIÉRREZ ARIAS
EVA MOYA CRUZ
EVA RUBIO SERRANO
EVA SANTOS PASCUAL
EVA VIDAL SANTANA
EVARISTO GARRIDO SÁEZ
EVARISTO MEDINA SANZ
EVARISTO MUÑOZ FERNÁNDEZ
EVARISTO PARRA CRUZ
EVARISTO SÁNCHEZ MORALES
EVARISTO SANTOS ROMERO
EVARISTO SOTO GARRIDO
EZEQUIEL CALVO IBÁÑEZ
EZEQUIEL GUTIÉRREZ DÍEZ
EZEQUIEL MÉNDEZ GARCÍA
EZEQUIEL MÉNDEZ MOLINA
EZEQUIEL PARRA SANZ
EZEQUIEL PASTOR ARIAS
EZEQUIEL SÁEZ GUTIÉRREZ
EZEQUIEL VÁZQUEZ LEÓN
EZEQUIEL VIDAL SOTO
FABIÁN BLESA BENÍTEZ
FABIÁN DURÁN CARMONA
FABIÁN FLORES SANTANA
FABIÁN GALLEGO TORRES
FABIÁN HERNÁNDEZ BENÍTEZ
FABIÁN MÁRQUEZ ESTEBAN
FABIÁN MUÑOZ HERRERO
FABIÁN VELASCO HERRERO
FABIO ALONSO CAMPOS
FABIO ALONSO FLORES
FABIO BRAVO CALVO
FABIO GALLARDO ÁLVAREZ
FABIO LEÓN PEÑA
FABIO NÚÑEZ ORTIZ
FABIO ORTEGA CAMPOS
FABIO PASTOR MEDINA
FABIO RUBIO GUERRERO
FABIO VICENTE LEÓN
FABIOLA ARIAS ALONSO
FABIOLA FERNÁNDEZ FERRER
FABIOLA GALLEGO SANTANA
FABIOLA GARRIDO MORENO
FABIOLA HERNÁNDEZ BENÍTEZ
FABIOLA MOLINA MUÑOZ
FABIOLA MORENO SANTANA
FABIOLA NIETO CRESPO
FABIOLA REYES CRUZ
FABIOLA RUBIO NIETO
FACUNDO BENÍTEZ MORENO
FACUNDO CABALLERO PRIETO
FACUNDO CAMPOS ESTEBAN
FACUNDO CAMPOS MORA
FACUNDO CASTRO CARRASCO
FACUNDO IGLESIAS GIL
FACUNDO JIMÉNEZ MARÍN
FACUNDO MARTÍNEZ HERRERO
FACUNDO MORA LOZANO
FACUNDO ORTEGA DOMÍNGUEZ
FACUNDO REY LOZANO
FACUNDO REY MUÑOZ
FACUNDO VEGA MORALES
FÁTIMA CARRASCO GIL
FÁTIMA CRESPO MOYA
FÁTIMA MARTÍN REYES
FÁTIMA MOLINA SUÁREZ
FÁTIMA MONTORO MONTERO
FÁTIMA RODRÍGUEZ REYES
FÁTIMA RODRÍGUEZ SUÁREZ
FÁTIMA VEGA MARÍN
FAUSTINO BLESA SUÁREZ
FAUSTINO BRAVO VÁZQUEZ
FAUSTINO CABALLERO LEÓN
FAUSTINO CRUZ ROMERO
FAUSTINO DÍAZ ROMÁN
FAUSTINO ESTEBAN CAMBIL
FAUSTINO FUENTES BENÍTEZ
FAUSTINO FUENTES HERRERO
FAUSTINO GÓMEZ MÁRQUEZ
FAUSTINO PARRA AGUILAR
FAUSTINO PARRA CORTÉS
FAUSTINO PASCUAL PEÑA
FAUSTINO PASCUAL REYES
FAUSTINO RAMOS GÓMEZ
FAUSTINO VICENTE SERRANO
FAUSTO CRUZ CAMPOS
FAUSTO LORENZO SERRANO
FAUSTO MÁRQUEZ SÁEZ
FAUSTO MUÑOZ MÉNDEZ
FAUSTO PEÑA NÚÑEZ
FAUSTO PRIETO MÁRQUEZ
FAUSTO RUBIO DOMÍNGUEZ
FAUSTO SERRANO SOTO
FEDERICO CRESPO NIETO
FEDERICO GALLARDO NAVARRO
FEDERICO GALLEGO LEÓN
FEDERICO GUERRERO CASTILLO
FEDERICO MEDINA SÁEZ
FEDERICO MOYA ÁLVAREZ
FEDERICO SANTOS CARMONA
FEDERICO VARGAS MEDINA
FEDERICO VELASCO VICENTE
FELICIANO BRAVO HERNÁNDEZ
FELICIANO CANO PASTOR
FELICIANO DÍEZ SANTIAGO
FELICIANO FERRER GIMÉNEZ
FELICIANO HERNÁNDEZ HIDALGO
FELICIANO MEDINA FERRER
FELICIANO ROMERO PASTOR
FELICIANO SERRANO FERRER
FELICIANO TORRES BRAVO
FELICIANO VARGAS RAMOS
FELICIANO VELASCO CASTRO
FELIPE HERNÁNDEZ MOYA
FELIPE MONTERO SUÁREZ
FELIPE SÁEZ SANTANA
FELIPE VÁZQUEZ GARCÍA
FELIPE VIDAL CANO
FÉLIX BENÍTEZ IGLESIAS
FÉLIX CABALLERO LEÓN
FÉLIX CALVO MONTERO
FÉLIX GIL AGUILAR
FÉLIX PASTOR FUENTES
FÉLIX PEÑA JIMÉNEZ
FÉLIX SUÁREZ NIETO
FÉLIX VEGA GARCÍA
FERMÍN ESTEBAN ORTIZ
FERMÍN HERRERA ORTEGA
FERMÍN MONTERO ESTEBAN
FERMÍN RAMÍREZ PEÑA
FERMÍN RAMOS CALVO
FERMÍN REY CASTRO
FERNANDO AGUILAR VELASCO
FERNANDO CANO MORA
FERNANDO CARRASCO ESTEBAN
FERNANDO CASTRO SERRANO
FERNANDO CRUZ IGLESIAS
FERNANDO DÍEZ ROMÁN
FERNANDO GALLEGO RAMOS
FERNANDO HIDALGO PARRA
FERNANDO IGLESIAS AGUILAR
FERNANDO VIDAL CARRASCO
FIDEL CARMONA VIDAL
FIDEL CRESPO BENÍTEZ
FIDEL GUTIÉRREZ DELGADO
FIDEL HERRERO RODRÍGUEZ
FIDEL HIDALGO RAMOS
FIDEL IGLESIAS MOYA
FIDEL NAVARRO FERNÁNDEZ
FIDEL RAMOS BLANCO
FIDEL REY ROMÁN
FIDEL SÁEZ SANZ
FORTUNATO ALONSO SÁNCHEZ
FORTUNATO ÁLVAREZ LÓPEZ
FORTUNATO CANO ESTEBAN
FORTUNATO GARRIDO SOLER
FORTUNATO HERRERA SANTANA
FORTUNATO NAVARRO ALONSO
FORTUNATO REYES HERRERA
FRANCESC BENÍTEZ DÍEZ
FRANCESC BRAVO REYES
FRANCESC CAMPOS ESTEBAN
FRANCESC CANO MUÑOZ
FRANCESC CRUZ CASTRO
FRANCESC GIL FERRER
FRANCESC HIDALGO DURÁN
FRANCESC ORTEGA VIDAL
FRANCISCA CARRASCO REY
FRANCISCA CRESPO LOZANO
FRANCISCA FERNÁNDEZ MARTÍN
FRANCISCA GUTIÉRREZ CARRASCO
FRANCISCA RUIZ BRAVO
FRANCISCA SOTO CAMBIL
FRANCISCO CABRERA CASTILLO
FRANCISCO CASTILLO RAMÍREZ
FRANCISCO DURÁN CABALLERO
FRANCISCO DURÁN PASCUAL
FRANCISCO GIL CARRASCO
FRANCISCO GIMÉNEZ IBÁÑEZ
FRANCISCO LEÓN IBÁÑEZ
FRANCISCO LOZANO MONTORO
FRANCISCO SOTO CAMBIL
FRANCISCO VEGA FUENTES
FULGENCIO AGUILAR GARRIDO
FULGENCIO IGLESIAS ÁLVAREZ
FULGENCIO MEDINA DÍAZ
FULGENCIO MONTERO CRESPO
FULGENCIO PRIETO PASTOR
FULGENCIO VICENTE MEDINA
GABRIEL CAMPOS DELGADO
GABRIEL CASTRO VICENTE
GABRIEL FERNÁNDEZ BENÍTEZ
GABRIEL FERRER FLORES
GABRIEL FERRER RODRÍGUEZ
GABRIEL GALLARDO NIETO
GABRIEL ROMÁN MARTÍN
GEMA CAMBIL DÍAZ
GEMA GUERRERO HERRERO
GEMA MÁRQUEZ CASTRO
GEMA MÁRQUEZ MARTÍN
GEMA MOLINA GUERRERO
GEMA MORALES PÉREZ
GEMA MOYA SANTOS
GEMA REYES NÚÑEZ
GEMA SOTO ALONSO
GEMA VELASCO GIL
GENOVEVA CRUZ LÓPEZ
GENOVEVA MORENO PARRA
GENOVEVA ROMERO IGLESIAS
GENOVEVA RUBIO GARRIDO
GENOVEVA SOTO VICENTE
GENOVEVA VARGAS GALLARDO
GERARDO ALONSO ROMÁN
GERARDO ARIAS GUTIÉRREZ
GERARDO CORTÉS VÁZQUEZ
GERARDO DOMÍNGUEZ PEÑA
GERARDO GALLARDO MÁRQUEZ
GERARDO HIDALGO VARGAS
GERARDO LOZANO PARRA
GERARDO ROMERO AGUILAR
GERARDO SÁEZ CRESPO
GERMÁN AGUILAR ÁLVAREZ
GERMÁN AGUILAR MÉNDEZ
GERMÁN FERNÁNDEZ MEDINA
GERMÁN GIMÉNEZ CALVO
GERMÁN GUERRERO BENÍTEZ
GERMÁN GUTIÉRREZ BENÍTEZ
GERMÁN MORA FUENTES
GERMÁN SANZ ROMÁN
GERTRUDIS CABALLERO CORTÉS
GERTRUDIS CASTRO MÉNDEZ
GERTRUDIS GARCÍA CASTRO
GERTRUDIS IBÁÑEZ ARIAS
GERTRUDIS MOLINA ARIAS
GERTRUDIS SANTIAGO PÉREZ
GISELA ALONSO CAMBIL
GISELA BLANCO HERRERA
GISELA CANO MARTÍN
GISELA GIMÉNEZ BLESA
GISELA JIMÉNEZ HIDALGO
GISELA MARÍN SOLER
GISELA ROMERO CRESPO
GISELA SÁEZ PASCUAL
GISELA SANTIAGO ALONSO
GLORIA DÍAZ MÁRQUEZ
GLORIA DÍEZ GUTIÉRREZ
GLORIA FLORES CALVO
GLORIA HERNÁNDEZ GÓMEZ
GLORIA MOYA MARTÍN
GLORIA SOTO NÚÑEZ
GLORIA VEGA DURÁN
GODOFREDO ÁLVAREZ RUBIO
GODOFREDO GUERRERO MARTÍNEZ
GODOFREDO GUTIÉRREZ BLANCO
GODOFREDO MARTÍN CRUZ
GODOFREDO MONTERO BENÍTEZ
GODOFREDO MONTORO MÁRQUEZ
GODOFREDO MORENO MORENO
GODOFREDO MUÑOZ HERRERA
GODOFREDO SANTOS GUTIÉRREZ
GODOFREDO SERRANO IGLESIAS
GODOFREDO SOTO NAVARRO
GODOFREDO SOTO SOTO
GONZALO GIMÉNEZ SOTO
GONZALO GUTIÉRREZ LÓPEZ
GONZALO MÉNDEZ GONZÁLEZ
GONZALO MOLINA CASTRO
GONZALO MONTERO BRAVO
GONZALO PARRA PASTOR
GONZALO SÁNCHEZ VEGA
GREGORIO ARIAS PARRA
GREGORIO FERRER PASCUAL
GREGORIO GIL VICENTE
GREGORIO JIMÉNEZ FUENTES
GREGORIO MÉNDEZ AGUILAR
GREGORIO PASCUAL IBÁÑEZ
GREGORIO REY MARÍN
GREGORIO SANZ SOTO
GREGORIO SOTO CRESPO
GREGORIO TORRES GALLEGO
GUADALUPE BENÍTEZ GARCÍA
GUADALUPE DOMÍNGUEZ DÍAZ
GUADALUPE GIL DOMÍNGUEZ
GUADALUPE PASTOR ESTEBAN
GUADALUPE RUBIO SERRANO
GUADALUPE SANZ MÉNDEZ
GUADALUPE SOTO CABRERA
GUIDO CORTÉS HERNÁNDEZ
GUIDO DÍEZ HERRERA
GUIDO GÓMEZ MONTORO
GUIDO SANTIAGO CRUZ
GUIDO VEGA MARTÍNEZ
GUILLERMO AGUILAR SÁEZ
GUILLERMO BRAVO SERRANO
GUILLERMO ESTEBAN DOMÍNGUEZ
GUILLERMO SANTOS GIMÉNEZ
GUILLERMO SANZ FERNÁNDEZ
GUILLERMO SOLER MARTÍNEZ
GUILLERMO VARGAS ROMÁN
GUSTAVO GARCÍA MOLINA
GUSTAVO MONTERO RAMOS
GUSTAVO NÚÑEZ CASTILLO
GUSTAVO PRIETO CASTILLO
GUSTAVO REYES VÁZQUEZ
GUSTAVO SANTANA VELASCO
GUZMÁN BLANCO ALONSO
GUZMÁN CAMBIL PRIETO
GUZMÁN GALLEGO HERRERA
GUZMÁN GARCÍA SANTIAGO
GUZMÁN MONTORO DURÁN
GUZMÁN MUÑOZ MORALES
GUZMÁN ORTIZ PARRA
GUZMÁN PEÑA GÓMEZ
GUZMÁN PEÑA SANTANA
GUZMÁN TORRES CAMPOS
GUZMÁN VARGAS TORRES
HÉCTOR ALONSO CABALLERO
HÉCTOR CABRERA VÁZQUEZ
HÉCTOR CANO CANO
HÉCTOR GALLARDO NÚÑEZ
HÉCTOR GÓMEZ MARTÍNEZ
HÉCTOR LEÓN CAMPOS
HÉCTOR MARTÍNEZ MOLINA
HÉCTOR NAVARRO LEÓN
HÉCTOR RODRÍGUEZ MARTÍNEZ
HÉCTOR SÁEZ MÉNDEZ
HÉCTOR VICENTE ROMÁN
HELIODORO BRAVO VIDAL
HELIODORO CARRASCO ORTIZ
HELIODORO CORTÉS BLESA
HELIODORO FERRER PEÑA
HELIODORO GONZÁLEZ SANTANA
HELIODORO MÉNDEZ CASTRO
HELIODORO MONTORO RAMÍREZ
HELIODORO MORENO ALONSO
HELIODORO PÉREZ ORTEGA
HELIODORO RAMÍREZ HERRERA
HELIODORO SÁNCHEZ SOLER
HELIODORO SUÁREZ BLANCO
HELIODORO TORRES CAMPOS
HELIODORO TORRES LÓPEZ
HELIODORO VELASCO LORENZO
HELIODORO VELASCO TORRES
HELIODORO VIDAL SOTO
HERACLIO AGUILAR ORTIZ
HERACLIO HIDALGO PEÑA
HERACLIO MARÍN MONTERO
HERACLIO MONTORO DURÁN
HERACLIO PARRA MÉNDEZ
HERACLIO ROMÁN MARÍN
HERIBERTO CABRERA SANTANA
HERIBERTO CANO LORENZO
HERIBERTO FERNÁNDEZ CASTRO
HERIBERTO GALLEGO HERRERO
HERIBERTO LOZANO VARGAS
HERIBERTO MÁRQUEZ CABALLERO
HERIBERTO MONTERO VEGA
HERIBERTO RAMÍREZ DÍAZ
HERIBERTO RODRÍGUEZ REYES
HILARIÓN AGUILAR AGUILAR
HILARIÓN ÁLVAREZ SANZ
HILARIÓN BRAVO GALLARDO
HILARIÓN DÍAZ CRESPO
HILARIÓN DÍEZ CRESPO
HILARIÓN MOYA GARRIDO
HILARIÓN NÚÑEZ GIMÉNEZ
HILARIÓN PARRA SANZ
HILARIÓN PEÑA RUIZ
HILARIÓN SÁEZ ÁLVAREZ
HILDEGARDA BLANCO DÍAZ
HILDEGARDA CANO CRUZ
HILDEGARDA DURÁN MOYA
HILDEGARDA ESTEBAN ORTEGA
HILDEGARDA GONZÁLEZ SÁEZ
HILDEGARDA ORTIZ RAMÍREZ
HILDEGARDA RAMOS MÁRQUEZ
HILDEGARDA RUBIO GUTIÉRREZ
HILDEGARDA SUÁREZ CRESPO
HOMERO CARRASCO SANTOS
HOMERO DÍEZ MONTORO
HOMERO GALLARDO GARCÍA
HOMERO GIMÉNEZ CRESPO
HOMERO HERNÁNDEZ ORTEGA
HOMERO RAMOS CORTÉS
HOMERO SANTANA VELASCO
HOMERO SOTO CALVO
HOMERO VICENTE MÉNDEZ
HONORATO BENÍTEZ GUERRERO
HONORATO DOMÍNGUEZ VÁZQUEZ
HONORATO LÓPEZ CAMPOS
HONORATO LOZANO GONZÁLEZ
HONORATO MARÍN HERRERA
HONORATO MOLINA GALLEGO
HONORATO MONTERO GIL
HONORATO PEÑA FERNÁNDEZ
HONORATO PRIETO DÍAZ
HONORATO VEGA HERNÁNDEZ
HONORIO CAMPOS MORENO
HONORIO DELGADO DOMÍNGUEZ
HONORIO ORTEGA CARMONA
HONORIO PASCUAL MORALES
HONORIO RAMOS MOLINA
HUGO ÁLVAREZ LEÓN
HUGO BENÍTEZ JIMÉNEZ
HUGO CABRERA MOLINA
HUGO HERNÁNDEZ DÍEZ
HUGO PÉREZ SÁEZ
HUGO SÁNCHEZ RUBIO
HUGO SOLER PARRA
HUMBERTO AGUILAR SANTANA
HUMBERTO FERRER MONTERO
HUMBERTO IBÁÑEZ CARRASCO
HUMBERTO MARÍN MOYA
HUMBERTO PARRA SÁEZ
HUMBERTO VELASCO JIMÉNEZ
IFIGENIA CARMONA CANO
IFIGENIA FERRER CASTILLO
IFIGENIA GARCÍA DÍAZ
IFIGENIA HERRERO BRAVO
IFIGENIA IBÁÑEZ CANO
IFIGENIA MARÍN GIMÉNEZ
IFIGENIA MONTERO FUENTES
IFIGENIA PEÑA CRUZ
IFIGENIA ROMERO RUBIO
IFIGENIA SUÁREZ RUBIO
IFIGENIA TORRES BRAVO
IGNACIO CAMBIL RAMOS
IGNACIO GONZÁLEZ NIETO
IGNACIO GUERRERO MÁRQUEZ
IGNACIO HERRERO ALONSO
IGNACIO VÁZQUEZ ORTIZ
ILDEFONSO ALONSO MARTÍNEZ
ILDEFONSO CAMBIL MEDINA
ILDEFONSO GARCÍA CORTÉS
ILDEFONSO RAMOS VICENTE
ILDEFONSO RUIZ ALONSO
INÉS ÁLVAREZ BRAVO
INÉS BRAVO ARIAS
INÉS CASTRO MONTORO
INÉS DELGADO ARIAS
INÉS FERNÁNDEZ ROMÁN
INÉS IGLESIAS SÁEZ
INÉS MARTÍNEZ MUÑOZ
INÉS MONTERO CABRERA
INÉS NAVARRO SANTANA
INÉS ORTEGA BLESA
INÉS ROMERO ARIAS
INÉS RUBIO MONTERO
INÉS VEGA CRUZ
INMACULADA LEÓN SUÁREZ
INMACULADA MARÍN CARRASCO
INMACULADA MARTÍNEZ PRIETO
INMACULADA MOLINA GUERRERO
INMACULADA MORALES DÍAZ
INOCENCIO ALONSO CARRASCO
INOCENCIO CAMPOS BLANCO
INOCENCIO FERRER MORENO
INOCENCIO GALLARDO LORENZO
INOCENCIO GUTIÉRREZ MUÑOZ
INOCENCIO RAMOS SOTO
INOCENCIO SÁEZ MORENO
INOCENCIO VÁZQUEZ CABALLERO
IRENE CAMPOS HERRERO
IRENE DURÁN MONTORO
IRENE GARCÍA LEÓN
IRENE LÓPEZ MARÍN
IRENE ROMÁN HIDALGO
IRENE SANZ SANTOS
IRENEO ÁLVAREZ PASTOR
IRENEO CARMONA GIMÉNEZ
IRENEO CARMONA RUBIO
IRENEO GIMÉNEZ BRAVO
IRENEO HERRERA ÁLVAREZ
IRENEO LORENZO DOMÍNGUEZ
IRENEO LOZANO DURÁN
IRENEO ORTIZ FUENTES
IRENEO PASTOR TORRES
IRENEO PASTOR VIDAL
IRENEO SANTANA SANTANA
ISAAC GUTIÉRREZ GALLARDO
ISAAC PÉREZ MEDINA
ISAAC SUÁREZ SANTIAGO
ISABEL DÍAZ MARTÍN
ISABEL GIMÉNEZ GALLARDO
ISABEL NIETO MOYA
ISABEL VARGAS MEDINA
ISAÍAS CANO LEÓN
ISAÍAS DÍAZ SOLER
ISAÍAS DURÁN RAMOS
ISAÍAS GUTIÉRREZ RODRÍGUEZ
ISAÍAS NIETO CARMONA
ISAÍAS PRIETO LEÓN
ISAÍAS RAMOS PEÑA
ISAÍAS SANZ PEÑA
ISAÍAS VARGAS GALLARDO
ISAÍAS VÁZQUEZ LOZANO
ISAÍAS VIDAL HERNÁNDEZ
ISIDRO GALLARDO ROMÁN
ISIDRO GARCÍA MORENO
ISIDRO HERNÁNDEZ DOMÍNGUEZ
ISIDRO MÉNDEZ SANTIAGO
ISIDRO SANTANA BLESA
ISIDRO SANZ TORRES
ISIDRO VÁZQUEZ MONTERO
ISIDRO VEGA ALONSO
ISMAEL ÁLVAREZ SOTO
ISMAEL BLESA VICENTE
ISMAEL BRAVO CAMPOS
ISMAEL GIL BLANCO
ISMAEL HERNÁNDEZ CALVO
ISMAEL HERNÁNDEZ DOMÍNGUEZ
ISMAEL IGLESIAS ÁLVAREZ
ISMAEL LORENZO MOYA
ISMAEL MOLINA CALVO
ISMAEL ORTEGA DÍAZ
ISMAEL PÉREZ MARÍN
ISMAEL SANTANA HERRERA
IVÁN CASTILLO SANTOS
IVÁN CRESPO BLESA
IVÁN FERNÁNDEZ ESTEBAN
IVÁN FLORES CAMPOS
IVÁN GALLEGO RAMOS
IVÁN GARRIDO SANTOS
IVÁN GIMÉNEZ GUERRERO
IVÁN GUTIÉRREZ CORTÉS
IVÁN GUTIÉRREZ VEGA
IVÁN RUIZ VARGAS
IVÁN SANTIAGO DURÁN
IVÁN VICENTE NAVARRO
JACINTO BLANCO GUTIÉRREZ
JACINTO BLESA GARCÍA
JACINTO GUTIÉRREZ MÁRQUEZ
JACINTO LORENZO SÁEZ
JACINTO MÁRQUEZ GALLEGO
JACINTO RODRÍGUEZ CABALLERO
JACOB ARIAS MORENO
JACOB CAMPOS GIMÉNEZ
JACOB MÉNDEZ CASTRO
JACOB MONTERO VELASCO
JACOBO CABRERA DURÁN
JACOBO CASTRO CARMONA
JACOBO DÍAZ REYES
JACOBO DURÁN RAMÍREZ
JACOBO FERRER MONTERO
JACOBO PARRA ORTEGA
JACOBO SÁEZ CASTRO
JACOBO SERRANO ORTIZ
JAIME AGUILAR PARRA
JAIME ALONSO FUENTES
JAIME CARMONA NIETO
JAIME CORTÉS MÁRQUEZ
JAIME DÍAZ LORENZO
JAIME DOMÍNGUEZ SOTO
JAIME MORENO DÍEZ
JAIME PASTOR MARTÍNEZ
JAIME RODRÍGUEZ DÍEZ
JAIME ROMERO VEGA
JAIME SOLER BRAVO
JAIME TORRES SANTOS
JAUME CABRERA PARRA
JAUME CALVO DÍEZ
JAUME DURÁN ROMÁN
JAUME HERRERO VIDAL
JAUME MÁRQUEZ VIDAL
JAUME PARRA ALONSO
JAUME SÁNCHEZ ORTIZ
JAVIER CARRASCO SÁNCHEZ
JAVIER MÁRQUEZ MARTÍN
JAVIER MARTÍN VARGAS
JAVIER PASTOR MONTERO
JAVIER SERRANO GALLEGO
JEREMÍAS DÍAZ DOMÍNGUEZ
JEREMÍAS MÉNDEZ PARRA
JERÓNIMO ARIAS LORENZO
JERÓNIMO CABRERA MÁRQUEZ
JERÓNIMO HERRERO VEGA
JERÓNIMO HIDALGO DÍEZ
JERÓNIMO JIMÉNEZ FERRER
JERÓNIMO LOZANO VEGA
JERÓNIMO MARÍN GUTIÉRREZ
JERÓNIMO MORALES CORTÉS
JERÓNIMO NAVARRO ALONSO
JERÓNIMO VEGA ARIAS
JESÚS CAMBIL CORTÉS
JESÚS CARMONA PASCUAL
JESÚS GUTIÉRREZ MONTORO
JESÚS LEÓN CAMBIL
JOAN BLANCO CALVO
JOAN ESTEBAN ROMÁN
JOAN FLORES SANZ
JOAN PASCUAL MOLINA
JOAN RAMÍREZ SANTIAGO
JOAN SANTANA SOLER
JOAQUÍM CARRASCO HERRERA
JOAQUÍM CARRASCO MARTÍN
JOAQUÍM CORTÉS NÚÑEZ
JOAQUÍM CRESPO LOZANO
JOAQUÍM DÍEZ VIDAL
JOAQUÍM FUENTES ÁLVAREZ
JOAQUÍM GIMÉNEZ GONZÁLEZ
JOAQUÍM HERNÁNDEZ RUIZ
JOAQUÍM IGLESIAS SANZ
JOAQUÍM MEDINA ALONSO
JOAQUÍM VICENTE BLANCO
JOAQUÍN DOMÍNGUEZ SANZ
JOAQUÍN FERNÁNDEZ VÁZQUEZ
JOAQUÍN GARRIDO CASTILLO
JOAQUÍN GARRIDO JIMÉNEZ
JOAQUÍN LOZANO AGUILAR
JOAQUÍN PASTOR GALLARDO
JOAQUÍN SÁEZ ORTIZ
JOAQUÍN VARGAS SANTOS
JOAQUÍN VEGA SOTO
JOAQUÍN VELASCO LEÓN
JOAQUÍN VICENTE CABRERA
JOEL CRESPO REYES
JOEL HERRERA CRUZ
JOEL IGLESIAS DÍEZ
JOEL MARTÍN RUIZ
JOEL MORENO SÁNCHEZ
JOEL PASTOR CARRASCO
JOEL SOTO GIL
JONÁS BLESA REYES
JONÁS FERNÁNDEZ GARRIDO
JONÁS GIL DÍEZ
JONÁS HERRERO CORTÉS
JONÁS MARÍN ÁLVAREZ
JONÁS ORTEGA PÉREZ
JONÁS VIDAL DÍAZ
JONATHAN AGUILAR JIMÉNEZ
JONATHAN CANO RODRÍGUEZ
JONATHAN DELGADO CAMPOS
JONATHAN DÍEZ ORTIZ
JONATHAN DOMÍNGUEZ LÓPEZ
JONATHAN GALLARDO IBÁÑEZ
JONATHAN LÓPEZ DURÁN
JONATHAN MÉNDEZ RUIZ
JONATHAN MONTERO JIMÉNEZ
JONATHAN MORALES VÁZQUEZ
JONATHAN PARRA AGUILAR
JONATHAN PASTOR CORTÉS
JONATHAN SÁEZ REY
JONATHAN TORRES VICENTE
JONATHAN VELASCO RAMOS
JONATHAN VICENTE GALLEGO
JORDI BLANCO CALVO
JORDI CASTRO SOTO
JORDI GARCÍA HERNÁNDEZ
JORDI MÁRQUEZ SERRANO
JORDI NIETO JIMÉNEZ
JORGE BENÍTEZ MOYA
JORGE CABRERA PARRA
JORGE GIMÉNEZ VEGA
JORGE HERRERA DÍEZ
JORGE HERRERA HERRERA
JORGE HERRERA TORRES
JORGE MÉNDEZ REYES
JORGE MORA PÉREZ
JORGE MORENO CAMBIL
JORGE MORENO MEDINA
JORGE RODRÍGUEZ BRAVO
JORGE SANTOS ÁLVAREZ
JOSAFAT CASTRO GALLEGO
JOSAFAT GUTIÉRREZ GÓMEZ
JOSAFAT ROMÁN DÍAZ
JOSAFAT SANTOS HERRERA
JOSAFAT SOTO BLANCO
JOSÉ ÁLVAREZ GARRIDO
JOSÉ CRUZ MARÍN
JOSÉ GUERRERO BLESA
JOSÉ GUTIÉRREZ ORTIZ
JOSÉ LORENZO PASCUAL
JOSÉ MOLINA NIETO
JOSÉ MORA VELASCO
JOSÉ NÚÑEZ ORTEGA
JOSEFA ARIAS ORTEGA
JOSEFA CALVO MARÍN
JOSEFA GIL DÍEZ
JOSEFA MONTERO VELASCO
JOSEFA MONTORO IGLESIAS
JOSEFA MUÑOZ RODRÍGUEZ
JOSEFA SOTO PEÑA
JOSEFINA DÍAZ FLORES
JOSEFINA ORTIZ CALVO
JOSEP DELGADO NAVARRO
JOSEP FERRER NAVARRO
JOSEP ORTIZ VIDAL
JOSEP PÉREZ NIETO
JOSEP RAMÍREZ SÁEZ
JOSEP RODRÍGUEZ SOTO
JOSEP SÁEZ MARÍN
JOSUÉ CARRASCO BLANCO
JOSUÉ DELGADO PRIETO
JOSUÉ MEDINA GÓMEZ
JOSUÉ MORALES HIDALGO
JOSUÉ MOYA IBÁÑEZ
JOSUÉ SANTANA GONZÁLEZ
JOSUÉ SOLER FLORES
JOSUÉ VEGA GALLEGO
JUAN BLANCO GARCÍA
JUAN CASTRO VICENTE
JUAN MUÑOZ VEGA
JUAN REY LOZANO
JUAN SANTIAGO IBÁÑEZ
JUAN SERRANO SOLER
JUANA BENÍTEZ NIETO
JUANA BLANCO RAMÍREZ
JUANA CORTÉS CABRERA
JUANA DELGADO MOYA
JUANA PEÑA NIETO
JULIA GIMÉNEZ CASTRO
JULIA MONTORO SANZ
JULIA RODRÍGUEZ MOLINA
JULIÁN ESTEBAN HERRERA
JULIÁN GARRIDO GALLEGO
JULIÁN GÓMEZ GUTIÉRREZ
JULIÁN HERRERA GONZÁLEZ
JULIÁN NAVARRO LOZANO
JULIÁN PARRA CAMPOS
JULIÁN PÉREZ VIDAL
JULIÁN RAMOS MOYA
JULIÁN SANTANA VÁZQUEZ
JULIO BRAVO PASCUAL
JULIO CABRERA FERRER
JULIO CASTILLO CRESPO
JULIO DELGADO GALLEGO
JULIO FERNÁNDEZ VEGA
JULIO GUTIÉRREZ ORTEGA
JULIO IBÁÑEZ PASTOR
JULIO PARRA ALONSO
JUSTINO BRAVO PRIETO
JUSTINO CARRASCO NIETO
JUSTINO GUTIÉRREZ DURÁN
JUSTINO HERRERA LÓPEZ
JUSTINO HERRERA REY
JUSTINO MÁRQUEZ LOZANO
JUSTINO MORALES LORENZO
JUSTINO NIETO CAMPOS
JUSTINO RAMÍREZ MÉNDEZ
JUVENAL ARIAS ARIAS
JUVENAL FERRER GUTIÉRREZ
JUVENAL HERRERA GALLEGO
JUVENAL LEÓN ORTEGA
JUVENAL LORENZO MOLINA
JUVENAL NÚÑEZ BRAVO
JUVENAL PEÑA MOYA
JUVENAL SANTANA RODRÍGUEZ
JUVENAL SOTO MEDINA
JUVENAL VÁZQUEZ VELASCO
JUVENAL VELASCO MOYA
LADISLAO BLANCO VEGA
LADISLAO CABALLERO MUÑOZ
LADISLAO MUÑOZ DOMÍNGUEZ
LADISLAO NAVARRO MOLINA
LADISLAO SÁEZ LOZANO
LAURA BLANCO ALONSO
LAURA CASTILLO MEDINA
LAURA DELGADO DÍEZ
LAURA DÍEZ ORTIZ
LAURA GIL GALLEGO
LAURA NÚÑEZ IGLESIAS
LAURA PEÑA PARRA
LAURA SANTANA GARRIDO
LAURA SERRANO MUÑOZ
LAURA SOLER VELASCO
LAUREANO BLANCO LEÓN
LAUREANO CARMONA SOLER
LAUREANO GUERRERO ORTIZ
LAUREANO MOLINA MORA
LAUREANO MUÑOZ ESTEBAN
LÁZARO BLANCO VEGA
LÁZARO DÍAZ HIDALGO
LÁZARO GARRIDO ORTEGA
LÁZARO SUÁREZ DÍAZ
LEANDRO BLESA MOLINA
LEANDRO CALVO RAMOS
LEANDRO CANO GÓMEZ
LEANDRO FERNÁNDEZ IGLESIAS
LEANDRO FUENTES SANTOS
LEANDRO ORTIZ ALONSO
LEANDRO SANTIAGO SANZ
LEANDRO SANTOS AGUILAR
LEOCADIA CABRERA GALLEGO
LEOCADIA DÍAZ FERRER
LEOCADIA FERRER GONZÁLEZ
LEOCADIA MEDINA SOLER
LEOCADIA PRIETO NAVARRO
LEOCADIA ROMERO LEÓN
LEOCADIA VIDAL DÍAZ
LEÓN ARIAS VARGAS
LEÓN DÍAZ DURÁN
LEÓN ESTEBAN PÉREZ
LEÓN GIL MEDINA
LEÓN HERNÁNDEZ GÓMEZ
LEÓN HERRERA VELASCO
LEÓN ORTIZ BLESA
LEÓN PARRA GARRIDO
LEÓN PÉREZ PRIETO
LEÓN VARGAS ORTEGA
LEONARDO BENÍTEZ RUIZ
LEONARDO CRESPO PÉREZ
LEONARDO DOMÍNGUEZ CRUZ
LEONARDO GUTIÉRREZ CASTRO
LEONARDO NÚÑEZ FERRER
LEONARDO ORTIZ RODRÍGUEZ
LEONARDO PASTOR BENÍTEZ
LEONARDO REYES DOMÍNGUEZ
LEONCIO CASTILLO NIETO
LEONCIO CASTILLO VÁZQUEZ
LEONCIO FERNÁNDEZ CARMONA
LEONCIO JIMÉNEZ MUÑOZ
LEONCIO MONTERO DURÁN
LEONCIO MONTORO CANO
LEONCIO ROMERO REYES
LEONCIO SÁEZ MÁRQUEZ
LEONOR CORTÉS CABRERA
LEONOR MÉNDEZ CABALLERO
LEONOR NAVARRO ORTEGA
LEONOR REYES CALVO
LEONOR RODRÍGUEZ NIETO
LEONOR SOTO MEDINA
LEOPOLDO CANO PRIETO
LEOPOLDO CRUZ CRESPO
LEOPOLDO GALLARDO PEÑA
LEOPOLDO GIL SÁEZ
LEOPOLDO LÓPEZ VÁZQUEZ
LEOPOLDO MOLINA ROMÁN
LEOPOLDO ORTEGA ALONSO
LEOPOLDO VARGAS MÁRQUEZ
LIDIA HIDALGO FERNÁNDEZ
LIDIA LORENZO MORALES
LIDIA PEÑA VÁZQUEZ
LIDIA PÉREZ FERRER
LIDIA RODRÍGUEZ ÁLVAREZ
LIDIA ROMÁN CALVO
LIDIA RUBIO CARRASCO
LIDIA SÁNCHEZ PARRA
LIDIA VARGAS BLESA
LIDUVINA MARTÍNEZ GARCÍA
LIDUVINA SANTOS MOLINA
LIDUVINA TORRES CARMONA
LINO CABRERA BRAVO
LINO CAMBIL MÁRQUEZ
LINO CAMPOS PÉREZ
LINO CRESPO REY
LINO CRUZ TORRES
LINO ESTEBAN DÍAZ
LINO FERNÁNDEZ HERNÁNDEZ
LINO GALLARDO REYES
LINO GÓMEZ GÓMEZ
LINO LORENZO GARRIDO
LINO MÁRQUEZ VICENTE
LINO MARTÍNEZ BLESA
LINO NÚÑEZ VICENTE
LINO PRIETO MUÑOZ
LINO SOTO ALONSO
LINO SOTO MARTÍN
LINO VÁZQUEZ HERRERA
LORENA ÁLVAREZ GIMÉNEZ
LORENA ESTEBAN GUTIÉRREZ
LORENA MARÍN MORENO
LORENA MARTÍN PRIETO
LORENA NIETO CAMBIL
LORENA ORTEGA SANZ
LORENA REYES CABALLERO
LORENZO CAMPOS TORRES
LORENZO CANO SÁEZ
LORENZO CRESPO GUERRERO
LORENZO GALLARDO CARMONA
LORENZO HIDALGO HERRERO
LORENZO LORENZO HERRERA
LORENZO MARTÍN HIDALGO
LORENZO MONTORO IGLESIAS
LORENZO MORENO SERRANO
LORENZO ORTEGA SERRANO
LORENZO PRIETO REYES
LORENZO SANTANA VIDAL
LOURDES FERNÁNDEZ PRIETO
LOURDES GARCÍA VICENTE
LOURDES GIL LOZANO
LOURDES MEDINA MÉNDEZ
LOURDES MOLINA RAMÍREZ
LOURDES MORENO ARIAS
LOURDES RODRÍGUEZ GIL
LOURDES VEGA REY
LUCANO ARIAS GUERRERO
LUCANO CANO GÓMEZ
LUCANO CRUZ GIL
LUCANO HERRERO ÁLVAREZ
LUCANO RUIZ PASTOR
LUCANO VIDAL CASTRO
LUCAS ÁLVAREZ LEÓN
LUCAS CORTÉS VIDAL
LUCAS DOMÍNGUEZ DÍEZ
LUCAS MORA ROMÁN
LUCAS PARRA DÍEZ
LUCAS SÁNCHEZ GALLARDO
LUCAS SANTANA MARTÍNEZ
LUCAS VELASCO BLESA
LUCÍA CAMBIL PRIETO
LUCÍA FERNÁNDEZ GIL
LUCÍA GARRIDO SÁNCHEZ
LUCÍA GIMÉNEZ IBÁÑEZ
LUCÍA IGLESIAS GIMÉNEZ
LUCÍA MARTÍN GONZÁLEZ
LUCÍA MONTERO MÁRQUEZ
LUCÍA MUÑOZ CANO
LUCIANO CASTRO GIMÉNEZ
LUCIANO FUENTES SANTOS
LUCIANO LÓPEZ RAMÍREZ
LUCIANO MONTERO ALONSO
LUCIANO MORA GARCÍA
LUCIANO MORENO REY
LUCIANO ORTEGA PEÑA
LUCIANO PARRA VICENTE
LUCIANO PASTOR MARTÍNEZ
LUCIANO PÉREZ VEGA
LUCIANO SERRANO GARRIDO
LUCIANO TORRES ÁLVAREZ
LUCRECIA ÁLVAREZ ALONSO
LUCRECIA BLANCO FERNÁNDEZ
LUCRECIA CRESPO LORENZO
LUCRECIA DURÁN IGLESIAS
LUCRECIA NAVARRO TORRES
LUCRECIA PARRA LEÓN
LUCRECIA PRIETO MORA
LUCRECIA SANZ DELGADO
LUIS CABALLERO GARCÍA
LUIS CABALLERO GUTIÉRREZ
LUIS FERRER PASCUAL
LUIS FERRER SÁNCHEZ
LUIS GUERRERO VIDAL
LUIS HERNÁNDEZ GALLEGO
LUIS HERNÁNDEZ VÁZQUEZ
LUIS IBÁÑEZ CANO
LUIS MONTORO ROMÁN
LUIS PARRA LOZANO
LUIS RAMÍREZ BLANCO
LUIS RAMOS PÉREZ
LUIS REY BENÍTEZ
LUIS SANZ LEÓN
LUIS SANZ SOLER
LUISA CARRASCO LEÓN
LUISA DOMÍNGUEZ DELGADO
LUISA LÓPEZ GIMÉNEZ
LUISA MÁRQUEZ PASCUAL
LUISA MÉNDEZ CANO
LUZ BENÍTEZ MORENO
LUZ BLANCO CRESPO
LUZ GARRIDO LÓPEZ
LUZ IGLESIAS GÓMEZ
LUZ LORENZO VÁZQUEZ
LUZ MARTÍN CRUZ
LUZ MARTÍNEZ BLANCO
LUZ MORENO CORTÉS
LUZ PASTOR DÍAZ
LUZ ROMERO BENÍTEZ
LUZ SANTOS MARTÍN
LUZ SOLER CRESPO
LUZ SOTO RAMOS
LUZ TORRES REY
LUZ VEGA VICENTE
MACARIO LÓPEZ JIMÉNEZ
MACARIO LOZANO MONTORO
MAGDALENA AGUILAR MEDINA
MAGDALENA BRAVO SANTOS
MAGDALENA CORTÉS DÍAZ
MAGDALENA LOZANO SOLER
MAGDALENA PRIETO CASTRO
MAGDALENA SERRANO FERRER
MAGDALENA VICENTE RUIZ
MANUEL CALVO MARTÍNEZ
MANUEL CAMBIL FERNÁNDEZ
MANUEL CARRASCO MARTÍNEZ
MANUEL CARRASCO SANTOS
MANUEL GARCÍA ARIAS
MANUEL GUERRERO RAMÍREZ
MANUEL MARTÍNEZ ORTEGA
MANUELA ÁLVAREZ CORTÉS
MANUELA CRESPO VARGAS
MANUELA PRIETO CAMBIL
MANUELA RUIZ MARTÍN
MAR ARIAS SANZ
MAR CANO LÓPEZ
MAR ESTEBAN NÚÑEZ
MAR MÉNDEZ MOLINA
MAR MONTERO HERNÁNDEZ
MAR RODRÍGUEZ LEÓN
MAR RUBIO VEGA
MARC BENÍTEZ VEGA
MARC CAMPOS SANTIAGO
MARC GALLEGO PÉREZ
MARC GARCÍA ROMERO
MARC GONZÁLEZ FUENTES
MARC IGLESIAS LORENZO
MARC MUÑOZ CALVO
MARC RAMÍREZ MÁRQUEZ
MARC RODRÍGUEZ FERNÁNDEZ
MARC ROMERO GUTIÉRREZ
MARCELINO ALONSO VIDAL
MARCELINO CARMONA MEDINA
MARCELINO CRESPO MARTÍNEZ
MARCELINO ESTEBAN DÍEZ
MARCELINO GÓMEZ GUTIÉRREZ
MARCELINO PASCUAL SANTOS
MARCELO ALONSO MARTÍN
MARCELO FERNÁNDEZ PASCUAL
MARCELO FUENTES DOMÍNGUEZ
MARCELO HERRERO CARMONA
MARCELO HERRERO VELASCO
MARCELO IBÁÑEZ MONTORO
MARCELO MONTERO MARTÍNEZ
MARCELO NAVARRO DURÁN
MARCIAL CRUZ GUERRERO
MARCIAL GARCÍA GALLARDO
MARCIAL HERRERA SANTOS
MARCIAL HIDALGO VICENTE
MARCIAL MOLINA ARIAS
MARCIAL PÉREZ CRUZ
MARCIANO ÁLVAREZ SOTO
MARCIANO HIDALGO VELASCO
MARCIANO LOZANO SANTOS
MARCIANO MONTERO SANTANA
MARCIANO PEÑA MÉNDEZ
MARCIANO REY GALLARDO
MARCIANO REYES VELASCO
MARCIANO SANZ DURÁN
MARCOS AGUILAR VÁZQUEZ
MARCOS ALONSO SÁNCHEZ
MARCOS GALLARDO DOMÍNGUEZ
MARCOS ORTIZ CANO
MARCOS SANZ PÉREZ
MARCOS VICENTE GALLARDO
MARCOS VICENTE LORENZO
MARCOS VIDAL LOZANO
MARGARITA CASTILLO VELASCO
MARGARITA CRESPO SÁEZ
MARGARITA DOMÍNGUEZ CABRERA
MARGARITA SERRANO RAMOS
MARÍA CAMBIL RUIZ
MARÍA DELGADO GUERRERO
MARÍA JIMÉNEZ SANZ
MARÍA MARÍN LEÓN
MARÍA MOLINA GUTIÉRREZ
MARÍA ORTEGA SANTANA
MARÍA RAMOS SANZ
MARÍA REY PRIETO
MARIANO CABRERA MÉNDEZ
MARIANO DELGADO NÚÑEZ
MARIANO DÍEZ VARGAS
MARIANO GUERRERO TORRES
MARIANO PASCUAL GONZÁLEZ
MARIANO RAMÍREZ CABRERA
MARIANO SUÁREZ IGLESIAS
MARINA BLESA VIDAL
MARINA CANO NIETO
MARINA DÍAZ LEÓN
MARINA FLORES MÉNDEZ
MARINA LOZANO RODRÍGUEZ
MARINA MORENO CAMBIL
MARINA NIETO RUBIO
MARINA RUBIO JIMÉNEZ
MARINA RUBIO REY
MARINA SANTOS AGUILAR
MARINA VARGAS REY
MARIO BENÍTEZ CAMBIL
MARIO BRAVO DELGADO
MARIO GARRIDO RUBIO
MARIO HERRERA PÉREZ
MARIO MORALES LÓPEZ
MARIO NIETO RODRÍGUEZ
MARIO PASCUAL MORALES
MARTA CORTÉS ALONSO
MARTA GÓMEZ CABALLERO
MARTA NÚÑEZ IGLESIAS
MARTA SANTANA RODRÍGUEZ
MARTA SANTIAGO IGLESIAS
MARTÍN BRAVO ESTEBAN
MARTÍN GUERRERO MUÑOZ
MARTÍN HERNÁNDEZ LÓPEZ
MARTÍN LÓPEZ GUTIÉRREZ
MARTÍN MONTERO DELGADO
MARTÍN PARRA ROMÁN
MATEO GALLARDO RUBIO
MATEO MARTÍNEZ SANTIAGO
MATEO PASCUAL REYES
MATEO RUIZ BENÍTEZ
MATÍAS CANO ROMÁN
MATÍAS CASTRO ORTEGA
MATÍAS GUTIÉRREZ SOTO
MATÍAS HIDALGO VARGAS
MATÍAS LOZANO NIETO
MATÍAS MARÍN ESTEBAN
MATÍAS MÁRQUEZ MEDINA
MATÍAS MÉNDEZ MÁRQUEZ
MATÍAS SANTANA HERRERA
MATILDE CAMPOS MORENO
MATILDE GONZÁLEZ CASTILLO
MATILDE GUERRERO DURÁN
MATILDE MARTÍN IGLESIAS
MATILDE MEDINA LORENZO
MATILDE MONTERO VÁZQUEZ
MATILDE ORTIZ NIETO
MATILDE PEÑA GUTIÉRREZ
MATILDE RAMOS HERRERO
MATILDE ROMERO LÓPEZ
MATILDE SÁEZ JIMÉNEZ
MAURICIO CABALLERO ALONSO
MAURICIO CALVO LOZANO
MAURICIO GIL MORA
MAURICIO GÓMEZ DURÁN
MAURICIO GUERRERO BLANCO
MAURICIO IGLESIAS ROMERO
MAURICIO PARRA LORENZO
MAURICIO PASTOR MORA
MAXIMILIANO CARRASCO LEÓN
MAXIMILIANO MARÍN FERNÁNDEZ
MAXIMILIANO MORALES BRAVO
MAXIMILIANO MORENO SANZ
MAXIMILIANO MOYA HIDALGO
MAXIMILIANO ORTEGA IBÁÑEZ
MAXIMILIANO REY RODRÍGUEZ
MAXIMILIANO ROMÁN GALLEGO
MAXIMILIANO VÁZQUEZ VARGAS
MELCHOR ARIAS PASTOR
MELCHOR CALVO LORENZO
MELCHOR LÓPEZ BLANCO
MELCHOR MARÍN LORENZO
MELCHOR MARTÍNEZ PASTOR
MELCHOR PARRA PASCUAL
MELCHOR RAMOS MOYA
MELCHOR ROMÁN CARRASCO
MELCHOR ROMERO VEGA
MELCHOR SERRANO FLORES
MERCEDES CRUZ SÁEZ
MERCEDES DELGADO MEDINA
MERCEDES ESTEBAN DURÁN
MERCEDES IBÁÑEZ SANZ
MERCEDES IGLESIAS PRIETO
MERCEDES LORENZO ARIAS
MERCEDES PEÑA VARGAS
MERCEDES RUIZ RAMOS
MERCEDES SOTO VICENTE
MIGUEL HERNÁNDEZ IBÁÑEZ
MIGUEL HERRERO ALONSO
MIGUEL LEÓN PARRA
MIGUEL PÉREZ VIDAL
MIGUEL ROMÁN ROMÁN
MIGUEL SÁNCHEZ FERRER
MILAGROS CARRASCO MARTÍNEZ
MILAGROS DÍEZ BLESA
MILAGROS LOZANO LORENZO
MILAGROS MONTORO SANTANA
MILAGROS PEÑA SERRANO
MILAGROS ROMERO MARTÍNEZ
MIQUEAS CABRERA CALVO
MIQUEAS GARCÍA FERNÁNDEZ
MIQUEAS GARRIDO CARRASCO
MIQUEAS GARRIDO ROMERO
MIQUEAS HIDALGO VIDAL
MIQUEAS MORENO CRESPO
MIQUEAS RUIZ CABRERA
MIQUEAS SANTIAGO GALLEGO
MIQUEAS SOLER GIMÉNEZ
MÍRIAM CABALLERO CASTRO
MÍRIAM CAMBIL MOLINA
MÍRIAM CAMPOS CAMPOS
MÍRIAM CARMONA GONZÁLEZ
MÍRIAM CARMONA RAMOS
MÍRIAM DURÁN BRAVO
MÍRIAM LOZANO CABALLERO
MÍRIAM MÁRQUEZ PASTOR
MÍRIAM MORA PÉREZ
MÍRIAM PASTOR PASTOR
MÍRIAM RAMÍREZ IGLESIAS
MÍRIAM RAMOS REYES
MÍRIAM REYES PASCUAL
MÍRIAM ROMÁN CARRASCO
MÍRIAM VICENTE MUÑOZ
MOHAMED CAMBIL ROMERO
MOHAMED DELGADO BRAVO
MOHAMED GARRIDO BRAVO
MOHAMED GIL CANO
MOHAMED MARTÍN CARMONA
MOHAMED SOLER SANTIAGO
MOISÉS BRAVO FERRER
MOISÉS CALVO IBÁÑEZ
MOISÉS CORTÉS SANTIAGO
MOISÉS GIL MARÍN
MOISÉS GUERRERO CANO
MOISÉS MARÍN JIMÉNEZ
MOISÉS MEDINA MARTÍN
MOISÉS MEDINA SANZ
MOISÉS RUIZ ROMÁN
MÓNICA CASTRO CARRASCO
MONTSERRAT CARMONA AGUILAR
MONTSERRAT CRESPO RUBIO
MONTSERRAT DURÁN MOLINA
MONTSERRAT FLORES CORTÉS
MONTSERRAT GARRIDO ARIAS
MONTSERRAT GIL RAMOS
MONTSERRAT GUTIÉRREZ GUTIÉRREZ
MONTSERRAT JIMÉNEZ JIMÉNEZ
MONTSERRAT MEDINA LORENZO
MONTSERRAT RAMÍREZ NIETO
MONTSERRAT RAMOS ARIAS
MONTSERRAT RUIZ LORENZO
NARCISO CALVO ÁLVAREZ
NARCISO GIMÉNEZ IBÁÑEZ
NARCISO GÓMEZ ÁLVAREZ
NARCISO HERRERA PÉREZ
NARCISO NÚÑEZ AGUILAR
NARCISO ORTIZ ALONSO
NARCISO ROMERO BLESA
NARCISO SÁEZ AGUILAR
NARCISO SANTANA PÉREZ
NARCISO VÁZQUEZ SANTANA
NATALIA ARIAS GUERRERO
NATALIA LÓPEZ BRAVO
NATALIA MÁRQUEZ MUÑOZ
NATALIA MARTÍN VARGAS
NATALIA MUÑOZ CORTÉS
NATALIA MUÑOZ CRESPO
NATALIA ORTIZ VARGAS
NATALIA REY PRIETO
NATALIA SÁNCHEZ REY
NATALIA SANTANA CORTÉS
NATALIA SERRANO LOZANO
NATALIA VICENTE RODRÍGUEZ
NATIVIDAD CARRASCO RUIZ
NATIVIDAD MOLINA CARRASCO
NATIVIDAD MORA MEDINA
NATIVIDAD MORALES GALLEGO
NATIVIDAD SUÁREZ AGUILAR
NAZARIO ARIAS GALLARDO
NAZARIO ESTEBAN HERRERA
NAZARIO GALLEGO MÁRQUEZ
NAZARIO MÉNDEZ PÉREZ
NAZARIO NÚÑEZ PARRA
NAZARIO ORTEGA CASTILLO
NAZARIO REYES AGUILAR
NAZARIO RUIZ ORTEGA
NEMESIO ALONSO SANTIAGO
NEMESIO CAMPOS RUIZ
NEMESIO IBÁÑEZ PASCUAL
NEMESIO IGLESIAS ROMÁN
NEMESIO NIETO IBÁÑEZ
NEMESIO NÚÑEZ SANTOS
NICANOR DELGADO MOYA
NICANOR DÍEZ DELGADO
NICANOR HERNÁNDEZ ALONSO
NICANOR HERRERA LORENZO
NICANOR LEÓN FERNÁNDEZ
NICANOR PEÑA TORRES
NICANOR RAMÍREZ MARTÍN
NICANOR RODRÍGUEZ SOLER
NICODEMO ÁLVAREZ CAMBIL
NICODEMO CABRERA REY
NICODEMO DÍAZ CRUZ
NICODEMO DÍEZ NAVARRO
NICODEMO ESTEBAN CALVO
NICODEMO ROMERO MARTÍN
NICODEMO ROMERO MARTÍNEZ
NICODEMO RUBIO MARTÍNEZ
NICODEMO SANZ FERRER
NICOLÁS BRAVO MORALES
NICOLÁS CALVO RAMOS
NICOLÁS FUENTES MUÑOZ
NICOLÁS LÓPEZ GIL
NICOLÁS MARTÍN SÁEZ
NICOLÁS PEÑA MÁRQUEZ
NICOLÁS RAMÍREZ CANO
NICOMEDES LEÓN CANO
NICOMEDES LORENZO GARRIDO
NICOMEDES MONTORO GALLARDO
NICOMEDES REY VARGAS
NICOMEDES ROMÁN DELGADO
NICOMEDES TORRES CABALLERO
NIEVES ARIAS DÍAZ
NIEVES CALVO VICENTE
NIEVES CAMBIL JIMÉNEZ
NIEVES CANO BENÍTEZ
NIEVES GONZÁLEZ MEDINA
NIEVES VÁZQUEZ GIMÉNEZ
NIEVES VEGA MORALES
NOÉ GÓMEZ CRUZ
NOÉ HERNÁNDEZ ROMÁN
NOÉ PARRA CRESPO
NOÉ REYES VARGAS
NOÉ ROMÁN DOMÍNGUEZ
NOÉ ROMÁN MORENO
NOÉ SERRANO CORTÉS
NOÉ VÁZQUEZ VEGA
NOELIA ALONSO GALLARDO
NOELIA CAMPOS FUENTES
NOELIA CASTRO MOLINA
NOELIA GIMÉNEZ TORRES
NOELIA LOZANO GIL
NOELIA NIETO PRIETO
NOELIA RAMOS DÍAZ
NOELIA SANTANA MOYA
NORBERTO BRAVO PASTOR
NORBERTO CALVO AGUILAR
NORBERTO FLORES VELASCO
NORBERTO GÓMEZ VIDAL
NORBERTO HERRERA JIMÉNEZ
NORBERTO HERRERO JIMÉNEZ
NORBERTO IBÁÑEZ MOLINA
NORBERTO LÓPEZ CRESPO
NORBERTO MONTORO CARRASCO
NORBERTO RAMOS CRESPO
NORBERTO SÁEZ BLANCO
NORBERTO TORRES FLORES
NURIA MARTÍNEZ CABRERA
NURIA MONTERO DÍAZ
NURIA NIETO CRUZ
NURIA PRIETO RUBIO
NURIA REYES LÓPEZ
NURIA SOTO BENÍTEZ
NURIA VEGA ÁLVAREZ
OCTAVIO HIDALGO GIL
ODÓN ÁLVAREZ JIMÉNEZ
ODÓN CARMONA BENÍTEZ
ODÓN CARRASCO LORENZO
ODÓN CRUZ CAMBIL
ODÓN GIMÉNEZ MUÑOZ
ODÓN LORENZO NÚÑEZ
ODÓN MOLINA CARMONA
ODÓN MOLINA FERRER
ODÓN MONTORO REY
ODÓN PEÑA MARTÍN
ODÓN SANTANA GALLEGO
ODÓN VARGAS MÉNDEZ
OLGA GALLEGO HERNÁNDEZ
OLGA GIMÉNEZ FERNÁNDEZ
OLGA MÁRQUEZ MORA
OLGA PÉREZ GUERRERO
OLGA VELASCO CASTRO
ONÉSIMO ÁLVAREZ LOZANO
ONÉSIMO BLESA NÚÑEZ
ONÉSIMO CALVO JIMÉNEZ
ONÉSIMO GALLARDO LEÓN
ONÉSIMO GALLEGO BLESA
ONÉSIMO LORENZO SOTO
ONÉSIMO LOZANO GALLEGO
ONÉSIMO MÉNDEZ SERRANO
ONÉSIMO MONTORO NAVARRO
ONÉSIMO RAMÍREZ PEÑA
ONÉSIMO SANZ SOTO
ORESTES ALONSO MEDINA
ORESTES CARRASCO CRESPO
ORESTES DOMÍNGUEZ TORRES
ORESTES MONTERO DURÁN
ORESTES ORTIZ PASTOR
ORESTES RAMÍREZ IBÁÑEZ
ORIOL CAMPOS BLANCO
ORIOL CARMONA MÁRQUEZ
ORIOL DÍEZ MORA
ORIOL FUENTES VELASCO
ORIOL HERNÁNDEZ MORALES
ORIOL HERNÁNDEZ SÁEZ
ORIOL IGLESIAS HERRERA
ORIOL LEÓN CARRASCO
ORIOL REYES CALVO
ORIOL SANTIAGO VELASCO
ORIOL VEGA SANTOS
ÓSCAR ARIAS RUBIO
OSCAR CABRERA NAVARRO
ÓSCAR CALVO IGLESIAS
ÓSCAR DOMÍNGUEZ MORALES
ÓSCAR DURÁN GIL
ÓSCAR HERNÁNDEZ CAMBIL
OSCAR HERRERA SÁEZ
OSCAR HERRERO SERRANO
OSCAR LORENZO RAMOS
ÓSCAR MÁRQUEZ SANZ
OSCAR MORENO VEGA
OSCAR PARRA ARIAS
OSCAR PRIETO ALONSO
ÓSCAR VIDAL MOLINA
OSEAS DÍAZ SANTOS
OSEAS FERRER HERRERO
OSEAS GALLEGO DÍAZ
OSEAS GUERRERO CRESPO
OSEAS GUERRERO PÉREZ
OSEAS SÁNCHEZ CALVO
OSWALDO CABRERA VEGA
OSWALDO CAMPOS SÁEZ
OSWALDO PARRA CABALLERO
OSWALDO SÁEZ MORENO
OSWALDO VIDAL GUERRERO
OTILIA HERNÁNDEZ RUBIO
OTILIA NIETO PASTOR
OTILIA RAMOS FERRER
OTILIA ROMÁN REY
OTILIA VÁZQUEZ GIMÉNEZ
OTO CABRERA MORENO
OTO CANO GIL
OTO ESTEBAN VIDAL
OTO FERNÁNDEZ SANTOS
OTO GONZÁLEZ MARÍN
OTO IBÁÑEZ MARTÍN
OTO IGLESIAS CORTÉS
OTO LÓPEZ FUENTES
OTO LÓPEZ REY
OTO MARÍN PASTOR
OTO MEDINA CANO
OTO SANZ CAMBIL
PABLO ALONSO GIMÉNEZ
PABLO CABALLERO CABRERA
PABLO DÍEZ GÓMEZ
PABLO GIL CANO
PABLO MONTERO NAVARRO
PABLO PASTOR BENÍTEZ
PABLO PEÑA MÉNDEZ
PABLO SOTO BRAVO
PANCRACIO CAMBIL SANZ
PANCRACIO FUENTES HERRERA
PANCRACIO MARTÍNEZ SANTANA
PANCRACIO SÁNCHEZ GÓMEZ
PANCRACIO SANTOS MARTÍNEZ
PASCUAL CAMBIL ARIAS
PASCUAL GIMÉNEZ GARRIDO
PASCUAL LORENZO REY
PASCUAL LORENZO VEGA
PASCUAL MOYA AGUILAR
PASCUAL SANTANA CORTÉS
PASCUAL VIDAL ORTIZ
PATRICIA ÁLVAREZ ROMÁN
PATRICIA BLANCO GONZÁLEZ
PATRICIA BLANCO SÁEZ
PATRICIA CASTRO CRESPO
PATRICIA JIMÉNEZ CORTÉS
PATRICIA MÉNDEZ SÁEZ
PATRICIA MORA BENÍTEZ
PATRICIA NIETO FUENTES
PATRICIA NÚÑEZ MOLINA
PATRICIA ORTIZ VELASCO
PATRICIA SERRANO MONTERO
PATRICIO CAMPOS GONZÁLEZ
PATRICIO DURÁN ORTEGA
PATRICIO ESTEBAN SÁNCHEZ
PATRICIO GALLARDO MÉNDEZ
PATRICIO GIMÉNEZ NÚÑEZ
PATRICIO LORENZO SANZ
PATRICIO MÁRQUEZ LEÓN
PATRICIO MOYA BRAVO
PATRICIO SANTANA VICENTE
PATRICIO SUÁREZ NIETO
PAULA BRAVO LOZANO
PAULA CARMONA CORTÉS
PAULA DÍAZ CALVO
PAULA FERRER CRUZ
PAULA MONTERO LEÓN
PAULA MONTERO ROMÁN
PAULA ORTEGA BRAVO
PAULA ORTEGA GUTIÉRREZ
PAULA REY MORENO
PAULA REY PEÑA
PEDRO CAMPOS CABALLERO
PEDRO CASTILLO DÍAZ
PEDRO DURÁN CRESPO
PEDRO IGLESIAS LÓPEZ
PEDRO MORA GONZÁLEZ
PEDRO ORTIZ GALLEGO
PETRONILA CARRASCO CABALLERO
PETRONILA ORTIZ SERRANO
PETRONILA ROMERO RAMOS
PILAR CASTILLO MONTORO
PILAR DÍEZ HERRERO
PILAR GALLEGO DOMÍNGUEZ
PILAR NIETO GIMÉNEZ
PÍO BRAVO VIDAL
PÍO DÍAZ CASTILLO
PÍO HERNÁNDEZ SERRANO
PÍO LÓPEZ MOLINA
PÍO MARÍN SUÁREZ
PÍO RUBIO MOLINA
PÍO RUIZ MÁRQUEZ
PÍO VARGAS GÓMEZ
PONCIO ARIAS FUENTES
PONCIO CAMBIL GÓMEZ
PONCIO CASTRO LEÓN
PONCIO CRUZ CANO
PONCIO CRUZ VICENTE
PONCIO FUENTES NÚÑEZ
PONCIO FUENTES REY
PONCIO LEÓN ALONSO
PONCIO MÁRQUEZ SOLER
PONCIO PASTOR AGUILAR
PONCIO RUIZ PRIETO
PONCIO SANTANA LÓPEZ
PONCIO VICENTE ARIAS
PORFIRIO ESTEBAN BLESA
PORFIRIO FERRER CAMPOS
PORFIRIO IGLESIAS REY
PORFIRIO MONTERO GONZÁLEZ
PORFIRIO MORA GIMÉNEZ
PORFIRIO RODRÍGUEZ VELASCO
PORFIRIO SANTANA RODRÍGUEZ
PORFIRIO TORRES VELASCO
PRIMO BLANCO NÚÑEZ
PRIMO CALVO PÉREZ
PRIMO GIMÉNEZ RAMÍREZ
PRIMO MARTÍNEZ HERNÁNDEZ
PRIMO MARTÍNEZ MUÑOZ
PRIMO NÚÑEZ BRAVO
PRIMO REYES LOZANO
PRIMO SERRANO ROMÁN
PRIMO SOLER GUTIÉRREZ
PRIMO VARGAS BLESA
PRISCILA CANO FERNÁNDEZ
PRISCILA DELGADO MARÍN
PRISCILA HERNÁNDEZ GUERRERO
PRISCILA LÓPEZ SANTOS
PRISCILA MARTÍNEZ JIMÉNEZ
PRISCILA VEGA MOLINA
PROBO CAMBIL BRAVO
PROBO CORTÉS PARRA
PROBO LORENZO FERNÁNDEZ
PROBO MONTORO ESTEBAN
PROBO PRIETO BLESA
PROBO RAMOS ARIAS
PROBO SANTOS MOLINA
PROBO VARGAS HERRERO
PURIFICACIÓN CARMONA MONTERO
PURIFICACIÓN CORTÉS SANTANA
PURIFICACIÓN CORTÉS SUÁREZ
PURIFICACIÓN DELGADO FERRER
PURIFICACIÓN ESTEBAN VICENTE
PURIFICACIÓN GARCÍA GALLEGO
PURIFICACIÓN GIMÉNEZ CAMBIL
PURIFICACIÓN GUERRERO BLESA
PURIFICACIÓN JIMÉNEZ CRESPO
PURIFICACIÓN PARRA DÍAZ
PURIFICACIÓN PEÑA HERRERO
PURIFICACIÓN SANTIAGO SÁNCHEZ
PURIFICACIÓN TORRES SERRANO
PURIFICACIÓN VEGA IGLESIAS
RAFAEL CANO TORRES
RAFAEL DELGADO FERNÁNDEZ
RAFAEL GUERRERO SERRANO
RAFAEL IGLESIAS LÓPEZ
RAFAEL MONTORO GONZÁLEZ
RAFAEL MUÑOZ ROMÁN
RAFAEL RAMOS LORENZO
RAFAEL RUIZ CAMPOS
RAFAEL VÁZQUEZ RAMOS
RAFAEL VIDAL JIMÉNEZ
RAIMUNDO ALONSO VARGAS
RAIMUNDO CAMBIL GARCÍA
RAIMUNDO GONZÁLEZ CAMBIL
RAIMUNDO GUERRERO FUENTES
RAIMUNDO MONTERO PÉREZ
RAIMUNDO MORENO MORENO
RAIMUNDO MOYA DÍAZ
RAIMUNDO MOYA RAMÍREZ
RAIMUNDO NIETO FERRER
RAIMUNDO RAMOS SOTO
RAMIRO MONTERO HERNÁNDEZ
RAMIRO MONTERO MÁRQUEZ
RAMIRO NAVARRO LOZANO
RAMIRO NIETO CARRASCO
RAMIRO RAMÍREZ GONZÁLEZ
RAMIRO SERRANO GÓMEZ
RAMIRO SUÁREZ BRAVO
RAMÓN CABRERA SÁEZ
RAMÓN CARMONA RAMÍREZ
RAMÓN CASTRO CORTÉS
RAMÓN CORTÉS GUTIÉRREZ
RAMÓN GÓMEZ DÍAZ
RAMÓN HERRERA CANO
RAMÓN LÓPEZ RODRÍGUEZ
RAMÓN MÁRQUEZ GONZÁLEZ
RAMÓN MEDINA VIDAL
RAMÓN ORTIZ VÁZQUEZ
RAMÓN PÉREZ CAMBIL
RAMÓN RODRÍGUEZ MORENO
RAQUEL GIL DÍEZ
RAQUEL LEÓN SÁNCHEZ
RAQUEL PASCUAL SOLER
RAQUEL PEÑA CRUZ
RAÚL ÁLVAREZ LEÓN
RAÚL CABALLERO MARTÍN
RAÚL CARRASCO PASCUAL
RAÚL FLORES GIL
RAÚL GALLARDO DURÁN
RAÚL GARRIDO BENÍTEZ
RAÚL MORA MOYA
RAÚL NAVARRO DELGADO
RAÚL NIETO LÓPEZ
RAÚL PASTOR VELASCO
RAÚL SANZ PÉREZ
REBECA CASTRO FLORES
REBECA GIMÉNEZ SOLER
REBECA IBÁÑEZ GIL
REBECA NAVARRO MEDINA
REBECA NIETO CRESPO
REBECA PEÑA MORENO
REBECA RAMOS LOZANO
REBECA REY FLORES
REBECA ROMÁN GUTIÉRREZ
REBECA SOLER MOLINA
REBECA TORRES MOLINA
REINALDO ARIAS REYES
REINALDO CABRERA ALONSO
REINALDO DÍAZ GONZÁLEZ
REINALDO HERRERA MORA
REINALDO MARÍN MUÑOZ
REINALDO MEDINA RUBIO
REINALDO MONTERO MONTERO
REINALDO PASCUAL BENÍTEZ
REINALDO PÉREZ MORA
REINALDO SOTO RUIZ
REMEDIOS CAMBIL VELASCO
REMEDIOS GONZÁLEZ MOYA
REMEDIOS HERRERA ROMERO
REMEDIOS LORENZO PASCUAL
REMEDIOS MARTÍNEZ IBÁÑEZ
REMEDIOS REY DOMÍNGUEZ
RENATO CABALLERO MARÍN
RENATO DELGADO IBÁÑEZ
RENATO FERRER MARTÍN
RENATO MARÍN SANTOS
RENATO RAMOS HERRERA
RENATO REYES CABRERA
RENATO SANTIAGO MÁRQUEZ
RICARDO LÓPEZ LOZANO
RICARDO MORALES DOMÍNGUEZ
RICARDO ORTIZ RAMOS
RICARDO VÁZQUEZ FERNÁNDEZ
RIGOBERTO AGUILAR ÁLVAREZ
RIGOBERTO BENÍTEZ BENÍTEZ
RIGOBERTO BLESA RUBIO
RIGOBERTO GIMÉNEZ RUBIO
RIGOBERTO GUTIÉRREZ DELGADO
RIGOBERTO GUTIÉRREZ FLORES
RIGOBERTO IBÁÑEZ CANO
RIGOBERTO MONTERO MOLINA
RIGOBERTO ORTIZ VIDAL
RIGOBERTO SANTANA BENÍTEZ
RIGOBERTO SANZ ROMERO
RIGOBERTO SUÁREZ FUENTES
RIGOBERTO VARGAS CABALLERO
RITA CORTÉS GONZÁLEZ
RITA FERNÁNDEZ JIMÉNEZ
RITA FUENTES PRIETO
RITA GALLEGO FERNÁNDEZ
RITA GÓMEZ ESTEBAN
RITA MEDINA CORTÉS
RITA PÉREZ MARÍN
RITA SÁEZ BLANCO
RITA VELASCO DURÁN
ROBERTO IGLESIAS SOLER
ROBERTO MARTÍNEZ MORENO
ROBERTO PÉREZ MOLINA
ROBERTO TORRES HERNÁNDEZ
ROBERTO VELASCO SOTO
ROBERTO VIDAL ARIAS
ROCÍO DÍAZ RUBIO
ROCÍO FERRER MARTÍN
ROCÍO GÓMEZ HERRERO
ROCÍO GÓMEZ PASTOR
ROCÍO MÁRQUEZ CORTÉS
ROCÍO PRIETO CASTILLO
ROCÍO SANTANA GONZÁLEZ
ROCÍO SUÁREZ FERRER
RODRIGO ALONSO ÁLVAREZ
RODRIGO CAMBIL NÚÑEZ
RODRIGO CANO RUIZ
RODRIGO CASTRO CAMBIL
RODRIGO CORTÉS LOZANO
RODRIGO DELGADO MEDINA
RODRIGO DÍAZ CABRERA
RODRIGO FUENTES VÁZQUEZ
RODRIGO GARCÍA MOLINA
RODRIGO GONZÁLEZ SÁNCHEZ
RODRIGO LOZANO PASTOR
RODRIGO MORALES CABALLERO
RODRIGO RAMOS MÉNDEZ
RODRIGO REY SANTOS
RODRIGO REYES ORTEGA
RODRIGO VELASCO MARTÍNEZ
ROGELIO CASTILLO LÓPEZ
ROGELIO CASTILLO PASCUAL
ROGELIO ESTEBAN MARTÍN
ROGELIO FLORES IBÁÑEZ
ROGELIO HERRERO GIMÉNEZ
ROGELIO LORENZO LOZANO
ROMÁN FERNÁNDEZ MONTERO
ROMÁN GARCÍA DELGADO
ROMÁN GÓMEZ MOLINA
ROMÁN GUERRERO LOZANO
ROMÁN HERNÁNDEZ CARRASCO
ROMÁN LÓPEZ BLANCO
ROMÁN PASCUAL JIMÉNEZ
ROMÁN PASCUAL RAMOS
ROMÁN PASTOR ROMÁN
ROMÁN SERRANO ESTEBAN
ROMUALDO DELGADO AGUILAR
ROMUALDO PEÑA DELGADO
ROMUALDO ROMÁN NIETO
ROQUE BRAVO ROMÁN
ROQUE GUTIÉRREZ IBÁÑEZ
ROQUE MEDINA SANTOS
ROQUE MONTORO ORTIZ
ROQUE MORALES SOLER
ROQUE NIETO PÉREZ
ROQUE PEÑA MARÍN
ROQUE ROMÁN FUENTES
ROQUE SÁNCHEZ FUENTES
ROSA AGUILAR JIMÉNEZ
ROSA CABRERA HIDALGO
ROSA CARMONA MOLINA
ROSA DOMÍNGUEZ TORRES
ROSA FUENTES ALONSO
ROSA GÓMEZ VIDAL
ROSA GUERRERO CAMBIL
ROSA JIMÉNEZ ÁLVAREZ
ROSA MARTÍN PRIETO
ROSA MOYA SÁNCHEZ
ROSA RAMÍREZ CAMBIL
ROSA RODRÍGUEZ MARTÍNEZ
ROSA SÁEZ CARMONA
ROSALIA CAMPOS PÉREZ
ROSALIA FUENTES BRAVO
ROSALIA HERNÁNDEZ FERNÁNDEZ
ROSALIA JIMÉNEZ REYES
ROSALIA MORA VARGAS
ROSALIA PEÑA MEDINA
ROSALIA ROMÁN PASTOR
ROSALIA SANTOS GONZÁLEZ
ROSALIA VICENTE ALONSO
ROSARIO BENÍTEZ SOLER
ROSARIO CAMPOS FERNÁNDEZ
ROSARIO DÍAZ LÓPEZ
ROSARIO FERRER BRAVO
ROSARIO GIL LORENZO
ROSARIO HERRERO GUTIÉRREZ
ROSARIO IBÁÑEZ IBÁÑEZ
ROSARIO MOLINA REYES
ROSARIO REYES JIMÉNEZ
ROSARIO TORRES MARÍN
ROSENDO AGUILAR GALLARDO
ROSENDO CRESPO RUIZ
ROSENDO PARRA FERRER
ROSENDO PARRA SANTOS
ROSENDO RUBIO CARRASCO
ROSENDO VELASCO VÁZQUEZ
RUBÉN ESTEBAN GUTIÉRREZ
RUBÉN FERNÁNDEZ MARTÍNEZ
RUBÉN SANTIAGO TORRES
RUBÉN SANZ SERRANO
RUBÉN SUÁREZ LEÓN
RUFO MONTORO MÉNDEZ
RUFO MORENO RAMÍREZ
RUFO ORTIZ RAMOS
RUFO RODRÍGUEZ BLANCO
RUFO SOLER DURÁN
RUFO VEGA GARRIDO
RUPERTO BRAVO ROMÁN
RUPERTO CAMPOS GIMÉNEZ
RUPERTO CASTILLO GONZÁLEZ
RUPERTO MARTÍN RODRÍGUEZ
RUPERTO MARTÍNEZ CASTILLO
RUPERTO MONTORO BLANCO
RUPERTO MUÑOZ DURÁN
RUPERTO PASTOR CORTÉS
RUPERTO REY REY
RUPERTO RODRÍGUEZ JIMÉNEZ
RUPERTO ROMÁN REY
RUPERTO SANTIAGO BENÍTEZ
SALOMÉ CAMPOS HERNÁNDEZ
SALOMÉ DOMÍNGUEZ SANTOS
SALOMÉ GALLARDO ARIAS
SALOMÉ IGLESIAS CAMPOS
SALOMÉ MORALES RUIZ
SALOMÉ PARRA DURÁN
SALOMÉ PEÑA LÓPEZ
SALOMÉ RAMOS MÁRQUEZ
SALOMÉ TORRES MÉNDEZ
SALOMÓN DOMÍNGUEZ CASTRO
SALOMÓN DOMÍNGUEZ PARRA
SALOMÓN FLORES MOLINA
SALOMÓN HERNÁNDEZ MONTERO
SALOMÓN REYES DELGADO
SALOMÓN RUBIO ALONSO
SALOMÓN SÁNCHEZ IBÁÑEZ
SALVADOR CAMBIL BENÍTEZ
SALVADOR CASTILLO SÁEZ
SALVADOR DOMÍNGUEZ ARIAS
SALVADOR MOLINA RUBIO
SALVADOR NIETO PASCUAL
SALVADOR NÚÑEZ SÁEZ
SALVADOR PASTOR IBÁÑEZ
SALVIO DOMÍNGUEZ LÓPEZ
SALVIO FERRER JIMÉNEZ
SALVIO FLORES CANO
SALVIO GIL CARMONA
SALVIO LEÓN PARRA
SALVIO LORENZO FUENTES
SALVIO MARTÍN CARMONA
SALVIO PARRA SANZ
SALVIO PRIETO CAMBIL
SALVIO REY SANZ
SALVIO SANTOS GIL
SAMUEL CARRASCO CRESPO
SAMUEL DÍAZ ALONSO
SAMUEL FLORES LEÓN
SAMUEL HERNÁNDEZ GONZÁLEZ
SAMUEL HERRERO RODRÍGUEZ
SAMUEL PEÑA ALONSO
SAMUEL SANTIAGO NAVARRO
SAMUEL SANTOS MARÍN
SAMUEL TORRES LOZANO
SANDRA ARIAS HERNÁNDEZ
SANDRA BLANCO JIMÉNEZ
SANDRA MARTÍNEZ MÉNDEZ
SANDRA MOLINA SANTANA
SANDRA NÚÑEZ DÍEZ
SANDRA REY SANZ
SANSÓN GARCÍA GIL
SANSÓN GIL CORTÉS
SANSÓN GIMÉNEZ BRAVO
SANSÓN MOYA REYES
SANSÓN PÉREZ GÓMEZ
SANSÓN ROMÁN GUERRERO
SANTIAGO ÁLVAREZ MUÑOZ
SANTIAGO CASTILLO NAVARRO
SANTIAGO CRESPO CAMPOS
SANTIAGO DOMÍNGUEZ TORRES
SANTIAGO GALLEGO CABALLERO
SANTIAGO HERRERA AGUILAR
SANTIAGO NAVARRO SERRANO
SANTIAGO VEGA RUBIO
SANTIAGO VELASCO SOLER
SANTIAGO VICENTE DOMÍNGUEZ
SARA ÁLVAREZ LEÓN
SARA MÉNDEZ BRAVO
SARA PASTOR REY
SARA SERRANO CALVO
SEBASTIÁN AGUILAR GONZÁLEZ
SEBASTIÁN ÁLVAREZ MARTÍN
SEBASTIÁN BENÍTEZ SÁEZ
SEBASTIÁN CALVO FUENTES
SEBASTIÁN CRUZ CAMPOS
SEBASTIÁN HERRERA SOLER
SEBASTIÁN IBÁÑEZ FUENTES
SEBASTIÁN JIMÉNEZ REY
SEBASTIÁN MÁRQUEZ PARRA
SEBASTIÁN PARRA GARRIDO
SEBASTIÁN RUIZ DÍEZ
SEBASTIÁN RUIZ MÁRQUEZ
SEBASTIÁN SANTIAGO HERRERO
SEGISMUNDO CARMONA MONTERO
SEGISMUNDO LORENZO GALLEGO
SEGISMUNDO NAVARRO VEGA
SEGISMUNDO PARRA MOLINA
SEGISMUNDO PEÑA CARMONA
SEGISMUNDO PRIETO MONTORO
SEGISMUNDO VELASCO FERRER
SERGIO CAMPOS FERRER
SERGIO FERRER MARÍN
SERGIO JIMÉNEZ SÁNCHEZ
SERGIO PASCUAL MARTÍNEZ
SERGIO SOTO FERRER
SERGIO TORRES GARRIDO
SERGIO VICENTE CRESPO
SEVERINO AGUILAR RODRÍGUEZ
SEVERINO CABALLERO CANO
SEVERINO CABRERA PEÑA
SEVERINO IGLESIAS FLORES
SEVERINO ORTEGA SANTIAGO
SEVERINO REYES IGLESIAS
SEVERINO SÁEZ MUÑOZ
SILVIA AGUILAR CRUZ
SILVIA ÁLVAREZ NAVARRO
SILVIA CALVO VARGAS
SILVIA CAMPOS FUENTES
SILVIA CANO CALVO
SILVIA CRESPO MUÑOZ
SILVIA DOMÍNGUEZ DÍAZ
SILVIA HERRERA GUERRERO
SILVIA MÉNDEZ CALVO
SILVIA MORA FUENTES
SILVIA RUIZ MOLINA
SIMEÓN ARIAS REYES
SIMEÓN FLORES RAMÍREZ
SIMEÓN GÓMEZ IGLESIAS
SIMEÓN GONZÁLEZ CANO
SIMEÓN MARTÍNEZ RODRÍGUEZ
SIMEÓN MEDINA GIL
SIMEÓN ORTIZ VARGAS
SIMEÓN PARRA CRESPO
SIMEÓN RUIZ MARTÍNEZ
SIMEÓN SANTANA MUÑOZ
SIMEÓN SANZ FERNÁNDEZ
SIMÓN CABALLERO DURÁN
SIMÓN CARMONA GONZÁLEZ
SIMÓN FERNÁNDEZ IGLESIAS
SIMÓN GUTIÉRREZ SANTANA
SIMÓN LORENZO GONZÁLEZ
SIMÓN MOLINA MONTORO
SIMÓN ORTIZ HERRERO
SIMÓN ORTIZ ROMERO
SIMÓN RAMOS BLANCO
SIMÓN VELASCO CABALLERO
SIMÓN VIDAL CABRERA
SIRO CARRASCO HERRERO
SIRO CRESPO VEGA
SIRO LÓPEZ IBÁÑEZ
SIRO MÉNDEZ MORA
SIRO RODRÍGUEZ MOYA
SIRO VICENTE MARÍN
SIXTO AGUILAR CABALLERO
SIXTO DÍEZ HERRERO
SIXTO GIMÉNEZ VICENTE
SIXTO MOYA CRUZ
SIXTO NIETO GUTIÉRREZ
SOFÍA CAMBIL MOYA
SOFÍA CAMPOS MUÑOZ
SOFÍA FLORES SANZ
SOFÍA HERNÁNDEZ LOZANO
SOLEDAD ÁLVAREZ JIMÉNEZ
SOLEDAD ARIAS SANTANA
SOLEDAD DOMÍNGUEZ FUENTES
SOLEDAD ESTEBAN HIDALGO
SOLEDAD GIL NÚÑEZ
SOLEDAD MÉNDEZ BLESA
SOLEDAD REY RUIZ
SOLEDAD REYES RUBIO
SOLEDAD RODRÍGUEZ SERRANO
SOLEDAD SÁEZ LORENZO
SOLEDAD SÁNCHEZ PASCUAL
SOLEDAD SANTIAGO ESTEBAN
SOLEDAD VIDAL CRUZ
SOLEDAD VIDAL MORALES
SONIA CRESPO MARTÍNEZ
SONIA GUERRERO MÁRQUEZ
SONIA LEÓN GUERRERO
SONIA MOLINA VICENTE
SUSANA BLANCO AGUILAR
SUSANA BLESA TORRES
SUSANA CAMPOS ROMÁN
SUSANA CASTILLO MARTÍNEZ
SUSANA HERNÁNDEZ ALONSO
SUSANA LEÓN GONZÁLEZ
SUSANA RAMÍREZ RODRÍGUEZ
SUSANA SERRANO HERRERA
TADEO DELGADO GÓMEZ
TADEO DÍAZ CRESPO
TADEO FERNÁNDEZ SOLER
TADEO LEÓN MONTORO
TADEO MÉNDEZ MARTÍNEZ
TADEO REYES RAMOS
TARSICIO CARRASCO GUERRERO
TARSICIO CASTILLO SOTO
TARSICIO CORTÉS FERNÁNDEZ
TARSICIO DÍEZ SANTIAGO
TARSICIO GALLEGO MUÑOZ
TARSICIO HERRERA MONTORO
TARSICIO ROMÁN CARRASCO
TEODORA AGUILAR MORALES
TEODORA BENÍTEZ CAMPOS
TEODORA DÍAZ HERNÁNDEZ
TEODORA REYES VÁZQUEZ
TEODORA SANTANA ORTIZ
TEODORA SANTANA RUBIO
TEODORA SANTIAGO GÓMEZ
TEODORA SANTOS LEÓN
TEODORA SOLER RUIZ
TEODOSIA GARCÍA MEDINA
TEODOSIA GARRIDO GIMÉNEZ
TEODOSIA IBÁÑEZ VARGAS
TEODOSIA MOYA CABALLERO
TEODOSIA PARRA FERNÁNDEZ
TEODOSIA REYES MÁRQUEZ
TEODOSIA SANTIAGO RUIZ
TEODOSIA SERRANO RUIZ
TEODOSIA VÁZQUEZ NIETO
TEÓFANES CARMONA REY
TEÓFANES FERNÁNDEZ SANTOS
TEÓFANES IBÁÑEZ CASTRO
TEÓFANES MÉNDEZ DÍEZ
TEÓFANES MONTERO CABALLERO
TEÓFANES MORENO VELASCO
TEÓFANES MOYA MEDINA
TEÓFANES MUÑOZ VÁZQUEZ
TEÓFANES NAVARRO GÓMEZ
TEÓFANES NIETO VEGA
TEÓFANES RUBIO GIL
TEÓFANES RUBIO REYES
TEÓFANES SANTIAGO IGLESIAS
TEÓFILA MORENO MONTORO
TEÓFILA VEGA HERRERO
TERESA BENÍTEZ GARCÍA
TERESA CRESPO DELGADO
TERESA DÍAZ PASCUAL
TERESA HERNÁNDEZ ROMERO
TERESA LEÓN SÁEZ
TIMOTEO DÍAZ PARRA
TIMOTEO DURÁN MÉNDEZ
TIMOTEO LOZANO HERNÁNDEZ
TIMOTEO PÉREZ GALLEGO
TITO ÁLVAREZ MUÑOZ
TITO CANO CORTÉS
TITO CANO VARGAS
TITO CORTÉS CALVO
TITO CORTÉS CANO
TITO ESTEBAN REY
TITO GUERRERO GALLEGO
TITO LEÓN CABALLERO
TITO NÚÑEZ FLORES
TITO RUBIO LÓPEZ
TITO SOLER SÁEZ
TITO VARGAS PEÑA
TITO VÁZQUEZ GARRIDO
TITO VIDAL VARGAS
TOBÍAS AGUILAR TORRES
TOBÍAS ÁLVAREZ FERNÁNDEZ
TOBÍAS CARRASCO ARIAS
TOBÍAS GARRIDO MEDINA
TOBÍAS GONZÁLEZ CANO
TOBÍAS SANTANA MORA
TOBÍAS SANTOS BLANCO
TOBÍAS SOLER CARMONA
TOBÍAS VARGAS DÍAZ
TOBÍAS VÁZQUEZ MARTÍNEZ
TOMAS AGUILAR PÉREZ
TOMÁS ALONSO MÁRQUEZ
TOMAS CAMPOS SÁNCHEZ
TOMAS DELGADO RUBIO
TOMAS GIL PEÑA
TOMÁS GIMÉNEZ ORTEGA
TOMÁS LORENZO MORA
TOMÁS MONTORO BLESA
TOMAS MOYA RUBIO
TOMÁS ORTEGA LÓPEZ
TOMAS PRIETO PRIETO
TOMAS ROMERO FUENTES
TOMÁS SANTIAGO ARIAS
TOMÁS SANTIAGO VARGAS
TOMAS SANTOS FERNÁNDEZ
TOMÁS SOLER FERNÁNDEZ
TOMÁS SUÁREZ MORA
TOMAS VICENTE SOLER
TORIBIO BLESA GARRIDO
TORIBIO CABRERA RUBIO
TORIBIO CORTÉS DELGADO
TORIBIO DÍAZ BRAVO
TORIBIO GALLEGO FERRER
TORIBIO HIDALGO MONTORO
TORIBIO SERRANO MORA
TRINIDAD CARRASCO SÁNCHEZ
TRINIDAD CRESPO ROMÁN
TRINIDAD GARRIDO CARRASCO
TRINIDAD GÓMEZ PASCUAL
TRINIDAD HIDALGO CRESPO
TRINIDAD IBÁÑEZ ÁLVAREZ
TRINIDAD LEÓN ALONSO
TRINIDAD ORTEGA IBÁÑEZ
TRINIDAD RUBIO REYES
UBALDO CASTILLO CAMPOS
UBALDO GUTIÉRREZ GUERRERO
UBALDO MARTÍNEZ ALONSO
UBALDO MÉNDEZ RAMOS
UBALDO ROMERO MARÍN
URBANO CRUZ RUIZ
URBANO GALLEGO LOZANO
URBANO MARTÍNEZ SOLER
URBANO MOYA MARÍN
URBANO ORTIZ CALVO
URBANO PASCUAL ROMÁN
URBANO SANZ MORA
ÚRSULA BRAVO ALONSO
ÚRSULA ESTEBAN CABALLERO
ÚRSULA IGLESIAS CAMPOS
ÚRSULA LÓPEZ NAVARRO
ÚRSULA ORTIZ CABALLERO
ÚRSULA PASTOR MORENO
ÚRSULA REYES MUÑOZ
VALENTÍN AGUILAR SANTIAGO
VALENTÍN ARIAS HERRERO
VALENTÍN DOMÍNGUEZ LÓPEZ
VALENTÍN GALLEGO CRESPO
VALENTÍN MARTÍNEZ LEÓN
VALENTÍN PARRA ROMÁN
VALENTÍN PÉREZ PASCUAL
VALENTÍN REYES DÍAZ
VALENTÍN SUÁREZ CABRERA
VALENTÍN SUÁREZ GIL
VALERIANO ALONSO VIDAL
VALERIANO GUERRERO RUIZ
VALERIANO HERNÁNDEZ TORRES
VALERIANO HERRERA VEGA
VALERIANO LÓPEZ VEGA
VALERIANO PRIETO NIETO
VALERIANO REYES LORENZO
VANESA BRAVO NAVARRO
VANESA CABRERA GONZÁLEZ
VANESA CASTILLO PRIETO
VANESA HIDALGO TORRES
VANESA IGLESIAS MORA
VANESA RUBIO PASCUAL
VELERIO ALONSO MONTORO
VELERIO BRAVO CRUZ
VELERIO BRAVO RUBIO
VELERIO CANO MEDINA
VELERIO HIDALGO PASTOR
VELERIO LOZANO CARRASCO
VELERIO PASCUAL LOZANO
VELERIO PEÑA AGUILAR
VELERIO REY VICENTE
VELERIO SANTANA VÁZQUEZ
VENANCIO ALONSO RODRÍGUEZ
VENANCIO BLESA FUENTES
VENANCIO CRUZ GIL
VENANCIO FLORES LOZANO
VENANCIO GUTIÉRREZ VICENTE
VENANCIO LEÓN SANTOS
VERÓNICA BLANCO NIETO
VERÓNICA GALLEGO LOZANO
VERÓNICA HIDALGO FERRER
VERÓNICA RAMOS FERNÁNDEZ
VERÓNICA SANTIAGO IBÁÑEZ
VICENTA BENÍTEZ ARIAS
VICENTA CALVO ORTIZ
VICENTA CARRASCO ALONSO
VICENTA CRESPO ARIAS
VICENTA CRESPO GALLARDO
VICENTA GARCÍA ARIAS
VICENTA GIMÉNEZ MORALES
VICENTA HERRERO JIMÉNEZ
VICENTA MARTÍN SUÁREZ
VICENTA MOYA GARRIDO
VICENTA PARRA MORA
VICENTA PASCUAL ARIAS
VICENTA PASCUAL MORA
VICENTA RUBIO RODRÍGUEZ
VICENTA SANTANA CASTRO
VICENTE CASTRO MÁRQUEZ
VICENTE LOZANO SÁNCHEZ
VICENTE SANTOS VEGA
VICENTE VELASCO CANO
VÍCTOR DÍAZ ESTEBAN
VÍCTOR FUENTES BRAVO
VÍCTOR GARCÍA MONTORO
VÍCTOR GARCÍA VICENTE
VÍCTOR MÉNDEZ GIMÉNEZ
VÍCTOR REY CAMPOS
VÍCTOR RUBIO MONTERO
VÍCTOR VÁZQUEZ MUÑOZ
VICTORIA ARIAS BENÍTEZ
VICTORIA BLESA GIL
VICTORIA CASTRO VICENTE
VICTORIA DELGADO MOLINA
VICTORIA DOMÍNGUEZ VARGAS
VICTORIA MARTÍNEZ FUENTES
VICTORIA MOYA MARÍN
VICTORIA SÁNCHEZ GARCÍA
VICTORIA SANTIAGO HERRERA
VICTORINO BLESA REY
VICTORINO CARRASCO FERNÁNDEZ
VICTORINO CASTRO SOLER
VICTORINO CRESPO PASCUAL
VICTORINO DURÁN GUERRERO
VICTORINO MARTÍNEZ GONZÁLEZ
VICTORINO MORA FERRER
VICTORINO PASTOR GARCÍA
VICTORINO RAMOS DÍAZ
VICTORIO ALONSO GIL
VICTORIO CABRERA MORA
VICTORIO CASTILLO RUBIO
VICTORIO DÍEZ CAMPOS
VICTORIO DÍEZ VIDAL
VICTORIO GÓMEZ ORTEGA
VICTORIO GONZÁLEZ CASTILLO
VICTORIO GUERRERO VARGAS
VICTORIO LEÓN CARRASCO
VICTORIO ORTIZ MONTERO
VICTORIO SUÁREZ IBÁÑEZ
VICTORIO VELASCO CAMPOS
VICTORIO VELASCO ROMERO
VIDAL CORTÉS FUENTES
VIDAL DELGADO RUIZ
VIDAL DÍAZ GUERRERO
VIDAL FERNÁNDEZ MORALES
VIDAL MARTÍN FERRER
VIDAL MONTERO CASTRO
VIDAL PARRA GALLARDO
VIDAL RAMOS CRUZ
VIDAL RODRÍGUEZ DURÁN
VIDAL TORRES BRAVO
VIRGILIO FUENTES GARCÍA
VIRGILIO HERRERA SOTO
VIRGILIO RAMÍREZ MONTORO
VIRGILIO REYES GIL
VIRGILIO REYES SOLER
VIRGILIO RUBIO BLANCO
VIRGILIO RUIZ VEGA
VIRGILIO SANTANA ORTIZ
VIRGILIO VELASCO MUÑOZ
VIRGINIA BLESA ROMERO
VIRGINIA CANO AGUILAR
VIRGINIA DURÁN NAVARRO
VIRGINIA HERNÁNDEZ VELASCO
VIRGINIA MORA MOLINA
VIRGINIA ORTEGA VELASCO
VIRGINIA RAMÍREZ HERNÁNDEZ
VIRGINIA RODRÍGUEZ GUTIÉRREZ
VIRGINIA TORRES DÍEZ
VLADIMIRO DURÁN GÓMEZ
VLADIMIRO FERNÁNDEZ VICENTE
VLADIMIRO FLORES RODRÍGUEZ
VLADIMIRO RODRÍGUEZ SANTOS
VLADIMIRO ROMÁN CARMONA
WILFREDO BLANCO PEÑA
WILFREDO GIL CRESPO
WILFREDO LOZANO MUÑOZ
WILFREDO MOYA RAMOS
WILFREDO ORTIZ TORRES
WILFREDO REY LORENZO
WILFREDO RUBIO BLESA
WILFREDO VICENTE HIDALGO
XAVIER BENÍTEZ CANO
XAVIER CANO CALVO
XAVIER CASTRO SÁNCHEZ
XAVIER FERNÁNDEZ MÉNDEZ
XAVIER GONZÁLEZ MORALES
XAVIER LOZANO PÉREZ
XAVIER MARTÍN LÓPEZ
XAVIER ORTIZ DÍAZ
XAVIER RUBIO LÓPEZ
XAVIER SÁEZ CANO
XAVIER SOLER HERRERO
YOLANDA ÁLVAREZ SÁNCHEZ
YOLANDA CAMPOS HERRERA
YOLANDA CRUZ AGUILAR
YOLANDA GARCÍA CABRERA
YOLANDA HERNÁNDEZ VELASCO
YOLANDA IBÁÑEZ CASTILLO
YOLANDA LÓPEZ MONTERO
YOLANDA MARTÍNEZ HERRERA
YOLANDA MARTÍNEZ MÉNDEZ
YOLANDA RAMÍREZ PARRA
YOLANDA VARGAS FERNÁNDEZ
ZACARÍAS BLESA GARRIDO
ZACARÍAS FLORES MARTÍNEZ
ZACARÍAS MONTERO MONTERO
ZACARÍAS MONTORO PEÑA
ZACARÍAS NÚÑEZ MARTÍNEZ
ZACARÍAS RAMÍREZ GARCÍA
ZACARÍAS RAMÍREZ MÁRQUEZ
ZACARÍAS SANTIAGO RAMOS
ZACARÍAS VARGAS GUERRERO

(3757 rows affected)


Completion time: 2020-07-25T23:50:31.0879279-04:00
